Archive member included to satisfy reference by file (symbol)

i:/stm32/plugins/fr.ac6.mcu.externaltools.arm-none.win32_1.13.1.201701261202/tools/compiler/bin/../lib/gcc/arm-none-eabi/5.4.1/armv6-m\libgcc.a(_thumb1_case_uqi.o)
                              Drivers/STM32F0xx_HAL_Driver/Src/stm32f0xx_hal_dma.o (__gnu_thumb1_case_uqi)
i:/stm32/plugins/fr.ac6.mcu.externaltools.arm-none.win32_1.13.1.201701261202/tools/compiler/bin/../lib/gcc/arm-none-eabi/5.4.1/armv6-m\libgcc.a(_udivsi3.o)
                              Drivers/STM32F0xx_HAL_Driver/Src/stm32f0xx_hal.o (__aeabi_uidiv)
i:/stm32/plugins/fr.ac6.mcu.externaltools.arm-none.win32_1.13.1.201701261202/tools/compiler/bin/../lib/gcc/arm-none-eabi/5.4.1/armv6-m\libgcc.a(_dvmd_tls.o)
                              i:/stm32/plugins/fr.ac6.mcu.externaltools.arm-none.win32_1.13.1.201701261202/tools/compiler/bin/../lib/gcc/arm-none-eabi/5.4.1/armv6-m\libgcc.a(_udivsi3.o) (__aeabi_idiv0)
i:/stm32/plugins/fr.ac6.mcu.externaltools.arm-none.win32_1.13.1.201701261202/tools/compiler/bin/../lib/gcc/arm-none-eabi/5.4.1/armv6-m\libgcc.a(_lshrdi3.o)
                              Drivers/STM32F0xx_HAL_Driver/Src/stm32f0xx_hal_flash.o (__aeabi_llsr)
i:/stm32/plugins/fr.ac6.mcu.externaltools.arm-none.win32_1.13.1.201701261202/tools/compiler/bin/../lib/gcc/arm-none-eabi/5.4.1/../../../../arm-none-eabi/lib/armv6-m\libc_nano.a(lib_a-exit.o)
                              i:/stm32/plugins/fr.ac6.mcu.externaltools.arm-none.win32_1.13.1.201701261202/tools/compiler/bin/../lib/gcc/arm-none-eabi/5.4.1/../../../../arm-none-eabi/lib/armv6-m/crt0.o (exit)
i:/stm32/plugins/fr.ac6.mcu.externaltools.arm-none.win32_1.13.1.201701261202/tools/compiler/bin/../lib/gcc/arm-none-eabi/5.4.1/../../../../arm-none-eabi/lib/armv6-m\libc_nano.a(lib_a-impure.o)
                              i:/stm32/plugins/fr.ac6.mcu.externaltools.arm-none.win32_1.13.1.201701261202/tools/compiler/bin/../lib/gcc/arm-none-eabi/5.4.1/../../../../arm-none-eabi/lib/armv6-m\libc_nano.a(lib_a-exit.o) (_global_impure_ptr)
i:/stm32/plugins/fr.ac6.mcu.externaltools.arm-none.win32_1.13.1.201701261202/tools/compiler/bin/../lib/gcc/arm-none-eabi/5.4.1/../../../../arm-none-eabi/lib/armv6-m\libc_nano.a(lib_a-init.o)
                              i:/stm32/plugins/fr.ac6.mcu.externaltools.arm-none.win32_1.13.1.201701261202/tools/compiler/bin/../lib/gcc/arm-none-eabi/5.4.1/../../../../arm-none-eabi/lib/armv6-m/crt0.o (__libc_init_array)
i:/stm32/plugins/fr.ac6.mcu.externaltools.arm-none.win32_1.13.1.201701261202/tools/compiler/bin/../lib/gcc/arm-none-eabi/5.4.1/../../../../arm-none-eabi/lib/armv6-m\libc_nano.a(lib_a-memcpy-stub.o)
                              Drivers/STM32F0xx_HAL_Driver/Src/stm32f0xx_hal_rcc.o (memcpy)
i:/stm32/plugins/fr.ac6.mcu.externaltools.arm-none.win32_1.13.1.201701261202/tools/compiler/bin/../lib/gcc/arm-none-eabi/5.4.1/../../../../arm-none-eabi/lib/armv6-m\libc_nano.a(lib_a-memset.o)
                              i:/stm32/plugins/fr.ac6.mcu.externaltools.arm-none.win32_1.13.1.201701261202/tools/compiler/bin/../lib/gcc/arm-none-eabi/5.4.1/../../../../arm-none-eabi/lib/armv6-m/crt0.o (memset)
i:/stm32/plugins/fr.ac6.mcu.externaltools.arm-none.win32_1.13.1.201701261202/tools/compiler/bin/../lib/gcc/arm-none-eabi/5.4.1/../../../../arm-none-eabi/lib/armv6-m\libnosys.a(_exit.o)
                              i:/stm32/plugins/fr.ac6.mcu.externaltools.arm-none.win32_1.13.1.201701261202/tools/compiler/bin/../lib/gcc/arm-none-eabi/5.4.1/../../../../arm-none-eabi/lib/armv6-m\libc_nano.a(lib_a-exit.o) (_exit)

Allocating common symbols
Common symbol       size              file

hdac1               0x14              Src/led.o
uwTick              0x4               Drivers/STM32F0xx_HAL_Driver/Src/stm32f0xx_hal.o
xQueueRegistry      0x40              Middlewares/Third_Party/FreeRTOS/Source/queue.o
pFlash              0x20              Drivers/STM32F0xx_HAL_Driver/Src/stm32f0xx_hal_flash.o
ReactorTaskHandle   0x4               Src/main.o
queue_lightHandle   0x4               Src/main.o
hadc                0x4c              Src/ldr.o

Discarded input sections

 .text          0x00000000        0x0 i:/stm32/plugins/fr.ac6.mcu.externaltools.arm-none.win32_1.13.1.201701261202/tools/compiler/bin/../lib/gcc/arm-none-eabi/5.4.1/armv6-m/crti.o
 .data          0x00000000        0x0 i:/stm32/plugins/fr.ac6.mcu.externaltools.arm-none.win32_1.13.1.201701261202/tools/compiler/bin/../lib/gcc/arm-none-eabi/5.4.1/armv6-m/crti.o
 .bss           0x00000000        0x0 i:/stm32/plugins/fr.ac6.mcu.externaltools.arm-none.win32_1.13.1.201701261202/tools/compiler/bin/../lib/gcc/arm-none-eabi/5.4.1/armv6-m/crti.o
 .data          0x00000000        0x4 i:/stm32/plugins/fr.ac6.mcu.externaltools.arm-none.win32_1.13.1.201701261202/tools/compiler/bin/../lib/gcc/arm-none-eabi/5.4.1/armv6-m/crtbegin.o
[...]
Memory Configuration

Name             Origin             Length             Attributes
RAM              0x20000000         0x00002000         xrw
FLASH            0x08000000         0x00010000         xr
*default*        0x00000000         0xffffffff

Linker script and memory map

LOAD i:/stm32/plugins/fr.ac6.mcu.externaltools.arm-none.win32_1.13.1.201701261202/tools/compiler/bin/../lib/gcc/arm-none-eabi/5.4.1/armv6-m/crti.o
LOAD i:/stm32/plugins/fr.ac6.mcu.externaltools.arm-none.win32_1.13.1.201701261202/tools/compiler/bin/../lib/gcc/arm-none-eabi/5.4.1/armv6-m/crtbegin.o
LOAD i:/stm32/plugins/fr.ac6.mcu.externaltools.arm-none.win32_1.13.1.201701261202/tools/compiler/bin/../lib/gcc/arm-none-eabi/5.4.1/../../../../arm-none-eabi/lib/armv6-m/crt0.o
LOAD i:/stm32/plugins/fr.ac6.mcu.externaltools.arm-none.win32_1.13.1.201701261202/tools/compiler/bin/../lib/gcc/arm-none-eabi/5.4.1/../../../../arm-none-eabi/lib/armv6-m\libm.a
LOAD Drivers/STM32F0xx_HAL_Driver/Src/stm32f0xx_hal.o
LOAD Drivers/STM32F0xx_HAL_Driver/Src/stm32f0xx_hal_adc.o
LOAD Drivers/STM32F0xx_HAL_Driver/Src/stm32f0xx_hal_adc_ex.o
LOAD Drivers/STM32F0xx_HAL_Driver/Src/stm32f0xx_hal_cortex.o
LOAD Drivers/STM32F0xx_HAL_Driver/Src/stm32f0xx_hal_dac.o
LOAD Drivers/STM32F0xx_HAL_Driver/Src/stm32f0xx_hal_dac_ex.o
LOAD Drivers/STM32F0xx_HAL_Driver/Src/stm32f0xx_hal_dma.o
LOAD Drivers/STM32F0xx_HAL_Driver/Src/stm32f0xx_hal_flash.o
LOAD Drivers/STM32F0xx_HAL_Driver/Src/stm32f0xx_hal_flash_ex.o
LOAD Drivers/STM32F0xx_HAL_Driver/Src/stm32f0xx_hal_gpio.o
LOAD Drivers/STM32F0xx_HAL_Driver/Src/stm32f0xx_hal_i2c.o
LOAD Drivers/STM32F0xx_HAL_Driver/Src/stm32f0xx_hal_i2c_ex.o
LOAD Drivers/STM32F0xx_HAL_Driver/Src/stm32f0xx_hal_pwr.o
LOAD Drivers/STM32F0xx_HAL_Driver/Src/stm32f0xx_hal_pwr_ex.o
LOAD Drivers/STM32F0xx_HAL_Driver/Src/stm32f0xx_hal_rcc.o
LOAD Drivers/STM32F0xx_HAL_Driver/Src/stm32f0xx_hal_rcc_ex.o
LOAD Drivers/STM32F0xx_HAL_Driver/Src/stm32f0xx_hal_tim.o
LOAD Drivers/STM32F0xx_HAL_Driver/Src/stm32f0xx_hal_tim_ex.o
LOAD Middlewares/Third_Party/FreeRTOS/Source/CMSIS_RTOS/cmsis_os.o
LOAD Middlewares/Third_Party/FreeRTOS/Source/croutine.o
LOAD Middlewares/Third_Party/FreeRTOS/Source/event_groups.o
LOAD Middlewares/Third_Party/FreeRTOS/Source/list.o
LOAD Middlewares/Third_Party/FreeRTOS/Source/queue.o
LOAD Middlewares/Third_Party/FreeRTOS/Source/tasks.o
LOAD Middlewares/Third_Party/FreeRTOS/Source/timers.o
LOAD Middlewares/Third_Party/FreeRTOS/Source/portable/GCC/ARM_CM0/port.o
LOAD Middlewares/Third_Party/FreeRTOS/Source/portable/MemMang/heap_4.o
LOAD Src/freertos.o
LOAD Src/fsm.o
LOAD Src/ldr.o
LOAD Src/led.o
LOAD Src/main.o
LOAD Src/reactor.o
LOAD Src/stm32f0xx_hal_msp.o
LOAD Src/stm32f0xx_it.o
LOAD Src/system_stm32f0xx.o
LOAD startup/startup_stm32f051x8.o
START GROUP
LOAD i:/stm32/plugins/fr.ac6.mcu.externaltools.arm-none.win32_1.13.1.201701261202/tools/compiler/bin/../lib/gcc/arm-none-eabi/5.4.1/armv6-m\libgcc.a
LOAD i:/stm32/plugins/fr.ac6.mcu.externaltools.arm-none.win32_1.13.1.201701261202/tools/compiler/bin/../lib/gcc/arm-none-eabi/5.4.1/../../../../arm-none-eabi/lib/armv6-m\libc_nano.a
END GROUP
START GROUP
LOAD i:/stm32/plugins/fr.ac6.mcu.externaltools.arm-none.win32_1.13.1.201701261202/tools/compiler/bin/../lib/gcc/arm-none-eabi/5.4.1/armv6-m\libgcc.a
LOAD i:/stm32/plugins/fr.ac6.mcu.externaltools.arm-none.win32_1.13.1.201701261202/tools/compiler/bin/../lib/gcc/arm-none-eabi/5.4.1/../../../../arm-none-eabi/lib/armv6-m\libc_nano.a
LOAD i:/stm32/plugins/fr.ac6.mcu.externaltools.arm-none.win32_1.13.1.201701261202/tools/compiler/bin/../lib/gcc/arm-none-eabi/5.4.1/../../../../arm-none-eabi/lib/armv6-m\libnosys.a
END GROUP
START GROUP
LOAD i:/stm32/plugins/fr.ac6.mcu.externaltools.arm-none.win32_1.13.1.201701261202/tools/compiler/bin/../lib/gcc/arm-none-eabi/5.4.1/armv6-m\libgcc.a
LOAD i:/stm32/plugins/fr.ac6.mcu.externaltools.arm-none.win32_1.13.1.201701261202/tools/compiler/bin/../lib/gcc/arm-none-eabi/5.4.1/../../../../arm-none-eabi/lib/armv6-m\libc_nano.a
LOAD i:/stm32/plugins/fr.ac6.mcu.externaltools.arm-none.win32_1.13.1.201701261202/tools/compiler/bin/../lib/gcc/arm-none-eabi/5.4.1/../../../../arm-none-eabi/lib/armv6-m\libnosys.a
END GROUP
LOAD i:/stm32/plugins/fr.ac6.mcu.externaltools.arm-none.win32_1.13.1.201701261202/tools/compiler/bin/../lib/gcc/arm-none-eabi/5.4.1/armv6-m/crtend.o
LOAD i:/stm32/plugins/fr.ac6.mcu.externaltools.arm-none.win32_1.13.1.201701261202/tools/compiler/bin/../lib/gcc/arm-none-eabi/5.4.1/armv6-m/crtn.o
                0x20002000                _estack = 0x20002000
                0x00000200                _Min_Heap_Size = 0x200
                0x00000400                _Min_Stack_Size = 0x400

.isr_vector     0x08000000       0xc0
                0x08000000                . = ALIGN (0x4)
 *(.isr_vector)
 .isr_vector    0x08000000       0xc0 startup/startup_stm32f051x8.o
                0x08000000                g_pfnVectors
                0x080000c0                . = ALIGN (0x4)

.text           0x080000c0     0x27f8
                0x080000c0                . = ALIGN (0x4)
 *(.text)
 .text          0x080000c0       0x60 i:/stm32/plugins/fr.ac6.mcu.externaltools.arm-none.win32_1.13.1.201701261202/tools/compiler/bin/../lib/gcc/arm-none-eabi/5.4.1/armv6-m/crtbegin.o
 .text          0x08000120      0x114 i:/stm32/plugins/fr.ac6.mcu.externaltools.arm-none.win32_1.13.1.201701261202/tools/compiler/bin/../lib/gcc/arm-none-eabi/5.4.1/armv6-m\libgcc.a(_udivsi3.o)
                0x08000120                __aeabi_uidiv
                0x08000120                __udivsi3
                0x0800022c                __aeabi_uidivmod
 .text          0x08000234        0x4 i:/stm32/plugins/fr.ac6.mcu.externaltools.arm-none.win32_1.13.1.201701261202/tools/compiler/bin/../lib/gcc/arm-none-eabi/5.4.1/armv6-m\libgcc.a(_dvmd_tls.o)
                0x08000234                __aeabi_idiv0
                0x08000234                __aeabi_ldiv0
 *(.text*)
 .text.HAL_InitTick
                0x08000238       0x24 Drivers/STM32F0xx_HAL_Driver/Src/stm32f0xx_hal.o
                0x08000238                HAL_InitTick
 .text.HAL_Init
                0x0800025c       0x20 Drivers/STM32F0xx_HAL_Driver/Src/stm32f0xx_hal.o
                0x0800025c                HAL_Init
 .text.HAL_IncTick
                0x0800027c       0x10 Drivers/STM32F0xx_HAL_Driver/Src/stm32f0xx_hal.o
                0x0800027c                HAL_IncTick
 .text.HAL_GetTick
                0x0800028c        0xc Drivers/STM32F0xx_HAL_Driver/Src/stm32f0xx_hal.o
                0x0800028c                HAL_GetTick
 .text.ADC_Disable
                0x08000298       0x78 Drivers/STM32F0xx_HAL_Driver/Src/stm32f0xx_hal_adc.o
 .text.ADC_Enable
                0x08000310       0x9c Drivers/STM32F0xx_HAL_Driver/Src/stm32f0xx_hal_adc.o
 .text.ADC_ConversionStop
                0x080003ac       0x52 Drivers/STM32F0xx_HAL_Driver/Src/stm32f0xx_hal_adc.o
 *fill*         0x080003fe        0x2 
 .text.HAL_ADC_Init
                0x08000400      0x148 Drivers/STM32F0xx_HAL_Driver/Src/stm32f0xx_hal_adc.o
                0x08000400                HAL_ADC_Init
 .text.HAL_ADC_Start_IT
                0x08000548       0x74 Drivers/STM32F0xx_HAL_Driver/Src/stm32f0xx_hal_adc.o
                0x08000548                HAL_ADC_Start_IT
 .text.HAL_ADC_Stop_IT
                0x080005bc       0x48 Drivers/STM32F0xx_HAL_Driver/Src/stm32f0xx_hal_adc.o
                0x080005bc                HAL_ADC_Stop_IT
 .text.HAL_ADC_GetValue
                0x08000604        0x6 Drivers/STM32F0xx_HAL_Driver/Src/stm32f0xx_hal_adc.o
                0x08000604                HAL_ADC_GetValue
 .text.HAL_ADC_LevelOutOfWindowCallback
                0x0800060a        0x2 Drivers/STM32F0xx_HAL_Driver/Src/stm32f0xx_hal_adc.o
                0x0800060a                HAL_ADC_LevelOutOfWindowCallback
 .text.HAL_ADC_ErrorCallback
                0x0800060c        0x2 Drivers/STM32F0xx_HAL_Driver/Src/stm32f0xx_hal_adc.o
                0x0800060c                HAL_ADC_ErrorCallback
 *fill*         0x0800060e        0x2 
 .text.HAL_ADC_IRQHandler
                0x08000610       0xe0 Drivers/STM32F0xx_HAL_Driver/Src/stm32f0xx_hal_adc.o
                0x08000610                HAL_ADC_IRQHandler
 .text.HAL_ADC_ConfigChannel
                0x080006f0       0xfc Drivers/STM32F0xx_HAL_Driver/Src/stm32f0xx_hal_adc.o
                0x080006f0                HAL_ADC_ConfigChannel
 .text.HAL_NVIC_SetPriority
                0x080007ec       0x60 Drivers/STM32F0xx_HAL_Driver/Src/stm32f0xx_hal_cortex.o
                0x080007ec                HAL_NVIC_SetPriority
 .text.HAL_NVIC_EnableIRQ
                0x0800084c       0x14 Drivers/STM32F0xx_HAL_Driver/Src/stm32f0xx_hal_cortex.o
                0x0800084c                HAL_NVIC_EnableIRQ
 .text.HAL_SYSTICK_Config
                0x08000860       0x34 Drivers/STM32F0xx_HAL_Driver/Src/stm32f0xx_hal_cortex.o
                0x08000860                HAL_SYSTICK_Config
 .text.HAL_SYSTICK_CLKSourceConfig
                0x08000894       0x1c Drivers/STM32F0xx_HAL_Driver/Src/stm32f0xx_hal_cortex.o
                0x08000894                HAL_SYSTICK_CLKSourceConfig
 .text.HAL_DAC_Init
                0x080008b0       0x28 Drivers/STM32F0xx_HAL_Driver/Src/stm32f0xx_hal_dac.o
                0x080008b0                HAL_DAC_Init
 .text.HAL_DAC_SetValue
                0x080008d8       0x24 Drivers/STM32F0xx_HAL_Driver/Src/stm32f0xx_hal_dac.o
                0x080008d8                HAL_DAC_SetValue
 .text.HAL_DAC_ConfigChannel
                0x080008fc       0x30 Drivers/STM32F0xx_HAL_Driver/Src/stm32f0xx_hal_dac_ex.o
                0x080008fc                HAL_DAC_ConfigChannel
 .text.HAL_DAC_Start
                0x0800092c       0x3e Drivers/STM32F0xx_HAL_Driver/Src/stm32f0xx_hal_dac_ex.o
                0x0800092c                HAL_DAC_Start
 *fill*         0x0800096a        0x2 
 .text.HAL_GPIO_Init
                0x0800096c      0x15c Drivers/STM32F0xx_HAL_Driver/Src/stm32f0xx_hal_gpio.o
                0x0800096c                HAL_GPIO_Init
 .text.HAL_GPIO_WritePin
                0x08000ac8        0xc Drivers/STM32F0xx_HAL_Driver/Src/stm32f0xx_hal_gpio.o
                0x08000ac8                HAL_GPIO_WritePin
 .text.HAL_GPIO_EXTI_IRQHandler
                0x08000ad4       0x18 Drivers/STM32F0xx_HAL_Driver/Src/stm32f0xx_hal_gpio.o
                0x08000ad4                HAL_GPIO_EXTI_IRQHandler
 .text.HAL_PWR_EnterSLEEPMode
                0x08000aec       0x20 Drivers/STM32F0xx_HAL_Driver/Src/stm32f0xx_hal_pwr.o
                0x08000aec                HAL_PWR_EnterSLEEPMode
 .text.HAL_RCC_OscConfig
                0x08000b0c      0x3dc Drivers/STM32F0xx_HAL_Driver/Src/stm32f0xx_hal_rcc.o
                0x08000b0c                HAL_RCC_OscConfig
 .text.HAL_RCC_GetSysClockFreq
                0x08000ee8       0x64 Drivers/STM32F0xx_HAL_Driver/Src/stm32f0xx_hal_rcc.o
                0x08000ee8                HAL_RCC_GetSysClockFreq
 .text.HAL_RCC_ClockConfig
                0x08000f4c      0x12c Drivers/STM32F0xx_HAL_Driver/Src/stm32f0xx_hal_rcc.o
                0x08000f4c                HAL_RCC_ClockConfig
 .text.HAL_RCC_GetHCLKFreq
                0x08001078        0xc Drivers/STM32F0xx_HAL_Driver/Src/stm32f0xx_hal_rcc.o
                0x08001078                HAL_RCC_GetHCLKFreq
 .text.osKernelStart
                0x08001084        0xa Middlewares/Third_Party/FreeRTOS/Source/CMSIS_RTOS/cmsis_os.o
                0x08001084                osKernelStart
 .text.osThreadCreate
                0x0800108e       0x38 Middlewares/Third_Party/FreeRTOS/Source/CMSIS_RTOS/cmsis_os.o
                0x0800108e                osThreadCreate
 .text.osMessageCreate
                0x080010c6        0xe Middlewares/Third_Party/FreeRTOS/Source/CMSIS_RTOS/cmsis_os.o
                0x080010c6                osMessageCreate
 .text.osSystickHandler
                0x080010d4       0x10 Middlewares/Third_Party/FreeRTOS/Source/CMSIS_RTOS/cmsis_os.o
                0x080010d4                osSystickHandler
 .text.vListInitialise
                0x080010e4       0x16 Middlewares/Third_Party/FreeRTOS/Source/list.o
                0x080010e4                vListInitialise
 .text.vListInitialiseItem
                0x080010fa        0x6 Middlewares/Third_Party/FreeRTOS/Source/list.o
                0x080010fa                vListInitialiseItem
 .text.vListInsertEnd
                0x08001100       0x18 Middlewares/Third_Party/FreeRTOS/Source/list.o
                0x08001100                vListInsertEnd
 .text.vListInsert
                0x08001118       0x30 Middlewares/Third_Party/FreeRTOS/Source/list.o
                0x08001118                vListInsert
 .text.uxListRemove
                0x08001148       0x20 Middlewares/Third_Party/FreeRTOS/Source/list.o
                0x08001148                uxListRemove
 .text.unlikely.prvCopyDataToQueue
                0x08001168       0x72 Middlewares/Third_Party/FreeRTOS/Source/queue.o
 .text.unlikely.prvCopyDataFromQueue
                0x080011da       0x24 Middlewares/Third_Party/FreeRTOS/Source/queue.o
 .text.prvUnlockQueue
                0x080011fe       0x6a Middlewares/Third_Party/FreeRTOS/Source/queue.o
 .text.xQueueGenericReset
                0x08001268       0x66 Middlewares/Third_Party/FreeRTOS/Source/queue.o
                0x08001268                xQueueGenericReset
 .text.xQueueGenericCreate
                0x080012ce       0x50 Middlewares/Third_Party/FreeRTOS/Source/queue.o
                0x080012ce                xQueueGenericCreate
 .text.xQueueGenericSend
                0x0800131e      0x11c Middlewares/Third_Party/FreeRTOS/Source/queue.o
                0x0800131e                xQueueGenericSend
 .text.xQueueGenericReceive
                0x0800143a      0x140 Middlewares/Third_Party/FreeRTOS/Source/queue.o
                0x0800143a                xQueueGenericReceive
 *fill*         0x0800157a        0x2 
 .text.prvGetExpectedIdleTime
                0x0800157c       0x24 Middlewares/Third_Party/FreeRTOS/Source/tasks.o
 .text.prvResetNextTaskUnblockTime
                0x080015a0       0x20 Middlewares/Third_Party/FreeRTOS/Source/tasks.o
 .text.prvAddCurrentTaskToDelayedList
                0x080015c0       0x3c Middlewares/Third_Party/FreeRTOS/Source/tasks.o
 .text.xTaskGenericCreate.part.5
                0x080015fc      0x17c Middlewares/Third_Party/FreeRTOS/Source/tasks.o
 .text.xTaskGenericCreate
                0x08001778       0x28 Middlewares/Third_Party/FreeRTOS/Source/tasks.o
                0x08001778                xTaskGenericCreate
 .text.vTaskStartScheduler
                0x080017a0       0x4c Middlewares/Third_Party/FreeRTOS/Source/tasks.o
                0x080017a0                vTaskStartScheduler
 .text.vTaskSuspendAll
                0x080017ec       0x10 Middlewares/Third_Party/FreeRTOS/Source/tasks.o
                0x080017ec                vTaskSuspendAll
 .text.xTaskGetTickCount
                0x080017fc        0xc Middlewares/Third_Party/FreeRTOS/Source/tasks.o
                0x080017fc                xTaskGetTickCount
 .text.vTaskStepTick
                0x08001808       0x1c Middlewares/Third_Party/FreeRTOS/Source/tasks.o
                0x08001808                vTaskStepTick
 .text.xTaskIncrementTick
                0x08001824       0xe0 Middlewares/Third_Party/FreeRTOS/Source/tasks.o
                0x08001824                xTaskIncrementTick
 .text.xTaskResumeAll
                0x08001904       0xb0 Middlewares/Third_Party/FreeRTOS/Source/tasks.o
                0x08001904                xTaskResumeAll
 .text.vTaskDelay
                0x080019b4       0x48 Middlewares/Third_Party/FreeRTOS/Source/tasks.o
                0x080019b4                vTaskDelay
 .text.prvIdleTask
                0x080019fc       0x8c Middlewares/Third_Party/FreeRTOS/Source/tasks.o
 .text.vTaskSwitchContext
                0x08001a88       0x68 Middlewares/Third_Party/FreeRTOS/Source/tasks.o
                0x08001a88                vTaskSwitchContext
 .text.vTaskPlaceOnEventList
                0x08001af0       0x44 Middlewares/Third_Party/FreeRTOS/Source/tasks.o
                0x08001af0                vTaskPlaceOnEventList
 .text.xTaskRemoveFromEventList
                0x08001b34       0x6c Middlewares/Third_Party/FreeRTOS/Source/tasks.o
                0x08001b34                xTaskRemoveFromEventList
 .text.vTaskSetTimeOutState
                0x08001ba0       0x20 Middlewares/Third_Party/FreeRTOS/Source/tasks.o
                0x08001ba0                vTaskSetTimeOutState
 .text.xTaskCheckForTimeOut
                0x08001bc0       0x60 Middlewares/Third_Party/FreeRTOS/Source/tasks.o
                0x08001bc0                xTaskCheckForTimeOut
 .text.vTaskMissedYield
                0x08001c20        0xc Middlewares/Third_Party/FreeRTOS/Source/tasks.o
                0x08001c20                vTaskMissedYield
 .text.eTaskConfirmSleepModeStatus
                0x08001c2c       0x34 Middlewares/Third_Party/FreeRTOS/Source/tasks.o
                0x08001c2c                eTaskConfirmSleepModeStatus
 .text.xTaskGetSchedulerState
                0x08001c60       0x18 Middlewares/Third_Party/FreeRTOS/Source/tasks.o
                0x08001c60                xTaskGetSchedulerState
 .text.vTaskPriorityInherit
                0x08001c78       0x6c Middlewares/Third_Party/FreeRTOS/Source/tasks.o
                0x08001c78                vTaskPriorityInherit
 .text.xTaskPriorityDisinherit
                0x08001ce4       0x68 Middlewares/Third_Party/FreeRTOS/Source/tasks.o
                0x08001ce4                xTaskPriorityDisinherit
 .text.pvTaskIncrementMutexHeldCount
                0x08001d4c       0x18 Middlewares/Third_Party/FreeRTOS/Source/tasks.o
                0x08001d4c                pvTaskIncrementMutexHeldCount
 .text.prvTaskExitError
                0x08001d64       0x14 Middlewares/Third_Party/FreeRTOS/Source/portable/GCC/ARM_CM0/port.o
 .text.vPortStartFirstTask
                0x08001d78       0x20 Middlewares/Third_Party/FreeRTOS/Source/portable/GCC/ARM_CM0/port.o
 .text.pxPortInitialiseStack
                0x08001d98       0x20 Middlewares/Third_Party/FreeRTOS/Source/portable/GCC/ARM_CM0/port.o
                0x08001d98                pxPortInitialiseStack
 .text.SVC_Handler
                0x08001db8        0x2 Middlewares/Third_Party/FreeRTOS/Source/portable/GCC/ARM_CM0/port.o
                0x08001db8                SVC_Handler
 *fill*         0x08001dba        0x2 
 .text.xPortStartScheduler
                0x08001dbc       0x80 Middlewares/Third_Party/FreeRTOS/Source/portable/GCC/ARM_CM0/port.o
                0x08001dbc                xPortStartScheduler
 .text.vPortYield
                0x08001e3c       0x18 Middlewares/Third_Party/FreeRTOS/Source/portable/GCC/ARM_CM0/port.o
                0x08001e3c                vPortYield
 .text.vPortEnterCritical
                0x08001e54       0x18 Middlewares/Third_Party/FreeRTOS/Source/portable/GCC/ARM_CM0/port.o
                0x08001e54                vPortEnterCritical
 .text.vPortExitCritical
                0x08001e6c       0x1c Middlewares/Third_Party/FreeRTOS/Source/portable/GCC/ARM_CM0/port.o
                0x08001e6c                vPortExitCritical
 .text.ulSetInterruptMaskFromISR
                0x08001e88        0xa Middlewares/Third_Party/FreeRTOS/Source/portable/GCC/ARM_CM0/port.o
                0x08001e88                ulSetInterruptMaskFromISR
 .text.vClearInterruptMaskFromISR
                0x08001e92        0x6 Middlewares/Third_Party/FreeRTOS/Source/portable/GCC/ARM_CM0/port.o
                0x08001e92                vClearInterruptMaskFromISR
 .text.PendSV_Handler
                0x08001e98       0x44 Middlewares/Third_Party/FreeRTOS/Source/portable/GCC/ARM_CM0/port.o
                0x08001e98                PendSV_Handler
 .text.xPortSysTickHandler
                0x08001edc       0x24 Middlewares/Third_Party/FreeRTOS/Source/portable/GCC/ARM_CM0/port.o
                0x08001edc                xPortSysTickHandler
 .text.vPortSuppressTicksAndSleep
                0x08001f00      0x114 Middlewares/Third_Party/FreeRTOS/Source/portable/GCC/ARM_CM0/port.o
                0x08001f00                vPortSuppressTicksAndSleep
 .text.unlikely.prvInsertBlockIntoFreeList
                0x08002014       0x44 Middlewares/Third_Party/FreeRTOS/Source/portable/MemMang/heap_4.o
 .text.pvPortMalloc
                0x08002058       0xfc Middlewares/Third_Party/FreeRTOS/Source/portable/MemMang/heap_4.o
                0x08002058                pvPortMalloc
 .text.vPortFree
                0x08002154       0x44 Middlewares/Third_Party/FreeRTOS/Source/portable/MemMang/heap_4.o
                0x08002154                vPortFree
 .text.PreSleepProcessing
                0x08002198        0xc Src/freertos.o
                0x08002198                PreSleepProcessing
 .text.PostSleepProcessing
                0x080021a4        0x2 Src/freertos.o
                0x080021a4                PostSleepProcessing
 .text.fsm_new  0x080021a6        0xe Src/fsm.o
                0x080021a6                fsm_new
 .text.fsm_fire
                0x080021b4       0x32 Src/fsm.o
                0x080021b4                fsm_fire
 .text.LDR_INIT
                0x080021e6        0x8 Src/ldr.o
                0x080021e6                LDR_INIT
 *fill*         0x080021ee        0x2 
 .text.LDR_START
                0x080021f0       0x10 Src/ldr.o
                0x080021f0                LDR_START
 .text.LDR_STOP
                0x08002200       0x10 Src/ldr.o
                0x08002200                LDR_STOP
 .text.LDR_GET  0x08002210       0x10 Src/ldr.o
                0x08002210                LDR_GET
 .text.HAL_ADC_ConvCpltCallback
                0x08002220        0xc Src/ldr.o
                0x08002220                HAL_ADC_ConvCpltCallback
 .text.LED_INIT
                0x0800222c        0x8 Src/led.o
                0x0800222c                LED_INIT
 .text.LED_START
                0x08002234       0x24 Src/led.o
                0x08002234                LED_START
 .text.LED_SET  0x08002258       0x14 Src/led.o
                0x08002258                LED_SET
 .text.new_value
                0x0800226c        0xc Src/main.o
 .text.button_pressed
                0x08002278        0xc Src/main.o
 .text.button_no_pressed
                0x08002284       0x10 Src/main.o
 .text.DACwrite
                0x08002294       0x16 Src/main.o
                0x08002294                DACwrite
 .text.LDRread  0x080022aa       0x16 Src/main.o
                0x080022aa                LDRread
 .text.reactorTask
                0x080022c0       0x54 Src/main.o
                0x080022c0                reactorTask
 .text.read_value
                0x08002314       0x28 Src/main.o
 .text.fixed_light
                0x0800233c       0x1c Src/main.o
 .text.adjust_light
                0x08002358       0x58 Src/main.o
 .text.variable_light
                0x080023b0       0x1c Src/main.o
 .text.SystemClock_Config
                0x080023cc       0x6e Src/main.o
                0x080023cc                SystemClock_Config
 *fill*         0x0800243a        0x2 
 .text.startup.main
                0x0800243c       0xd4 Src/main.o
                0x0800243c                main
 .text.MX_ADC_Init
                0x08002510       0x60 Src/main.o
                0x08002510                MX_ADC_Init
 .text.MX_DAC1_Init
                0x08002570       0x30 Src/main.o
                0x08002570                MX_DAC1_Init
 .text.HAL_GPIO_EXTI_Callback
                0x080025a0       0x10 Src/main.o
                0x080025a0                HAL_GPIO_EXTI_Callback
 .text.tickval_add
                0x080025b0        0x6 Src/reactor.o
                0x080025b0                tickval_add
 .text.event_handler_init
                0x080025b6       0x16 Src/reactor.o
                0x080025b6                event_handler_init
 .text.event_handler_run
                0x080025cc        0x8 Src/reactor.o
                0x080025cc                event_handler_run
 .text.reactor_init
                0x080025d4        0xc Src/reactor.o
                0x080025d4                reactor_init
 .text.reactor_add_handler
                0x080025e0       0x14 Src/reactor.o
                0x080025e0                reactor_add_handler
 .text.reactor_handle_events
                0x080025f4       0x8c Src/reactor.o
                0x080025f4                reactor_handle_events
 .text.HAL_MspInit
                0x08002680       0x40 Src/stm32f0xx_hal_msp.o
                0x08002680                HAL_MspInit
 .text.HAL_ADC_MspInit
                0x080026c0       0x54 Src/stm32f0xx_hal_msp.o
                0x080026c0                HAL_ADC_MspInit
 .text.HAL_DAC_MspInit
                0x08002714       0x40 Src/stm32f0xx_hal_msp.o
                0x08002714                HAL_DAC_MspInit
 .text.SysTick_Handler
                0x08002754        0xc Src/stm32f0xx_it.o
                0x08002754                SysTick_Handler
 .text.EXTI0_1_IRQHandler
                0x08002760        0xa Src/stm32f0xx_it.o
                0x08002760                EXTI0_1_IRQHandler
 *fill*         0x0800276a        0x2 
 .text.ADC1_COMP_IRQHandler
                0x0800276c       0x10 Src/stm32f0xx_it.o
                0x0800276c                ADC1_COMP_IRQHandler
 .text.SystemInit
                0x0800277c       0x60 Src/system_stm32f0xx.o
                0x0800277c                SystemInit
 .text.Reset_Handler
                0x080027dc       0x50 startup/startup_stm32f051x8.o
                0x080027dc                Reset_Handler
 .text.Default_Handler
                0x0800282c        0x2 startup/startup_stm32f051x8.o
                0x0800282c                TIM1_CC_IRQHandler
                0x0800282c                TSC_IRQHandler
                0x0800282c                HardFault_Handler
                0x0800282c                PVD_IRQHandler
                0x0800282c                NMI_Handler
                0x0800282c                I2C1_IRQHandler
                0x0800282c                RCC_CRS_IRQHandler
                0x0800282c                SPI1_IRQHandler
                0x0800282c                TIM6_DAC_IRQHandler
                0x0800282c                EXTI2_3_IRQHandler
                0x0800282c                I2C2_IRQHandler
                0x0800282c                TIM17_IRQHandler
                0x0800282c                CEC_CAN_IRQHandler
                0x0800282c                RTC_IRQHandler
                0x0800282c                TIM16_IRQHandler
                0x0800282c                TIM3_IRQHandler
                0x0800282c                EXTI4_15_IRQHandler
                0x0800282c                DMA1_Channel1_IRQHandler
                0x0800282c                Default_Handler
                0x0800282c                TIM14_IRQHandler
                0x0800282c                DMA1_Channel4_5_IRQHandler
                0x0800282c                TIM15_IRQHandler
                0x0800282c                SPI2_IRQHandler
                0x0800282c                WWDG_IRQHandler
                0x0800282c                TIM2_IRQHandler
                0x0800282c                DMA1_Channel2_3_IRQHandler
                0x0800282c                USART2_IRQHandler
                0x0800282c                FLASH_IRQHandler
                0x0800282c                USART1_IRQHandler
                0x0800282c                TIM1_BRK_UP_TRG_COM_IRQHandler
 *fill*         0x0800282e        0x2 
 .text.__libc_init_array
                0x08002830       0x4c i:/stm32/plugins/fr.ac6.mcu.externaltools.arm-none.win32_1.13.1.201701261202/tools/compiler/bin/../lib/gcc/arm-none-eabi/5.4.1/../../../../arm-none-eabi/lib/armv6-m\libc_nano.a(lib_a-init.o)
                0x08002830                __libc_init_array
 .text.memcpy   0x0800287c       0x12 i:/stm32/plugins/fr.ac6.mcu.externaltools.arm-none.win32_1.13.1.201701261202/tools/compiler/bin/../lib/gcc/arm-none-eabi/5.4.1/../../../../arm-none-eabi/lib/armv6-m\libc_nano.a(lib_a-memcpy-stub.o)
                0x0800287c                memcpy
 .text.memset   0x0800288e       0x10 i:/stm32/plugins/fr.ac6.mcu.externaltools.arm-none.win32_1.13.1.201701261202/tools/compiler/bin/../lib/gcc/arm-none-eabi/5.4.1/../../../../arm-none-eabi/lib/armv6-m\libc_nano.a(lib_a-memset.o)
                0x0800288e                memset
 *(.glue_7)
 .glue_7        0x0800289e        0x0 linker stubs
 *(.glue_7t)
 .glue_7t       0x0800289e        0x0 linker stubs
 *(.eh_frame)
 *fill*         0x0800289e        0x2 
 .eh_frame      0x080028a0        0x0 i:/stm32/plugins/fr.ac6.mcu.externaltools.arm-none.win32_1.13.1.201701261202/tools/compiler/bin/../lib/gcc/arm-none-eabi/5.4.1/armv6-m/crtbegin.o
 *(.init)
 .init          0x080028a0        0x4 i:/stm32/plugins/fr.ac6.mcu.externaltools.arm-none.win32_1.13.1.201701261202/tools/compiler/bin/../lib/gcc/arm-none-eabi/5.4.1/armv6-m/crti.o
                0x080028a0                _init
 .init          0x080028a4        0x8 i:/stm32/plugins/fr.ac6.mcu.externaltools.arm-none.win32_1.13.1.201701261202/tools/compiler/bin/../lib/gcc/arm-none-eabi/5.4.1/armv6-m/crtn.o
 *(.fini)
 .fini          0x080028ac        0x4 i:/stm32/plugins/fr.ac6.mcu.externaltools.arm-none.win32_1.13.1.201701261202/tools/compiler/bin/../lib/gcc/arm-none-eabi/5.4.1/armv6-m/crti.o
                0x080028ac                _fini
 .fini          0x080028b0        0x8 i:/stm32/plugins/fr.ac6.mcu.externaltools.arm-none.win32_1.13.1.201701261202/tools/compiler/bin/../lib/gcc/arm-none-eabi/5.4.1/armv6-m/crtn.o
                0x080028b8                . = ALIGN (0x4)
                0x080028b8                _etext = .

.vfp11_veneer   0x080028b8        0x0
 .vfp11_veneer  0x080028b8        0x0 linker stubs

.v4_bx          0x080028b8        0x0
 .v4_bx         0x080028b8        0x0 linker stubs

.iplt           0x080028b8        0x0
 .iplt          0x080028b8        0x0 i:/stm32/plugins/fr.ac6.mcu.externaltools.arm-none.win32_1.13.1.201701261202/tools/compiler/bin/../lib/gcc/arm-none-eabi/5.4.1/armv6-m/crtbegin.o

.rodata         0x080028b8       0x64
                0x080028b8                . = ALIGN (0x4)
 *(.rodata)
 .rodata        0x080028b8       0x20 Drivers/STM32F0xx_HAL_Driver/Src/stm32f0xx_hal_rcc.o
 .rodata        0x080028d8       0x1c Src/main.o
 .rodata        0x080028f4       0x18 Src/system_stm32f0xx.o
                0x080028f4                AHBPrescTable
                0x08002904                APBPrescTable
 *(.rodata*)
 .rodata.str1.1
                0x0800290c        0x5 Middlewares/Third_Party/FreeRTOS/Source/tasks.o
 .rodata.str1.1
                0x08002911        0x8 Src/main.o
                0x0800291c                . = ALIGN (0x4)
 *fill*         0x08002919        0x3 

.rel.dyn        0x0800291c        0x0
 .rel.iplt      0x0800291c        0x0 i:/stm32/plugins/fr.ac6.mcu.externaltools.arm-none.win32_1.13.1.201701261202/tools/compiler/bin/../lib/gcc/arm-none-eabi/5.4.1/armv6-m/crtbegin.o

.ARM.extab
 *(.ARM.extab* .gnu.linkonce.armextab.*)

.ARM            0x0800291c        0x0
                0x0800291c                __exidx_start = .
 *(.ARM.exidx*)
                0x0800291c                __exidx_end = .

.preinit_array  0x0800291c        0x0
                0x0800291c                PROVIDE (__preinit_array_start, .)
 *(.preinit_array*)
                0x0800291c                PROVIDE (__preinit_array_end, .)

.init_array     0x0800291c        0x4
                0x0800291c                PROVIDE (__init_array_start, .)
 *(SORT(.init_array.*))
 *(.init_array*)
 .init_array    0x0800291c        0x4 i:/stm32/plugins/fr.ac6.mcu.externaltools.arm-none.win32_1.13.1.201701261202/tools/compiler/bin/../lib/gcc/arm-none-eabi/5.4.1/armv6-m/crtbegin.o
                0x08002920                PROVIDE (__init_array_end, .)

.fini_array     0x08002920        0x4
                [!provide]                PROVIDE (__fini_array_start, .)
 *(SORT(.fini_array.*))
 *(.fini_array*)
 .fini_array    0x08002920        0x4 i:/stm32/plugins/fr.ac6.mcu.externaltools.arm-none.win32_1.13.1.201701261202/tools/compiler/bin/../lib/gcc/arm-none-eabi/5.4.1/armv6-m/crtbegin.o
                [!provide]                PROVIDE (__fini_array_end, .)
                0x08002924                _sidata = LOADADDR (.data)

.data           0x20000000       0x68 load address 0x08002924
                0x20000000                . = ALIGN (0x4)
                0x20000000                _sdata = .
 *(.data)
 .data          0x20000000        0x4 Middlewares/Third_Party/FreeRTOS/Source/portable/GCC/ARM_CM0/port.o
 .data          0x20000004       0x60 Src/main.o
 .data          0x20000064        0x4 Src/system_stm32f0xx.o
                0x20000064                SystemCoreClock
 *(.data*)
                0x20000068                . = ALIGN (0x4)
                0x20000068                _edata = .

.jcr            0x20000068        0x0 load address 0x0800298c
 .jcr           0x20000068        0x0 i:/stm32/plugins/fr.ac6.mcu.externaltools.arm-none.win32_1.13.1.201701261202/tools/compiler/bin/../lib/gcc/arm-none-eabi/5.4.1/armv6-m/crtbegin.o

.igot.plt       0x20000068        0x0 load address 0x0800298c
 .igot.plt      0x20000068        0x0 i:/stm32/plugins/fr.ac6.mcu.externaltools.arm-none.win32_1.13.1.201701261202/tools/compiler/bin/../lib/gcc/arm-none-eabi/5.4.1/armv6-m/crtbegin.o
                0x20000068                . = ALIGN (0x4)

.bss            0x20000068      0xe0c load address 0x0800298c
                0x20000068                _sbss = .
                0x20000068                __bss_start__ = _sbss
 *(.bss)
 .bss           0x20000068       0x1c i:/stm32/plugins/fr.ac6.mcu.externaltools.arm-none.win32_1.13.1.201701261202/tools/compiler/bin/../lib/gcc/arm-none-eabi/5.4.1/armv6-m/crtbegin.o
 .bss           0x20000084      0x128 Middlewares/Third_Party/FreeRTOS/Source/tasks.o
                0x200000ac                pxCurrentTCB
 .bss           0x200001ac        0xc Middlewares/Third_Party/FreeRTOS/Source/portable/GCC/ARM_CM0/port.o
 .bss           0x200001b8      0xc18 Middlewares/Third_Party/FreeRTOS/Source/portable/MemMang/heap_4.o
 .bss           0x20000dd0        0x8 Src/main.o
                0x20000dd0                flag_ADC
                0x20000dd4                flag_button
 .bss           0x20000dd8       0x30 Src/reactor.o
 *(.bss*)
 *(COMMON)
 COMMON         0x20000e08        0x4 Drivers/STM32F0xx_HAL_Driver/Src/stm32f0xx_hal.o
                0x20000e08                uwTick
 COMMON         0x20000e0c       0x4c Src/ldr.o
                0x20000e0c                hadc
 COMMON         0x20000e58       0x14 Src/led.o
                0x20000e58                hdac1
 COMMON         0x20000e6c        0x8 Src/main.o
                0x20000e6c                ReactorTaskHandle
                0x20000e70                queue_lightHandle
                0x20000e74                . = ALIGN (0x4)
                0x20000e74                _ebss = .
                0x20000e74                __bss_end__ = _ebss

._user_heap_stack
                0x20000e74      0x604 load address 0x0800298c
                0x20000e78                . = ALIGN (0x8)
 *fill*         0x20000e74        0x4 
                [!provide]                PROVIDE (end, .)
                [!provide]                PROVIDE (_end, .)
                0x20001078                . = (. + _Min_Heap_Size)
 *fill*         0x20000e78      0x200 
                0x20001478                . = (. + _Min_Stack_Size)
 *fill*         0x20001078      0x400 
                0x20001478                . = ALIGN (0x8)

/DISCARD/
 libc.a(*)
 libm.a(*)
 libgcc.a(*)

.ARM.attributes
                0x00000000       0x28
 *(.ARM.attributes)
 .ARM.attributes
                0x00000000       0x1e i:/stm32/plugins/fr.ac6.mcu.externaltools.arm-none.win32_1.13.1.201701261202/tools/compiler/bin/../lib/gcc/arm-none-eabi/5.4.1/armv6-m/crti.o
 .ARM.attributes
                0x0000001e       0x2c i:/stm32/plugins/fr.ac6.mcu.externaltools.arm-none.win32_1.13.1.201701261202/tools/compiler/bin/../lib/gcc/arm-none-eabi/5.4.1/armv6-m/crtbegin.o
 .ARM.attributes
                0x0000004a       0x31 Drivers/STM32F0xx_HAL_Driver/Src/stm32f0xx_hal.o
 .ARM.attributes
                0x0000007b       0x31 Drivers/STM32F0xx_HAL_Driver/Src/stm32f0xx_hal_adc.o
 .ARM.attributes
                0x000000ac       0x31 Drivers/STM32F0xx_HAL_Driver/Src/stm32f0xx_hal_cortex.o
 .ARM.attributes
                0x000000dd       0x31 Drivers/STM32F0xx_HAL_Driver/Src/stm32f0xx_hal_dac.o
 .ARM.attributes
                0x0000010e       0x31 Drivers/STM32F0xx_HAL_Driver/Src/stm32f0xx_hal_dac_ex.o
 .ARM.attributes
                0x0000013f       0x31 Drivers/STM32F0xx_HAL_Driver/Src/stm32f0xx_hal_gpio.o
 .ARM.attributes
                0x00000170       0x31 Drivers/STM32F0xx_HAL_Driver/Src/stm32f0xx_hal_pwr.o
 .ARM.attributes
                0x000001a1       0x31 Drivers/STM32F0xx_HAL_Driver/Src/stm32f0xx_hal_rcc.o
 .ARM.attributes
                0x000001d2       0x31 Middlewares/Third_Party/FreeRTOS/Source/CMSIS_RTOS/cmsis_os.o
 .ARM.attributes
                0x00000203       0x31 Middlewares/Third_Party/FreeRTOS/Source/list.o
 .ARM.attributes
                0x00000234       0x31 Middlewares/Third_Party/FreeRTOS/Source/queue.o
 .ARM.attributes
                0x00000265       0x31 Middlewares/Third_Party/FreeRTOS/Source/tasks.o
 .ARM.attributes
                0x00000296       0x31 Middlewares/Third_Party/FreeRTOS/Source/portable/GCC/ARM_CM0/port.o
 .ARM.attributes
                0x000002c7       0x31 Middlewares/Third_Party/FreeRTOS/Source/portable/MemMang/heap_4.o
 .ARM.attributes
                0x000002f8       0x31 Src/freertos.o
 .ARM.attributes
                0x00000329       0x31 Src/fsm.o
 .ARM.attributes
                0x0000035a       0x31 Src/ldr.o
 .ARM.attributes
                0x0000038b       0x31 Src/led.o
 .ARM.attributes
                0x000003bc       0x31 Src/main.o
 .ARM.attributes
                0x000003ed       0x31 Src/reactor.o
 .ARM.attributes
                0x0000041e       0x31 Src/stm32f0xx_hal_msp.o
 .ARM.attributes
                0x0000044f       0x31 Src/stm32f0xx_it.o
 .ARM.attributes
                0x00000480       0x31 Src/system_stm32f0xx.o
 .ARM.attributes
                0x000004b1       0x21 startup/startup_stm32f051x8.o
 .ARM.attributes
                0x000004d2       0x1e i:/stm32/plugins/fr.ac6.mcu.externaltools.arm-none.win32_1.13.1.201701261202/tools/compiler/bin/../lib/gcc/arm-none-eabi/5.4.1/armv6-m\libgcc.a(_udivsi3.o)
 .ARM.attributes
                0x000004f0       0x1e i:/stm32/plugins/fr.ac6.mcu.externaltools.arm-none.win32_1.13.1.201701261202/tools/compiler/bin/../lib/gcc/arm-none-eabi/5.4.1/armv6-m\libgcc.a(_dvmd_tls.o)
 .ARM.attributes
                0x0000050e       0x2c i:/stm32/plugins/fr.ac6.mcu.externaltools.arm-none.win32_1.13.1.201701261202/tools/compiler/bin/../lib/gcc/arm-none-eabi/5.4.1/../../../../arm-none-eabi/lib/armv6-m\libc_nano.a(lib_a-init.o)
 .ARM.attributes
                0x0000053a       0x2c i:/stm32/plugins/fr.ac6.mcu.externaltools.arm-none.win32_1.13.1.201701261202/tools/compiler/bin/../lib/gcc/arm-none-eabi/5.4.1/../../../../arm-none-eabi/lib/armv6-m\libc_nano.a(lib_a-memcpy-stub.o)
 .ARM.attributes
                0x00000566       0x2c i:/stm32/plugins/fr.ac6.mcu.externaltools.arm-none.win32_1.13.1.201701261202/tools/compiler/bin/../lib/gcc/arm-none-eabi/5.4.1/../../../../arm-none-eabi/lib/armv6-m\libc_nano.a(lib_a-memset.o)
 .ARM.attributes
                0x00000592       0x1e i:/stm32/plugins/fr.ac6.mcu.externaltools.arm-none.win32_1.13.1.201701261202/tools/compiler/bin/../lib/gcc/arm-none-eabi/5.4.1/armv6-m/crtn.o
OUTPUT(Ejercicio4ReactorSTide.elf elf32-littlearm)

.debug_info     0x00000000     0xd3b7
 .debug_info    0x00000000      0x5a2 Drivers/STM32F0xx_HAL_Driver/Src/stm32f0xx_hal.o
 .debug_info    0x000005a2      0xd85 Drivers/STM32F0xx_HAL_Driver/Src/stm32f0xx_hal_adc.o
 .debug_info    0x00001327      0x7b1 Drivers/STM32F0xx_HAL_Driver/Src/stm32f0xx_hal_cortex.o
 .debug_info    0x00001ad8      0x758 Drivers/STM32F0xx_HAL_Driver/Src/stm32f0xx_hal_dac.o
 .debug_info    0x00002230      0x7c4 Drivers/STM32F0xx_HAL_Driver/Src/stm32f0xx_hal_dac_ex.o
 .debug_info    0x000029f4      0x5ea Drivers/STM32F0xx_HAL_Driver/Src/stm32f0xx_hal_gpio.o
 .debug_info    0x00002fde      0x458 Drivers/STM32F0xx_HAL_Driver/Src/stm32f0xx_hal_pwr.o
 .debug_info    0x00003436      0x99e Drivers/STM32F0xx_HAL_Driver/Src/stm32f0xx_hal_rcc.o
 .debug_info    0x00003dd4     0x1b00 Middlewares/Third_Party/FreeRTOS/Source/CMSIS_RTOS/cmsis_os.o
 .debug_info    0x000058d4      0x2a5 Middlewares/Third_Party/FreeRTOS/Source/list.o
 .debug_info    0x00005b79     0x11af Middlewares/Third_Party/FreeRTOS/Source/queue.o
 .debug_info    0x00006d28     0x22df Middlewares/Third_Party/FreeRTOS/Source/tasks.o
 .debug_info    0x00009007      0x419 Middlewares/Third_Party/FreeRTOS/Source/portable/GCC/ARM_CM0/port.o
 .debug_info    0x00009420      0x391 Middlewares/Third_Party/FreeRTOS/Source/portable/MemMang/heap_4.o
 .debug_info    0x000097b1      0x11e Src/freertos.o
 .debug_info    0x000098cf      0x25b Src/fsm.o
 .debug_info    0x00009b2a      0x5a8 Src/ldr.o
 .debug_info    0x0000a0d2      0x4bf Src/led.o
 .debug_info    0x0000a591     0x159f Src/main.o
 .debug_info    0x0000bb30      0x5d0 Src/reactor.o
 .debug_info    0x0000c100      0xaad Src/stm32f0xx_hal_msp.o
 .debug_info    0x0000cbad      0x540 Src/stm32f0xx_it.o
 .debug_info    0x0000d0ed      0x24b Src/system_stm32f0xx.o
 .debug_info    0x0000d338       0x7f startup/startup_stm32f051x8.o

.debug_abbrev   0x00000000     0x2dc9
 .debug_abbrev  0x00000000      0x209 Drivers/STM32F0xx_HAL_Driver/Src/stm32f0xx_hal.o
 .debug_abbrev  0x00000209      0x2df Drivers/STM32F0xx_HAL_Driver/Src/stm32f0xx_hal_adc.o
 .debug_abbrev  0x000004e8      0x276 Drivers/STM32F0xx_HAL_Driver/Src/stm32f0xx_hal_cortex.o
 .debug_abbrev  0x0000075e      0x1c1 Drivers/STM32F0xx_HAL_Driver/Src/stm32f0xx_hal_dac.o
 .debug_abbrev  0x0000091f      0x210 Drivers/STM32F0xx_HAL_Driver/Src/stm32f0xx_hal_dac_ex.o
 .debug_abbrev  0x00000b2f      0x1e1 Drivers/STM32F0xx_HAL_Driver/Src/stm32f0xx_hal_gpio.o
 .debug_abbrev  0x00000d10      0x150 Drivers/STM32F0xx_HAL_Driver/Src/stm32f0xx_hal_pwr.o
 .debug_abbrev  0x00000e60      0x254 Drivers/STM32F0xx_HAL_Driver/Src/stm32f0xx_hal_rcc.o
 .debug_abbrev  0x000010b4      0x33e Middlewares/Third_Party/FreeRTOS/Source/CMSIS_RTOS/cmsis_os.o
 .debug_abbrev  0x000013f2       0xdf Middlewares/Third_Party/FreeRTOS/Source/list.o
 .debug_abbrev  0x000014d1      0x231 Middlewares/Third_Party/FreeRTOS/Source/queue.o
 .debug_abbrev  0x00001702      0x336 Middlewares/Third_Party/FreeRTOS/Source/tasks.o
 .debug_abbrev  0x00001a38      0x24e Middlewares/Third_Party/FreeRTOS/Source/portable/GCC/ARM_CM0/port.o
 .debug_abbrev  0x00001c86      0x1ef Middlewares/Third_Party/FreeRTOS/Source/portable/MemMang/heap_4.o
 .debug_abbrev  0x00001e75       0xa3 Src/freertos.o
 .debug_abbrev  0x00001f18      0x1b3 Src/fsm.o
 .debug_abbrev  0x000020cb      0x1bc Src/ldr.o
 .debug_abbrev  0x00002287      0x1a0 Src/led.o
 .debug_abbrev  0x00002427      0x342 Src/main.o
 .debug_abbrev  0x00002769      0x273 Src/reactor.o
 .debug_abbrev  0x000029dc      0x18d Src/stm32f0xx_hal_msp.o
 .debug_abbrev  0x00002b69      0x15b Src/stm32f0xx_it.o
 .debug_abbrev  0x00002cc4       0xf3 Src/system_stm32f0xx.o
 .debug_abbrev  0x00002db7       0x12 startup/startup_stm32f051x8.o

.debug_loc      0x00000000     0x59f7
 .debug_loc     0x00000000       0x6a Drivers/STM32F0xx_HAL_Driver/Src/stm32f0xx_hal.o
 .debug_loc     0x0000006a      0x9dc Drivers/STM32F0xx_HAL_Driver/Src/stm32f0xx_hal_adc.o
 .debug_loc     0x00000a46      0x3da Drivers/STM32F0xx_HAL_Driver/Src/stm32f0xx_hal_cortex.o
 .debug_loc     0x00000e20      0x233 Drivers/STM32F0xx_HAL_Driver/Src/stm32f0xx_hal_dac.o
 .debug_loc     0x00001053      0x3f3 Drivers/STM32F0xx_HAL_Driver/Src/stm32f0xx_hal_dac_ex.o
 .debug_loc     0x00001446      0x2a6 Drivers/STM32F0xx_HAL_Driver/Src/stm32f0xx_hal_gpio.o
 .debug_loc     0x000016ec       0xc9 Drivers/STM32F0xx_HAL_Driver/Src/stm32f0xx_hal_pwr.o
 .debug_loc     0x000017b5      0x455 Drivers/STM32F0xx_HAL_Driver/Src/stm32f0xx_hal_rcc.o
 .debug_loc     0x00001c0a      0xeda Middlewares/Third_Party/FreeRTOS/Source/CMSIS_RTOS/cmsis_os.o
 .debug_loc     0x00002ae4       0x89 Middlewares/Third_Party/FreeRTOS/Source/list.o
 .debug_loc     0x00002b6d      0xda2 Middlewares/Third_Party/FreeRTOS/Source/queue.o
 .debug_loc     0x0000390f     0x1608 Middlewares/Third_Party/FreeRTOS/Source/tasks.o
 .debug_loc     0x00004f17      0x186 Middlewares/Third_Party/FreeRTOS/Source/portable/GCC/ARM_CM0/port.o
 .debug_loc     0x0000509d      0x2da Middlewares/Third_Party/FreeRTOS/Source/portable/MemMang/heap_4.o
 .debug_loc     0x00005377       0x21 Src/freertos.o
 .debug_loc     0x00005398       0x8f Src/fsm.o
 .debug_loc     0x00005427       0x2c Src/led.o
 .debug_loc     0x00005453      0x19c Src/main.o
 .debug_loc     0x000055ef      0x27d Src/reactor.o
 .debug_loc     0x0000586c       0x84 Src/stm32f0xx_hal_msp.o
 .debug_loc     0x000058f0      0x107 Src/system_stm32f0xx.o

.debug_aranges  0x00000000      0xb90
 .debug_aranges
                0x00000000       0x98 Drivers/STM32F0xx_HAL_Driver/Src/stm32f0xx_hal.o
 .debug_aranges
                0x00000098       0xd0 Drivers/STM32F0xx_HAL_Driver/Src/stm32f0xx_hal_adc.o
 .debug_aranges
                0x00000168       0x78 Drivers/STM32F0xx_HAL_Driver/Src/stm32f0xx_hal_cortex.o
 .debug_aranges
                0x000001e0       0x78 Drivers/STM32F0xx_HAL_Driver/Src/stm32f0xx_hal_dac.o
 .debug_aranges
                0x00000258       0x68 Drivers/STM32F0xx_HAL_Driver/Src/stm32f0xx_hal_dac_ex.o
 .debug_aranges
                0x000002c0       0x58 Drivers/STM32F0xx_HAL_Driver/Src/stm32f0xx_hal_gpio.o
 .debug_aranges
                0x00000318       0x78 Drivers/STM32F0xx_HAL_Driver/Src/stm32f0xx_hal_pwr.o
 .debug_aranges
                0x00000390       0x80 Drivers/STM32F0xx_HAL_Driver/Src/stm32f0xx_hal_rcc.o
 .debug_aranges
                0x00000410      0x180 Middlewares/Third_Party/FreeRTOS/Source/CMSIS_RTOS/cmsis_os.o
 .debug_aranges
                0x00000590       0x40 Middlewares/Third_Party/FreeRTOS/Source/list.o
 .debug_aranges
                0x000005d0       0xd0 Middlewares/Third_Party/FreeRTOS/Source/queue.o
 .debug_aranges
                0x000006a0      0x1a0 Middlewares/Third_Party/FreeRTOS/Source/tasks.o
 .debug_aranges
                0x00000840       0x88 Middlewares/Third_Party/FreeRTOS/Source/portable/GCC/ARM_CM0/port.o
 .debug_aranges
                0x000008c8       0x48 Middlewares/Third_Party/FreeRTOS/Source/portable/MemMang/heap_4.o
 .debug_aranges
                0x00000910       0x28 Src/freertos.o
 .debug_aranges
                0x00000938       0x30 Src/fsm.o
 .debug_aranges
                0x00000968       0x40 Src/ldr.o
 .debug_aranges
                0x000009a8       0x30 Src/led.o
 .debug_aranges
                0x000009d8       0x98 Src/main.o
 .debug_aranges
                0x00000a70       0x60 Src/reactor.o
 .debug_aranges
                0x00000ad0       0x40 Src/stm32f0xx_hal_msp.o
 .debug_aranges
                0x00000b10       0x30 Src/stm32f0xx_it.o
 .debug_aranges
                0x00000b40       0x28 Src/system_stm32f0xx.o
 .debug_aranges
                0x00000b68       0x28 startup/startup_stm32f051x8.o

.debug_ranges   0x00000000      0xca8
 .debug_ranges  0x00000000       0x88 Drivers/STM32F0xx_HAL_Driver/Src/stm32f0xx_hal.o
 .debug_ranges  0x00000088       0xc0 Drivers/STM32F0xx_HAL_Driver/Src/stm32f0xx_hal_adc.o
 .debug_ranges  0x00000148       0xe8 Drivers/STM32F0xx_HAL_Driver/Src/stm32f0xx_hal_cortex.o
 .debug_ranges  0x00000230       0x68 Drivers/STM32F0xx_HAL_Driver/Src/stm32f0xx_hal_dac.o
 .debug_ranges  0x00000298       0x58 Drivers/STM32F0xx_HAL_Driver/Src/stm32f0xx_hal_dac_ex.o
 .debug_ranges  0x000002f0       0x68 Drivers/STM32F0xx_HAL_Driver/Src/stm32f0xx_hal_gpio.o
 .debug_ranges  0x00000358       0x68 Drivers/STM32F0xx_HAL_Driver/Src/stm32f0xx_hal_pwr.o
 .debug_ranges  0x000003c0       0xb0 Drivers/STM32F0xx_HAL_Driver/Src/stm32f0xx_hal_rcc.o
 .debug_ranges  0x00000470      0x170 Middlewares/Third_Party/FreeRTOS/Source/CMSIS_RTOS/cmsis_os.o
 .debug_ranges  0x000005e0       0x30 Middlewares/Third_Party/FreeRTOS/Source/list.o
 .debug_ranges  0x00000610       0xc0 Middlewares/Third_Party/FreeRTOS/Source/queue.o
 .debug_ranges  0x000006d0      0x250 Middlewares/Third_Party/FreeRTOS/Source/tasks.o
 .debug_ranges  0x00000920       0x90 Middlewares/Third_Party/FreeRTOS/Source/portable/GCC/ARM_CM0/port.o
 .debug_ranges  0x000009b0       0x38 Middlewares/Third_Party/FreeRTOS/Source/portable/MemMang/heap_4.o
 .debug_ranges  0x000009e8       0x18 Src/freertos.o
 .debug_ranges  0x00000a00       0x20 Src/fsm.o
 .debug_ranges  0x00000a20       0x30 Src/ldr.o
 .debug_ranges  0x00000a50       0x20 Src/led.o
 .debug_ranges  0x00000a70       0xc8 Src/main.o
 .debug_ranges  0x00000b38       0x68 Src/reactor.o
 .debug_ranges  0x00000ba0       0xb0 Src/stm32f0xx_hal_msp.o
 .debug_ranges  0x00000c50       0x20 Src/stm32f0xx_it.o
 .debug_ranges  0x00000c70       0x18 Src/system_stm32f0xx.o
 .debug_ranges  0x00000c88       0x20 startup/startup_stm32f051x8.o

.debug_macro    0x00000000    0x14ac4
 .debug_macro   0x00000000      0x32b Drivers/STM32F0xx_HAL_Driver/Src/stm32f0xx_hal.o
 .debug_macro   0x0000032b      0x838 Drivers/STM32F0xx_HAL_Driver/Src/stm32f0xx_hal.o
 .debug_macro   0x00000b63       0x64 Drivers/STM32F0xx_HAL_Driver/Src/stm32f0xx_hal.o
 .debug_macro   0x00000bc7       0xa4 Drivers/STM32F0xx_HAL_Driver/Src/stm32f0xx_hal.o
 .debug_macro   0x00000c6b       0x2e Drivers/STM32F0xx_HAL_Driver/Src/stm32f0xx_hal.o
 .debug_macro   0x00000c99       0x22 Drivers/STM32F0xx_HAL_Driver/Src/stm32f0xx_hal.o
 .debug_macro   0x00000cbb       0x22 Drivers/STM32F0xx_HAL_Driver/Src/stm32f0xx_hal.o
 .debug_macro   0x00000cdd       0x87 Drivers/STM32F0xx_HAL_Driver/Src/stm32f0xx_hal.o
 .debug_macro   0x00000d64       0x44 Drivers/STM32F0xx_HAL_Driver/Src/stm32f0xx_hal.o
 .debug_macro   0x00000da8       0xfd Drivers/STM32F0xx_HAL_Driver/Src/stm32f0xx_hal.o
 .debug_macro   0x00000ea5       0x5e Drivers/STM32F0xx_HAL_Driver/Src/stm32f0xx_hal.o
 .debug_macro   0x00000f03      0x1df Drivers/STM32F0xx_HAL_Driver/Src/stm32f0xx_hal.o
 .debug_macro   0x000010e2       0x34 Drivers/STM32F0xx_HAL_Driver/Src/stm32f0xx_hal.o
 .debug_macro   0x00001116       0x26 Drivers/STM32F0xx_HAL_Driver/Src/stm32f0xx_hal.o
 .debug_macro   0x0000113c      0x30d Drivers/STM32F0xx_HAL_Driver/Src/stm32f0xx_hal.o
 .debug_macro   0x00001449     0x8ba9 Drivers/STM32F0xx_HAL_Driver/Src/stm32f0xx_hal.o
 .debug_macro   0x00009ff2       0x3c Drivers/STM32F0xx_HAL_Driver/Src/stm32f0xx_hal.o
 .debug_macro   0x0000a02e     0x3408 Drivers/STM32F0xx_HAL_Driver/Src/stm32f0xx_hal.o
 .debug_macro   0x0000d436       0x52 Drivers/STM32F0xx_HAL_Driver/Src/stm32f0xx_hal.o
 .debug_macro   0x0000d488       0x35 Drivers/STM32F0xx_HAL_Driver/Src/stm32f0xx_hal.o
 .debug_macro   0x0000d4bd       0x9c Drivers/STM32F0xx_HAL_Driver/Src/stm32f0xx_hal.o
 .debug_macro   0x0000d559       0x16 Drivers/STM32F0xx_HAL_Driver/Src/stm32f0xx_hal.o
 .debug_macro   0x0000d56f       0x97 Drivers/STM32F0xx_HAL_Driver/Src/stm32f0xx_hal.o
 .debug_macro   0x0000d606      0x30d Drivers/STM32F0xx_HAL_Driver/Src/stm32f0xx_hal.o
 .debug_macro   0x0000d913       0xfd Drivers/STM32F0xx_HAL_Driver/Src/stm32f0xx_hal.o
 .debug_macro   0x0000da10       0x10 Drivers/STM32F0xx_HAL_Driver/Src/stm32f0xx_hal.o
 .debug_macro   0x0000da20       0x52 Drivers/STM32F0xx_HAL_Driver/Src/stm32f0xx_hal.o
 .debug_macro   0x0000da72       0x1f Drivers/STM32F0xx_HAL_Driver/Src/stm32f0xx_hal.o
 .debug_macro   0x0000da91       0x43 Drivers/STM32F0xx_HAL_Driver/Src/stm32f0xx_hal.o
 .debug_macro   0x0000dad4       0x20 Drivers/STM32F0xx_HAL_Driver/Src/stm32f0xx_hal.o
 .debug_macro   0x0000daf4      0x187 Drivers/STM32F0xx_HAL_Driver/Src/stm32f0xx_hal.o
 .debug_macro   0x0000dc7b       0x10 Drivers/STM32F0xx_HAL_Driver/Src/stm32f0xx_hal.o
 .debug_macro   0x0000dc8b       0x1c Drivers/STM32F0xx_HAL_Driver/Src/stm32f0xx_hal.o
 .debug_macro   0x0000dca7       0x52 Drivers/STM32F0xx_HAL_Driver/Src/stm32f0xx_hal.o
 .debug_macro   0x0000dcf9       0x40 Drivers/STM32F0xx_HAL_Driver/Src/stm32f0xx_hal.o
 .debug_macro   0x0000dd39       0x10 Drivers/STM32F0xx_HAL_Driver/Src/stm32f0xx_hal.o
 .debug_macro   0x0000dd49       0x40 Drivers/STM32F0xx_HAL_Driver/Src/stm32f0xx_hal.o
 .debug_macro   0x0000dd89       0xd7 Drivers/STM32F0xx_HAL_Driver/Src/stm32f0xx_hal.o
 .debug_macro   0x0000de60       0x16 Drivers/STM32F0xx_HAL_Driver/Src/stm32f0xx_hal.o
 .debug_macro   0x0000de76      0x18b Drivers/STM32F0xx_HAL_Driver/Src/stm32f0xx_hal.o
 .debug_macro   0x0000e001       0x49 Drivers/STM32F0xx_HAL_Driver/Src/stm32f0xx_hal.o
 .debug_macro   0x0000e04a      0x931 Drivers/STM32F0xx_HAL_Driver/Src/stm32f0xx_hal.o
 .debug_macro   0x0000e97b      0x252 Drivers/STM32F0xx_HAL_Driver/Src/stm32f0xx_hal.o
 .debug_macro   0x0000ebcd      0x13a Drivers/STM32F0xx_HAL_Driver/Src/stm32f0xx_hal.o
 .debug_macro   0x0000ed07      0x114 Drivers/STM32F0xx_HAL_Driver/Src/stm32f0xx_hal.o
 .debug_macro   0x0000ee1b      0x1ed Drivers/STM32F0xx_HAL_Driver/Src/stm32f0xx_hal.o
 .debug_macro   0x0000f008       0x34 Drivers/STM32F0xx_HAL_Driver/Src/stm32f0xx_hal.o
 .debug_macro   0x0000f03c       0x43 Drivers/STM32F0xx_HAL_Driver/Src/stm32f0xx_hal.o
 .debug_macro   0x0000f07f       0x29 Drivers/STM32F0xx_HAL_Driver/Src/stm32f0xx_hal.o
 .debug_macro   0x0000f0a8      0x344 Drivers/STM32F0xx_HAL_Driver/Src/stm32f0xx_hal.o
 .debug_macro   0x0000f3ec       0xd6 Drivers/STM32F0xx_HAL_Driver/Src/stm32f0xx_hal.o
 .debug_macro   0x0000f4c2       0xcb Drivers/STM32F0xx_HAL_Driver/Src/stm32f0xx_hal.o
 .debug_macro   0x0000f58d       0xd9 Drivers/STM32F0xx_HAL_Driver/Src/stm32f0xx_hal.o
 .debug_macro   0x0000f666       0xb6 Drivers/STM32F0xx_HAL_Driver/Src/stm32f0xx_hal.o
 .debug_macro   0x0000f71c      0x199 Drivers/STM32F0xx_HAL_Driver/Src/stm32f0xx_hal.o
 .debug_macro   0x0000f8b5      0x202 Drivers/STM32F0xx_HAL_Driver/Src/stm32f0xx_hal.o
 .debug_macro   0x0000fab7       0x61 Drivers/STM32F0xx_HAL_Driver/Src/stm32f0xx_hal.o
 .debug_macro   0x0000fb18       0x90 Drivers/STM32F0xx_HAL_Driver/Src/stm32f0xx_hal.o
 .debug_macro   0x0000fba8       0x4d Drivers/STM32F0xx_HAL_Driver/Src/stm32f0xx_hal.o
 .debug_macro   0x0000fbf5      0x114 Drivers/STM32F0xx_HAL_Driver/Src/stm32f0xx_hal.o
 .debug_macro   0x0000fd09      0x10d Drivers/STM32F0xx_HAL_Driver/Src/stm32f0xx_hal.o
 .debug_macro   0x0000fe16      0x32b Drivers/STM32F0xx_HAL_Driver/Src/stm32f0xx_hal_adc.o
 .debug_macro   0x00010141      0x307 Drivers/STM32F0xx_HAL_Driver/Src/stm32f0xx_hal_cortex.o
 .debug_macro   0x00010448      0x308 Drivers/STM32F0xx_HAL_Driver/Src/stm32f0xx_hal_dac.o
 .debug_macro   0x00010750      0x307 Drivers/STM32F0xx_HAL_Driver/Src/stm32f0xx_hal_dac_ex.o
 .debug_macro   0x00010a57      0x340 Drivers/STM32F0xx_HAL_Driver/Src/stm32f0xx_hal_gpio.o
 .debug_macro   0x00010d97      0x307 Drivers/STM32F0xx_HAL_Driver/Src/stm32f0xx_hal_pwr.o
 .debug_macro   0x0001109e      0x319 Drivers/STM32F0xx_HAL_Driver/Src/stm32f0xx_hal_rcc.o
 .debug_macro   0x000113b7      0x1f6 Middlewares/Third_Party/FreeRTOS/Source/CMSIS_RTOS/cmsis_os.o
 .debug_macro   0x000115ad       0x4c Middlewares/Third_Party/FreeRTOS/Source/CMSIS_RTOS/cmsis_os.o
 .debug_macro   0x000115f9       0x8d Middlewares/Third_Party/FreeRTOS/Source/CMSIS_RTOS/cmsis_os.o
 .debug_macro   0x00011686      0x174 Middlewares/Third_Party/FreeRTOS/Source/CMSIS_RTOS/cmsis_os.o
 .debug_macro   0x000117fa       0x4a Middlewares/Third_Party/FreeRTOS/Source/CMSIS_RTOS/cmsis_os.o
 .debug_macro   0x00011844       0x10 Middlewares/Third_Party/FreeRTOS/Source/CMSIS_RTOS/cmsis_os.o
 .debug_macro   0x00011854       0x35 Middlewares/Third_Party/FreeRTOS/Source/CMSIS_RTOS/cmsis_os.o
 .debug_macro   0x00011889       0x16 Middlewares/Third_Party/FreeRTOS/Source/CMSIS_RTOS/cmsis_os.o
 .debug_macro   0x0001189f       0xda Middlewares/Third_Party/FreeRTOS/Source/CMSIS_RTOS/cmsis_os.o
 .debug_macro   0x00011979      0x15d Middlewares/Third_Party/FreeRTOS/Source/CMSIS_RTOS/cmsis_os.o
 .debug_macro   0x00011ad6       0xb6 Middlewares/Third_Party/FreeRTOS/Source/CMSIS_RTOS/cmsis_os.o
 .debug_macro   0x00011b8c       0x10 Middlewares/Third_Party/FreeRTOS/Source/CMSIS_RTOS/cmsis_os.o
 .debug_macro   0x00011b9c       0x1f Middlewares/Third_Party/FreeRTOS/Source/CMSIS_RTOS/cmsis_os.o
 .debug_macro   0x00011bbb      0x3ed Middlewares/Third_Party/FreeRTOS/Source/CMSIS_RTOS/cmsis_os.o
 .debug_macro   0x00011fa8       0xc0 Middlewares/Third_Party/FreeRTOS/Source/CMSIS_RTOS/cmsis_os.o
 .debug_macro   0x00012068       0x9a Middlewares/Third_Party/FreeRTOS/Source/CMSIS_RTOS/cmsis_os.o
 .debug_macro   0x00012102       0x91 Middlewares/Third_Party/FreeRTOS/Source/CMSIS_RTOS/cmsis_os.o
 .debug_macro   0x00012193       0xb0 Middlewares/Third_Party/FreeRTOS/Source/CMSIS_RTOS/cmsis_os.o
 .debug_macro   0x00012243       0x7f Middlewares/Third_Party/FreeRTOS/Source/CMSIS_RTOS/cmsis_os.o
 .debug_macro   0x000122c2       0xcf Middlewares/Third_Party/FreeRTOS/Source/CMSIS_RTOS/cmsis_os.o
 .debug_macro   0x00012391      0x18b Middlewares/Third_Party/FreeRTOS/Source/list.o
 .debug_macro   0x0001251c      0x207 Middlewares/Third_Party/FreeRTOS/Source/queue.o
 .debug_macro   0x00012723       0x16 Middlewares/Third_Party/FreeRTOS/Source/queue.o
 .debug_macro   0x00012739      0x24a Middlewares/Third_Party/FreeRTOS/Source/tasks.o
 .debug_macro   0x00012983       0x11 Middlewares/Third_Party/FreeRTOS/Source/tasks.o
 .debug_macro   0x00012994      0x14c Middlewares/Third_Party/FreeRTOS/Source/portable/GCC/ARM_CM0/port.o
 .debug_macro   0x00012ae0      0x1b2 Middlewares/Third_Party/FreeRTOS/Source/portable/MemMang/heap_4.o
 .debug_macro   0x00012c92      0x36a Src/freertos.o
 .debug_macro   0x00012ffc       0xaa Src/freertos.o
 .debug_macro   0x000130a6       0x3a Src/freertos.o
 .debug_macro   0x000130e0      0x101 Src/fsm.o
 .debug_macro   0x000131e1      0x315 Src/ldr.o
 .debug_macro   0x000134f6      0x315 Src/led.o
 .debug_macro   0x0001380b      0x41f Src/main.o
 .debug_macro   0x00013c2a       0xe0 Src/main.o
 .debug_macro   0x00013d0a      0x3d8 Src/reactor.o
 .debug_macro   0x000140e2      0x307 Src/stm32f0xx_hal_msp.o
 .debug_macro   0x000143e9      0x3d4 Src/stm32f0xx_it.o
 .debug_macro   0x000147bd      0x307 Src/system_stm32f0xx.o

.debug_line     0x00000000     0xd07f
 .debug_line    0x00000000      0x902 Drivers/STM32F0xx_HAL_Driver/Src/stm32f0xx_hal.o
 .debug_line    0x00000902      0xd3f Drivers/STM32F0xx_HAL_Driver/Src/stm32f0xx_hal_adc.o
 .debug_line    0x00001641      0x951 Drivers/STM32F0xx_HAL_Driver/Src/stm32f0xx_hal_cortex.o
 .debug_line    0x00001f92      0x8d4 Drivers/STM32F0xx_HAL_Driver/Src/stm32f0xx_hal_dac.o
 .debug_line    0x00002866      0x98f Drivers/STM32F0xx_HAL_Driver/Src/stm32f0xx_hal_dac_ex.o
 .debug_line    0x000031f5      0x940 Drivers/STM32F0xx_HAL_Driver/Src/stm32f0xx_hal_gpio.o
 .debug_line    0x00003b35      0x8dd Drivers/STM32F0xx_HAL_Driver/Src/stm32f0xx_hal_pwr.o
 .debug_line    0x00004412      0xad8 Drivers/STM32F0xx_HAL_Driver/Src/stm32f0xx_hal_rcc.o
 .debug_line    0x00004eea      0xaff Middlewares/Third_Party/FreeRTOS/Source/CMSIS_RTOS/cmsis_os.o
 .debug_line    0x000059e9      0x56e Middlewares/Third_Party/FreeRTOS/Source/list.o
 .debug_line    0x00005f57      0x972 Middlewares/Third_Party/FreeRTOS/Source/queue.o
 .debug_line    0x000068c9      0xe72 Middlewares/Third_Party/FreeRTOS/Source/tasks.o
 .debug_line    0x0000773b      0x5e9 Middlewares/Third_Party/FreeRTOS/Source/portable/GCC/ARM_CM0/port.o
 .debug_line    0x00007d24      0x60e Middlewares/Third_Party/FreeRTOS/Source/portable/MemMang/heap_4.o
 .debug_line    0x00008332      0x91d Src/freertos.o
 .debug_line    0x00008c4f      0x367 Src/fsm.o
 .debug_line    0x00008fb6      0x7f1 Src/ldr.o
 .debug_line    0x000097a7      0x7d1 Src/led.o
 .debug_line    0x00009f78      0xbc8 Src/main.o
 .debug_line    0x0000ab40      0xa9b Src/reactor.o
 .debug_line    0x0000b5db      0x841 Src/stm32f0xx_hal_msp.o
 .debug_line    0x0000be1c      0x9f1 Src/stm32f0xx_it.o
 .debug_line    0x0000c80d      0x7ef Src/system_stm32f0xx.o
 .debug_line    0x0000cffc       0x83 startup/startup_stm32f051x8.o

.debug_str      0x00000000    0x6c7f6
 .debug_str     0x00000000    0x6328d Drivers/STM32F0xx_HAL_Driver/Src/stm32f0xx_hal.o
                              0x63657 (size before relaxing)
 .debug_str     0x0006328d      0x67d Drivers/STM32F0xx_HAL_Driver/Src/stm32f0xx_hal_adc.o
                              0x637f9 (size before relaxing)
 .debug_str     0x0006390a      0x1ab Drivers/STM32F0xx_HAL_Driver/Src/stm32f0xx_hal_cortex.o
                              0x6353d (size before relaxing)
 .debug_str     0x00063ab5      0x218 Drivers/STM32F0xx_HAL_Driver/Src/stm32f0xx_hal_dac.o
                              0x63525 (size before relaxing)
 .debug_str     0x00063ccd      0x133 Drivers/STM32F0xx_HAL_Driver/Src/stm32f0xx_hal_dac_ex.o
                              0x635af (size before relaxing)
 .debug_str     0x00063e00      0x28c Drivers/STM32F0xx_HAL_Driver/Src/stm32f0xx_hal_gpio.o
                              0x633fd (size before relaxing)
 .debug_str     0x0006408c      0x1a9 Drivers/STM32F0xx_HAL_Driver/Src/stm32f0xx_hal_pwr.o
                              0x632e8 (size before relaxing)
 .debug_str     0x00064235      0x33b Drivers/STM32F0xx_HAL_Driver/Src/stm32f0xx_hal_rcc.o
                              0x635ad (size before relaxing)
 .debug_str     0x00064570     0x5e0b Middlewares/Third_Party/FreeRTOS/Source/CMSIS_RTOS/cmsis_os.o
                               0xbd5c (size before relaxing)
 .debug_str     0x0006a37b      0x22a Middlewares/Third_Party/FreeRTOS/Source/list.o
                               0x8ccc (size before relaxing)
 .debug_str     0x0006a5a5      0x6f0 Middlewares/Third_Party/FreeRTOS/Source/queue.o
                               0xa672 (size before relaxing)
 .debug_str     0x0006ac95      0xf05 Middlewares/Third_Party/FreeRTOS/Source/tasks.o
                               0xaee1 (size before relaxing)
 .debug_str     0x0006bb9a      0x4ab Middlewares/Third_Party/FreeRTOS/Source/portable/GCC/ARM_CM0/port.o
                               0x720e (size before relaxing)
 .debug_str     0x0006c045      0x243 Middlewares/Third_Party/FreeRTOS/Source/portable/MemMang/heap_4.o
                               0x959f (size before relaxing)
 .debug_str     0x0006c288       0x25 Src/freertos.o
                              0x665ba (size before relaxing)
 .debug_str     0x0006c2ad       0x8d Src/fsm.o
                               0x5269 (size before relaxing)
 .debug_str     0x0006c33a       0x67 Src/ldr.o
                              0x6347b (size before relaxing)
 .debug_str     0x0006c3a1       0x43 Src/led.o
                              0x633d0 (size before relaxing)
 .debug_str     0x0006c3e4      0x28f Src/main.o
                              0x6932c (size before relaxing)
 .debug_str     0x0006c673       0x73 Src/reactor.o
                              0x68656 (size before relaxing)
 .debug_str     0x0006c6e6       0x6b Src/stm32f0xx_hal_msp.o
                              0x63803 (size before relaxing)
 .debug_str     0x0006c751       0x4b Src/stm32f0xx_it.o
                              0x68889 (size before relaxing)
 .debug_str     0x0006c79c       0x5a Src/system_stm32f0xx.o
                              0x63194 (size before relaxing)

.comment        0x00000000       0x6e
 .comment       0x00000000       0x6e Drivers/STM32F0xx_HAL_Driver/Src/stm32f0xx_hal.o
                                 0x6f (size before relaxing)
 .comment       0x0000006e       0x6f Drivers/STM32F0xx_HAL_Driver/Src/stm32f0xx_hal_adc.o
 .comment       0x0000006e       0x6f Drivers/STM32F0xx_HAL_Driver/Src/stm32f0xx_hal_cortex.o
 .comment       0x0000006e       0x6f Drivers/STM32F0xx_HAL_Driver/Src/stm32f0xx_hal_dac.o
 .comment       0x0000006e       0x6f Drivers/STM32F0xx_HAL_Driver/Src/stm32f0xx_hal_dac_ex.o
 .comment       0x0000006e       0x6f Drivers/STM32F0xx_HAL_Driver/Src/stm32f0xx_hal_gpio.o
 .comment       0x0000006e       0x6f Drivers/STM32F0xx_HAL_Driver/Src/stm32f0xx_hal_pwr.o
 .comment       0x0000006e       0x6f Drivers/STM32F0xx_HAL_Driver/Src/stm32f0xx_hal_rcc.o
 .comment       0x0000006e       0x6f Middlewares/Third_Party/FreeRTOS/Source/CMSIS_RTOS/cmsis_os.o
 .comment       0x0000006e       0x6f Middlewares/Third_Party/FreeRTOS/Source/list.o
 .comment       0x0000006e       0x6f Middlewares/Third_Party/FreeRTOS/Source/queue.o
 .comment       0x0000006e       0x6f Middlewares/Third_Party/FreeRTOS/Source/tasks.o
 .comment       0x0000006e       0x6f Middlewares/Third_Party/FreeRTOS/Source/portable/GCC/ARM_CM0/port.o
 .comment       0x0000006e       0x6f Middlewares/Third_Party/FreeRTOS/Source/portable/MemMang/heap_4.o
 .comment       0x0000006e       0x6f Src/freertos.o
 .comment       0x0000006e       0x6f Src/fsm.o
 .comment       0x0000006e       0x6f Src/ldr.o
 .comment       0x0000006e       0x6f Src/led.o
 .comment       0x0000006e       0x6f Src/main.o
 .comment       0x0000006e       0x6f Src/reactor.o
 .comment       0x0000006e       0x6f Src/stm32f0xx_hal_msp.o
 .comment       0x0000006e       0x6f Src/stm32f0xx_it.o
 .comment       0x0000006e       0x6f Src/system_stm32f0xx.o

.debug_frame    0x00000000     0x1dd0
 .debug_frame   0x00000000      0x144 Drivers/STM32F0xx_HAL_Driver/Src/stm32f0xx_hal.o
 .debug_frame   0x00000144      0x2d8 Drivers/STM32F0xx_HAL_Driver/Src/stm32f0xx_hal_adc.o
 .debug_frame   0x0000041c       0xe4 Drivers/STM32F0xx_HAL_Driver/Src/stm32f0xx_hal_cortex.o
 .debug_frame   0x00000500      0x160 Drivers/STM32F0xx_HAL_Driver/Src/stm32f0xx_hal_dac.o
 .debug_frame   0x00000660       0xfc Drivers/STM32F0xx_HAL_Driver/Src/stm32f0xx_hal_dac_ex.o
 .debug_frame   0x0000075c       0xc0 Drivers/STM32F0xx_HAL_Driver/Src/stm32f0xx_hal_gpio.o
 .debug_frame   0x0000081c       0xd8 Drivers/STM32F0xx_HAL_Driver/Src/stm32f0xx_hal_pwr.o
 .debug_frame   0x000008f4      0x12c Drivers/STM32F0xx_HAL_Driver/Src/stm32f0xx_hal_rcc.o
 .debug_frame   0x00000a20      0x4cc Middlewares/Third_Party/FreeRTOS/Source/CMSIS_RTOS/cmsis_os.o
 .debug_frame   0x00000eec       0x6c Middlewares/Third_Party/FreeRTOS/Source/list.o
 .debug_frame   0x00000f58      0x254 Middlewares/Third_Party/FreeRTOS/Source/queue.o
 .debug_frame   0x000011ac      0x4fc Middlewares/Third_Party/FreeRTOS/Source/tasks.o
 .debug_frame   0x000016a8      0x11c Middlewares/Third_Party/FreeRTOS/Source/portable/GCC/ARM_CM0/port.o
 .debug_frame   0x000017c4       0x9c Middlewares/Third_Party/FreeRTOS/Source/portable/MemMang/heap_4.o
 .debug_frame   0x00001860       0x38 Src/freertos.o
 .debug_frame   0x00001898       0x54 Src/fsm.o
 .debug_frame   0x000018ec       0x80 Src/ldr.o
 .debug_frame   0x0000196c       0x58 Src/led.o
 .debug_frame   0x000019c4      0x188 Src/main.o
 .debug_frame   0x00001b4c       0xc0 Src/reactor.o
 .debug_frame   0x00001c0c       0x9c Src/stm32f0xx_hal_msp.o
 .debug_frame   0x00001ca8       0x58 Src/stm32f0xx_it.o
 .debug_frame   0x00001d00       0x3c Src/system_stm32f0xx.o
 .debug_frame   0x00001d3c       0x20 i:/stm32/plugins/fr.ac6.mcu.externaltools.arm-none.win32_1.13.1.201701261202/tools/compiler/bin/../lib/gcc/arm-none-eabi/5.4.1/armv6-m\libgcc.a(_udivsi3.o)
 .debug_frame   0x00001d5c       0x2c i:/stm32/plugins/fr.ac6.mcu.externaltools.arm-none.win32_1.13.1.201701261202/tools/compiler/bin/../lib/gcc/arm-none-eabi/5.4.1/../../../../arm-none-eabi/lib/armv6-m\libc_nano.a(lib_a-init.o)
 .debug_frame   0x00001d88       0x28 i:/stm32/plugins/fr.ac6.mcu.externaltools.arm-none.win32_1.13.1.201701261202/tools/compiler/bin/../lib/gcc/arm-none-eabi/5.4.1/../../../../arm-none-eabi/lib/armv6-m\libc_nano.a(lib_a-memcpy-stub.o)
 .debug_frame   0x00001db0       0x20 i:/stm32/plugins/fr.ac6.mcu.externaltools.arm-none.win32_1.13.1.201701261202/tools/compiler/bin/../lib/gcc/arm-none-eabi/5.4.1/../../../../arm-none-eabi/lib/armv6-m\libc_nano.a(lib_a-memset.o)
