Archive member included to satisfy reference by file (symbol)

i:/stm32/plugins/fr.ac6.mcu.externaltools.arm-none.win32_1.13.1.201701261202/tools/compiler/bin/../lib/gcc/arm-none-eabi/5.4.1/armv6-m\libgcc.a(_thumb1_case_uqi.o)
                              Drivers/STM32F0xx_HAL_Driver/Src/stm32f0xx_hal_dma.o (__gnu_thumb1_case_uqi)
i:/stm32/plugins/fr.ac6.mcu.externaltools.arm-none.win32_1.13.1.201701261202/tools/compiler/bin/../lib/gcc/arm-none-eabi/5.4.1/armv6-m\libgcc.a(_udivsi3.o)
                              Drivers/STM32F0xx_HAL_Driver/Src/stm32f0xx_hal.o (__aeabi_uidiv)
i:/stm32/plugins/fr.ac6.mcu.externaltools.arm-none.win32_1.13.1.201701261202/tools/compiler/bin/../lib/gcc/arm-none-eabi/5.4.1/armv6-m\libgcc.a(_dvmd_tls.o)
                              i:/stm32/plugins/fr.ac6.mcu.externaltools.arm-none.win32_1.13.1.201701261202/tools/compiler/bin/../lib/gcc/arm-none-eabi/5.4.1/armv6-m\libgcc.a(_udivsi3.o) (__aeabi_idiv0)
i:/stm32/plugins/fr.ac6.mcu.externaltools.arm-none.win32_1.13.1.201701261202/tools/compiler/bin/../lib/gcc/arm-none-eabi/5.4.1/armv6-m\libgcc.a(_lshrdi3.o)
                              Drivers/STM32F0xx_HAL_Driver/Src/stm32f0xx_hal_flash.o (__aeabi_llsr)
i:/stm32/plugins/fr.ac6.mcu.externaltools.arm-none.win32_1.13.1.201701261202/tools/compiler/bin/../lib/gcc/arm-none-eabi/5.4.1/../../../../arm-none-eabi/lib/armv6-m\libc_nano.a(lib_a-exit.o)
                              i:/stm32/plugins/fr.ac6.mcu.externaltools.arm-none.win32_1.13.1.201701261202/tools/compiler/bin/../lib/gcc/arm-none-eabi/5.4.1/../../../../arm-none-eabi/lib/armv6-m/crt0.o (exit)
i:/stm32/plugins/fr.ac6.mcu.externaltools.arm-none.win32_1.13.1.201701261202/tools/compiler/bin/../lib/gcc/arm-none-eabi/5.4.1/../../../../arm-none-eabi/lib/armv6-m\libc_nano.a(lib_a-impure.o)
                              i:/stm32/plugins/fr.ac6.mcu.externaltools.arm-none.win32_1.13.1.201701261202/tools/compiler/bin/../lib/gcc/arm-none-eabi/5.4.1/../../../../arm-none-eabi/lib/armv6-m\libc_nano.a(lib_a-exit.o) (_global_impure_ptr)
i:/stm32/plugins/fr.ac6.mcu.externaltools.arm-none.win32_1.13.1.201701261202/tools/compiler/bin/../lib/gcc/arm-none-eabi/5.4.1/../../../../arm-none-eabi/lib/armv6-m\libc_nano.a(lib_a-init.o)
                              i:/stm32/plugins/fr.ac6.mcu.externaltools.arm-none.win32_1.13.1.201701261202/tools/compiler/bin/../lib/gcc/arm-none-eabi/5.4.1/../../../../arm-none-eabi/lib/armv6-m/crt0.o (__libc_init_array)
i:/stm32/plugins/fr.ac6.mcu.externaltools.arm-none.win32_1.13.1.201701261202/tools/compiler/bin/../lib/gcc/arm-none-eabi/5.4.1/../../../../arm-none-eabi/lib/armv6-m\libc_nano.a(lib_a-memcpy-stub.o)
                              Drivers/STM32F0xx_HAL_Driver/Src/stm32f0xx_hal_rcc.o (memcpy)
i:/stm32/plugins/fr.ac6.mcu.externaltools.arm-none.win32_1.13.1.201701261202/tools/compiler/bin/../lib/gcc/arm-none-eabi/5.4.1/../../../../arm-none-eabi/lib/armv6-m\libc_nano.a(lib_a-memset.o)
                              i:/stm32/plugins/fr.ac6.mcu.externaltools.arm-none.win32_1.13.1.201701261202/tools/compiler/bin/../lib/gcc/arm-none-eabi/5.4.1/../../../../arm-none-eabi/lib/armv6-m/crt0.o (memset)
i:/stm32/plugins/fr.ac6.mcu.externaltools.arm-none.win32_1.13.1.201701261202/tools/compiler/bin/../lib/gcc/arm-none-eabi/5.4.1/../../../../arm-none-eabi/lib/armv6-m\libnosys.a(_exit.o)
                              i:/stm32/plugins/fr.ac6.mcu.externaltools.arm-none.win32_1.13.1.201701261202/tools/compiler/bin/../lib/gcc/arm-none-eabi/5.4.1/../../../../arm-none-eabi/lib/armv6-m\libc_nano.a(lib_a-exit.o) (_exit)

Allocating common symbols
Common symbol       size              file

LDRtaskHandle       0x4               Src/main.o
hdac1               0x14              Src/led.o
uwTick              0x4               Drivers/STM32F0xx_HAL_Driver/Src/stm32f0xx_hal.o
xQueueRegistry      0x40              Middlewares/Third_Party/FreeRTOS/Source/queue.o
pFlash              0x20              Drivers/STM32F0xx_HAL_Driver/Src/stm32f0xx_hal_flash.o
DACTaskHandle       0x4               Src/main.o
queue_lightHandle   0x4               Src/main.o
hadc                0x4c              Src/ldr.o

Discarded input sections

 .text          0x00000000        0x0 i:/stm32/plugins/fr.ac6.mcu.externaltools.arm-none.win32_1.13.1.201701261202/tools/compiler/bin/../lib/gcc/arm-none-eabi/5.4.1/armv6-m/crti.o
 .data          0x00000000        0x0 i:/stm32/plugins/fr.ac6.mcu.externaltools.arm-none.win32_1.13.1.201701261202/tools/compiler/bin/../lib/gcc/arm-none-eabi/5.4.1/armv6-m/crti.o
 .bss           0x00000000        0x0 i:/stm32/plugins/fr.ac6.mcu.externaltools.arm-none.win32_1.13.1.201701261202/tools/compiler/bin/../lib/gcc/arm-none-eabi/5.4.1/armv6-m/crti.o
 .data          0x00000000        0x4 i:/stm32/plugins/fr.ac6.mcu.externaltools.arm-none.win32_1.13.1.201701261202/tools/compiler/bin/../lib/gcc/arm-none-eabi/5.4.1/armv6-m/crtbegin.o
[...]
Memory Configuration

Name             Origin             Length             Attributes
RAM              0x20000000         0x00002000         xrw
FLASH            0x08000000         0x00010000         xr
*default*        0x00000000         0xffffffff

Linker script and memory map

LOAD i:/stm32/plugins/fr.ac6.mcu.externaltools.arm-none.win32_1.13.1.201701261202/tools/compiler/bin/../lib/gcc/arm-none-eabi/5.4.1/armv6-m/crti.o
LOAD i:/stm32/plugins/fr.ac6.mcu.externaltools.arm-none.win32_1.13.1.201701261202/tools/compiler/bin/../lib/gcc/arm-none-eabi/5.4.1/armv6-m/crtbegin.o
LOAD i:/stm32/plugins/fr.ac6.mcu.externaltools.arm-none.win32_1.13.1.201701261202/tools/compiler/bin/../lib/gcc/arm-none-eabi/5.4.1/../../../../arm-none-eabi/lib/armv6-m/crt0.o
LOAD i:/stm32/plugins/fr.ac6.mcu.externaltools.arm-none.win32_1.13.1.201701261202/tools/compiler/bin/../lib/gcc/arm-none-eabi/5.4.1/../../../../arm-none-eabi/lib/armv6-m\libm.a
LOAD Drivers/STM32F0xx_HAL_Driver/Src/stm32f0xx_hal.o
LOAD Drivers/STM32F0xx_HAL_Driver/Src/stm32f0xx_hal_adc.o
LOAD Drivers/STM32F0xx_HAL_Driver/Src/stm32f0xx_hal_adc_ex.o
LOAD Drivers/STM32F0xx_HAL_Driver/Src/stm32f0xx_hal_cortex.o
LOAD Drivers/STM32F0xx_HAL_Driver/Src/stm32f0xx_hal_dac.o
LOAD Drivers/STM32F0xx_HAL_Driver/Src/stm32f0xx_hal_dac_ex.o
LOAD Drivers/STM32F0xx_HAL_Driver/Src/stm32f0xx_hal_dma.o
LOAD Drivers/STM32F0xx_HAL_Driver/Src/stm32f0xx_hal_flash.o
LOAD Drivers/STM32F0xx_HAL_Driver/Src/stm32f0xx_hal_flash_ex.o
LOAD Drivers/STM32F0xx_HAL_Driver/Src/stm32f0xx_hal_gpio.o
LOAD Drivers/STM32F0xx_HAL_Driver/Src/stm32f0xx_hal_i2c.o
LOAD Drivers/STM32F0xx_HAL_Driver/Src/stm32f0xx_hal_i2c_ex.o
LOAD Drivers/STM32F0xx_HAL_Driver/Src/stm32f0xx_hal_pwr.o
LOAD Drivers/STM32F0xx_HAL_Driver/Src/stm32f0xx_hal_pwr_ex.o
LOAD Drivers/STM32F0xx_HAL_Driver/Src/stm32f0xx_hal_rcc.o
LOAD Drivers/STM32F0xx_HAL_Driver/Src/stm32f0xx_hal_rcc_ex.o
LOAD Drivers/STM32F0xx_HAL_Driver/Src/stm32f0xx_hal_tim.o
LOAD Drivers/STM32F0xx_HAL_Driver/Src/stm32f0xx_hal_tim_ex.o
LOAD Middlewares/Third_Party/FreeRTOS/Source/CMSIS_RTOS/cmsis_os.o
LOAD Middlewares/Third_Party/FreeRTOS/Source/croutine.o
LOAD Middlewares/Third_Party/FreeRTOS/Source/event_groups.o
LOAD Middlewares/Third_Party/FreeRTOS/Source/list.o
LOAD Middlewares/Third_Party/FreeRTOS/Source/queue.o
LOAD Middlewares/Third_Party/FreeRTOS/Source/tasks.o
LOAD Middlewares/Third_Party/FreeRTOS/Source/timers.o
LOAD Middlewares/Third_Party/FreeRTOS/Source/portable/GCC/ARM_CM0/port.o
LOAD Middlewares/Third_Party/FreeRTOS/Source/portable/MemMang/heap_4.o
LOAD Src/freertos.o
LOAD Src/fsm.o
LOAD Src/ldr.o
LOAD Src/led.o
LOAD Src/main.o
LOAD Src/stm32f0xx_hal_msp.o
LOAD Src/stm32f0xx_it.o
LOAD Src/system_stm32f0xx.o
LOAD startup/startup_stm32f051x8.o
START GROUP
LOAD i:/stm32/plugins/fr.ac6.mcu.externaltools.arm-none.win32_1.13.1.201701261202/tools/compiler/bin/../lib/gcc/arm-none-eabi/5.4.1/armv6-m\libgcc.a
LOAD i:/stm32/plugins/fr.ac6.mcu.externaltools.arm-none.win32_1.13.1.201701261202/tools/compiler/bin/../lib/gcc/arm-none-eabi/5.4.1/../../../../arm-none-eabi/lib/armv6-m\libc_nano.a
END GROUP
START GROUP
LOAD i:/stm32/plugins/fr.ac6.mcu.externaltools.arm-none.win32_1.13.1.201701261202/tools/compiler/bin/../lib/gcc/arm-none-eabi/5.4.1/armv6-m\libgcc.a
LOAD i:/stm32/plugins/fr.ac6.mcu.externaltools.arm-none.win32_1.13.1.201701261202/tools/compiler/bin/../lib/gcc/arm-none-eabi/5.4.1/../../../../arm-none-eabi/lib/armv6-m\libc_nano.a
LOAD i:/stm32/plugins/fr.ac6.mcu.externaltools.arm-none.win32_1.13.1.201701261202/tools/compiler/bin/../lib/gcc/arm-none-eabi/5.4.1/../../../../arm-none-eabi/lib/armv6-m\libnosys.a
END GROUP
START GROUP
LOAD i:/stm32/plugins/fr.ac6.mcu.externaltools.arm-none.win32_1.13.1.201701261202/tools/compiler/bin/../lib/gcc/arm-none-eabi/5.4.1/armv6-m\libgcc.a
LOAD i:/stm32/plugins/fr.ac6.mcu.externaltools.arm-none.win32_1.13.1.201701261202/tools/compiler/bin/../lib/gcc/arm-none-eabi/5.4.1/../../../../arm-none-eabi/lib/armv6-m\libc_nano.a
LOAD i:/stm32/plugins/fr.ac6.mcu.externaltools.arm-none.win32_1.13.1.201701261202/tools/compiler/bin/../lib/gcc/arm-none-eabi/5.4.1/../../../../arm-none-eabi/lib/armv6-m\libnosys.a
END GROUP
LOAD i:/stm32/plugins/fr.ac6.mcu.externaltools.arm-none.win32_1.13.1.201701261202/tools/compiler/bin/../lib/gcc/arm-none-eabi/5.4.1/armv6-m/crtend.o
LOAD i:/stm32/plugins/fr.ac6.mcu.externaltools.arm-none.win32_1.13.1.201701261202/tools/compiler/bin/../lib/gcc/arm-none-eabi/5.4.1/armv6-m/crtn.o
                0x20002000                _estack = 0x20002000
                0x00000200                _Min_Heap_Size = 0x200
                0x00000400                _Min_Stack_Size = 0x400

.isr_vector     0x08000000       0xc0
                0x08000000                . = ALIGN (0x4)
 *(.isr_vector)
 .isr_vector    0x08000000       0xc0 startup/startup_stm32f051x8.o
                0x08000000                g_pfnVectors
                0x080000c0                . = ALIGN (0x4)

.text           0x080000c0     0x28bc
                0x080000c0                . = ALIGN (0x4)
 *(.text)
 .text          0x080000c0       0x60 i:/stm32/plugins/fr.ac6.mcu.externaltools.arm-none.win32_1.13.1.201701261202/tools/compiler/bin/../lib/gcc/arm-none-eabi/5.4.1/armv6-m/crtbegin.o
 .text          0x08000120      0x114 i:/stm32/plugins/fr.ac6.mcu.externaltools.arm-none.win32_1.13.1.201701261202/tools/compiler/bin/../lib/gcc/arm-none-eabi/5.4.1/armv6-m\libgcc.a(_udivsi3.o)
                0x08000120                __aeabi_uidiv
                0x08000120                __udivsi3
                0x0800022c                __aeabi_uidivmod
 .text          0x08000234        0x4 i:/stm32/plugins/fr.ac6.mcu.externaltools.arm-none.win32_1.13.1.201701261202/tools/compiler/bin/../lib/gcc/arm-none-eabi/5.4.1/armv6-m\libgcc.a(_dvmd_tls.o)
                0x08000234                __aeabi_idiv0
                0x08000234                __aeabi_ldiv0
 *(.text*)
 .text.HAL_InitTick
                0x08000238       0x24 Drivers/STM32F0xx_HAL_Driver/Src/stm32f0xx_hal.o
                0x08000238                HAL_InitTick
 .text.HAL_Init
                0x0800025c       0x20 Drivers/STM32F0xx_HAL_Driver/Src/stm32f0xx_hal.o
                0x0800025c                HAL_Init
 .text.HAL_IncTick
                0x0800027c       0x10 Drivers/STM32F0xx_HAL_Driver/Src/stm32f0xx_hal.o
                0x0800027c                HAL_IncTick
 .text.HAL_GetTick
                0x0800028c        0xc Drivers/STM32F0xx_HAL_Driver/Src/stm32f0xx_hal.o
                0x0800028c                HAL_GetTick
 .text.ADC_Disable
                0x08000298       0x78 Drivers/STM32F0xx_HAL_Driver/Src/stm32f0xx_hal_adc.o
 .text.ADC_Enable
                0x08000310       0x9c Drivers/STM32F0xx_HAL_Driver/Src/stm32f0xx_hal_adc.o
 .text.ADC_ConversionStop
                0x080003ac       0x52 Drivers/STM32F0xx_HAL_Driver/Src/stm32f0xx_hal_adc.o
 *fill*         0x080003fe        0x2 
 .text.HAL_ADC_Init
                0x08000400      0x148 Drivers/STM32F0xx_HAL_Driver/Src/stm32f0xx_hal_adc.o
                0x08000400                HAL_ADC_Init
 .text.HAL_ADC_Start_IT
                0x08000548       0x74 Drivers/STM32F0xx_HAL_Driver/Src/stm32f0xx_hal_adc.o
                0x08000548                HAL_ADC_Start_IT
 .text.HAL_ADC_Stop_IT
                0x080005bc       0x48 Drivers/STM32F0xx_HAL_Driver/Src/stm32f0xx_hal_adc.o
                0x080005bc                HAL_ADC_Stop_IT
 .text.HAL_ADC_GetValue
                0x08000604        0x6 Drivers/STM32F0xx_HAL_Driver/Src/stm32f0xx_hal_adc.o
                0x08000604                HAL_ADC_GetValue
 .text.HAL_ADC_LevelOutOfWindowCallback
                0x0800060a        0x2 Drivers/STM32F0xx_HAL_Driver/Src/stm32f0xx_hal_adc.o
                0x0800060a                HAL_ADC_LevelOutOfWindowCallback
 .text.HAL_ADC_ErrorCallback
                0x0800060c        0x2 Drivers/STM32F0xx_HAL_Driver/Src/stm32f0xx_hal_adc.o
                0x0800060c                HAL_ADC_ErrorCallback
 *fill*         0x0800060e        0x2 
 .text.HAL_ADC_IRQHandler
                0x08000610       0xe0 Drivers/STM32F0xx_HAL_Driver/Src/stm32f0xx_hal_adc.o
                0x08000610                HAL_ADC_IRQHandler
 .text.HAL_ADC_ConfigChannel
                0x080006f0       0xfc Drivers/STM32F0xx_HAL_Driver/Src/stm32f0xx_hal_adc.o
                0x080006f0                HAL_ADC_ConfigChannel
 .text.HAL_NVIC_SetPriority
                0x080007ec       0x60 Drivers/STM32F0xx_HAL_Driver/Src/stm32f0xx_hal_cortex.o
                0x080007ec                HAL_NVIC_SetPriority
 .text.HAL_NVIC_EnableIRQ
                0x0800084c       0x14 Drivers/STM32F0xx_HAL_Driver/Src/stm32f0xx_hal_cortex.o
                0x0800084c                HAL_NVIC_EnableIRQ
 .text.HAL_SYSTICK_Config
                0x08000860       0x34 Drivers/STM32F0xx_HAL_Driver/Src/stm32f0xx_hal_cortex.o
                0x08000860                HAL_SYSTICK_Config
 .text.HAL_SYSTICK_CLKSourceConfig
                0x08000894       0x1c Drivers/STM32F0xx_HAL_Driver/Src/stm32f0xx_hal_cortex.o
                0x08000894                HAL_SYSTICK_CLKSourceConfig
 .text.HAL_DAC_Init
                0x080008b0       0x28 Drivers/STM32F0xx_HAL_Driver/Src/stm32f0xx_hal_dac.o
                0x080008b0                HAL_DAC_Init
 .text.HAL_DAC_SetValue
                0x080008d8       0x24 Drivers/STM32F0xx_HAL_Driver/Src/stm32f0xx_hal_dac.o
                0x080008d8                HAL_DAC_SetValue
 .text.HAL_DAC_ConfigChannel
                0x080008fc       0x30 Drivers/STM32F0xx_HAL_Driver/Src/stm32f0xx_hal_dac_ex.o
                0x080008fc                HAL_DAC_ConfigChannel
 .text.HAL_DAC_Start
                0x0800092c       0x3e Drivers/STM32F0xx_HAL_Driver/Src/stm32f0xx_hal_dac_ex.o
                0x0800092c                HAL_DAC_Start
 *fill*         0x0800096a        0x2 
 .text.HAL_GPIO_Init
                0x0800096c      0x15c Drivers/STM32F0xx_HAL_Driver/Src/stm32f0xx_hal_gpio.o
                0x0800096c                HAL_GPIO_Init
 .text.HAL_GPIO_WritePin
                0x08000ac8        0xc Drivers/STM32F0xx_HAL_Driver/Src/stm32f0xx_hal_gpio.o
                0x08000ac8                HAL_GPIO_WritePin
 .text.HAL_GPIO_EXTI_IRQHandler
                0x08000ad4       0x18 Drivers/STM32F0xx_HAL_Driver/Src/stm32f0xx_hal_gpio.o
                0x08000ad4                HAL_GPIO_EXTI_IRQHandler
 .text.HAL_PWR_EnterSLEEPMode
                0x08000aec       0x20 Drivers/STM32F0xx_HAL_Driver/Src/stm32f0xx_hal_pwr.o
                0x08000aec                HAL_PWR_EnterSLEEPMode
 .text.HAL_RCC_OscConfig
                0x08000b0c      0x3dc Drivers/STM32F0xx_HAL_Driver/Src/stm32f0xx_hal_rcc.o
                0x08000b0c                HAL_RCC_OscConfig
 .text.HAL_RCC_GetSysClockFreq
                0x08000ee8       0x64 Drivers/STM32F0xx_HAL_Driver/Src/stm32f0xx_hal_rcc.o
                0x08000ee8                HAL_RCC_GetSysClockFreq
 .text.HAL_RCC_ClockConfig
                0x08000f4c      0x12c Drivers/STM32F0xx_HAL_Driver/Src/stm32f0xx_hal_rcc.o
                0x08000f4c                HAL_RCC_ClockConfig
 .text.HAL_RCC_GetHCLKFreq
                0x08001078        0xc Drivers/STM32F0xx_HAL_Driver/Src/stm32f0xx_hal_rcc.o
                0x08001078                HAL_RCC_GetHCLKFreq
 .text.osKernelStart
                0x08001084        0xa Middlewares/Third_Party/FreeRTOS/Source/CMSIS_RTOS/cmsis_os.o
                0x08001084                osKernelStart
 .text.osThreadCreate
                0x0800108e       0x38 Middlewares/Third_Party/FreeRTOS/Source/CMSIS_RTOS/cmsis_os.o
                0x0800108e                osThreadCreate
 .text.osDelay  0x080010c6       0x14 Middlewares/Third_Party/FreeRTOS/Source/CMSIS_RTOS/cmsis_os.o
                0x080010c6                osDelay
 .text.osMessageCreate
                0x080010da        0xe Middlewares/Third_Party/FreeRTOS/Source/CMSIS_RTOS/cmsis_os.o
                0x080010da                osMessageCreate
 .text.osMessagePut
                0x080010e8       0x4c Middlewares/Third_Party/FreeRTOS/Source/CMSIS_RTOS/cmsis_os.o
                0x080010e8                osMessagePut
 .text.osMessageGet
                0x08001134       0x74 Middlewares/Third_Party/FreeRTOS/Source/CMSIS_RTOS/cmsis_os.o
                0x08001134                osMessageGet
 .text.osSystickHandler
                0x080011a8       0x10 Middlewares/Third_Party/FreeRTOS/Source/CMSIS_RTOS/cmsis_os.o
                0x080011a8                osSystickHandler
 .text.vListInitialise
                0x080011b8       0x16 Middlewares/Third_Party/FreeRTOS/Source/list.o
                0x080011b8                vListInitialise
 .text.vListInitialiseItem
                0x080011ce        0x6 Middlewares/Third_Party/FreeRTOS/Source/list.o
                0x080011ce                vListInitialiseItem
 .text.vListInsertEnd
                0x080011d4       0x18 Middlewares/Third_Party/FreeRTOS/Source/list.o
                0x080011d4                vListInsertEnd
 .text.vListInsert
                0x080011ec       0x30 Middlewares/Third_Party/FreeRTOS/Source/list.o
                0x080011ec                vListInsert
 .text.uxListRemove
                0x0800121c       0x20 Middlewares/Third_Party/FreeRTOS/Source/list.o
                0x0800121c                uxListRemove
 .text.unlikely.prvCopyDataToQueue
                0x0800123c       0x72 Middlewares/Third_Party/FreeRTOS/Source/queue.o
 .text.unlikely.prvCopyDataFromQueue
                0x080012ae       0x24 Middlewares/Third_Party/FreeRTOS/Source/queue.o
 .text.prvUnlockQueue
                0x080012d2       0x6a Middlewares/Third_Party/FreeRTOS/Source/queue.o
 .text.xQueueGenericReset
                0x0800133c       0x66 Middlewares/Third_Party/FreeRTOS/Source/queue.o
                0x0800133c                xQueueGenericReset
 .text.xQueueGenericCreate
                0x080013a2       0x50 Middlewares/Third_Party/FreeRTOS/Source/queue.o
                0x080013a2                xQueueGenericCreate
 .text.xQueueGenericSend
                0x080013f2      0x11c Middlewares/Third_Party/FreeRTOS/Source/queue.o
                0x080013f2                xQueueGenericSend
 .text.xQueueGenericSendFromISR
                0x0800150e       0x82 Middlewares/Third_Party/FreeRTOS/Source/queue.o
                0x0800150e                xQueueGenericSendFromISR
 .text.xQueueGenericReceive
                0x08001590      0x140 Middlewares/Third_Party/FreeRTOS/Source/queue.o
                0x08001590                xQueueGenericReceive
 .text.xQueueReceiveFromISR
                0x080016d0       0x70 Middlewares/Third_Party/FreeRTOS/Source/queue.o
                0x080016d0                xQueueReceiveFromISR
 .text.prvGetExpectedIdleTime
                0x08001740       0x24 Middlewares/Third_Party/FreeRTOS/Source/tasks.o
 .text.prvResetNextTaskUnblockTime
                0x08001764       0x20 Middlewares/Third_Party/FreeRTOS/Source/tasks.o
 .text.prvAddCurrentTaskToDelayedList
                0x08001784       0x3c Middlewares/Third_Party/FreeRTOS/Source/tasks.o
 .text.xTaskGenericCreate.part.5
                0x080017c0      0x17c Middlewares/Third_Party/FreeRTOS/Source/tasks.o
 .text.xTaskGenericCreate
                0x0800193c       0x28 Middlewares/Third_Party/FreeRTOS/Source/tasks.o
                0x0800193c                xTaskGenericCreate
 .text.vTaskStartScheduler
                0x08001964       0x4c Middlewares/Third_Party/FreeRTOS/Source/tasks.o
                0x08001964                vTaskStartScheduler
 .text.vTaskSuspendAll
                0x080019b0       0x10 Middlewares/Third_Party/FreeRTOS/Source/tasks.o
                0x080019b0                vTaskSuspendAll
 .text.vTaskStepTick
                0x080019c0       0x1c Middlewares/Third_Party/FreeRTOS/Source/tasks.o
                0x080019c0                vTaskStepTick
 .text.xTaskIncrementTick
                0x080019dc       0xe0 Middlewares/Third_Party/FreeRTOS/Source/tasks.o
                0x080019dc                xTaskIncrementTick
 .text.xTaskResumeAll
                0x08001abc       0xb0 Middlewares/Third_Party/FreeRTOS/Source/tasks.o
                0x08001abc                xTaskResumeAll
 .text.vTaskDelay
                0x08001b6c       0x48 Middlewares/Third_Party/FreeRTOS/Source/tasks.o
                0x08001b6c                vTaskDelay
 .text.prvIdleTask
                0x08001bb4       0x8c Middlewares/Third_Party/FreeRTOS/Source/tasks.o
 .text.vTaskSwitchContext
                0x08001c40       0x68 Middlewares/Third_Party/FreeRTOS/Source/tasks.o
                0x08001c40                vTaskSwitchContext
 .text.vTaskPlaceOnEventList
                0x08001ca8       0x44 Middlewares/Third_Party/FreeRTOS/Source/tasks.o
                0x08001ca8                vTaskPlaceOnEventList
 .text.xTaskRemoveFromEventList
                0x08001cec       0x6c Middlewares/Third_Party/FreeRTOS/Source/tasks.o
                0x08001cec                xTaskRemoveFromEventList
 .text.vTaskSetTimeOutState
                0x08001d58       0x20 Middlewares/Third_Party/FreeRTOS/Source/tasks.o
                0x08001d58                vTaskSetTimeOutState
 .text.xTaskCheckForTimeOut
                0x08001d78       0x60 Middlewares/Third_Party/FreeRTOS/Source/tasks.o
                0x08001d78                xTaskCheckForTimeOut
 .text.vTaskMissedYield
                0x08001dd8        0xc Middlewares/Third_Party/FreeRTOS/Source/tasks.o
                0x08001dd8                vTaskMissedYield
 .text.eTaskConfirmSleepModeStatus
                0x08001de4       0x34 Middlewares/Third_Party/FreeRTOS/Source/tasks.o
                0x08001de4                eTaskConfirmSleepModeStatus
 .text.xTaskGetSchedulerState
                0x08001e18       0x18 Middlewares/Third_Party/FreeRTOS/Source/tasks.o
                0x08001e18                xTaskGetSchedulerState
 .text.vTaskPriorityInherit
                0x08001e30       0x6c Middlewares/Third_Party/FreeRTOS/Source/tasks.o
                0x08001e30                vTaskPriorityInherit
 .text.xTaskPriorityDisinherit
                0x08001e9c       0x68 Middlewares/Third_Party/FreeRTOS/Source/tasks.o
                0x08001e9c                xTaskPriorityDisinherit
 .text.pvTaskIncrementMutexHeldCount
                0x08001f04       0x18 Middlewares/Third_Party/FreeRTOS/Source/tasks.o
                0x08001f04                pvTaskIncrementMutexHeldCount
 .text.prvTaskExitError
                0x08001f1c       0x14 Middlewares/Third_Party/FreeRTOS/Source/portable/GCC/ARM_CM0/port.o
 .text.vPortStartFirstTask
                0x08001f30       0x20 Middlewares/Third_Party/FreeRTOS/Source/portable/GCC/ARM_CM0/port.o
 .text.pxPortInitialiseStack
                0x08001f50       0x20 Middlewares/Third_Party/FreeRTOS/Source/portable/GCC/ARM_CM0/port.o
                0x08001f50                pxPortInitialiseStack
 .text.SVC_Handler
                0x08001f70        0x2 Middlewares/Third_Party/FreeRTOS/Source/portable/GCC/ARM_CM0/port.o
                0x08001f70                SVC_Handler
 *fill*         0x08001f72        0x2 
 .text.xPortStartScheduler
                0x08001f74       0x80 Middlewares/Third_Party/FreeRTOS/Source/portable/GCC/ARM_CM0/port.o
                0x08001f74                xPortStartScheduler
 .text.vPortYield
                0x08001ff4       0x18 Middlewares/Third_Party/FreeRTOS/Source/portable/GCC/ARM_CM0/port.o
                0x08001ff4                vPortYield
 .text.vPortEnterCritical
                0x0800200c       0x18 Middlewares/Third_Party/FreeRTOS/Source/portable/GCC/ARM_CM0/port.o
                0x0800200c                vPortEnterCritical
 .text.vPortExitCritical
                0x08002024       0x1c Middlewares/Third_Party/FreeRTOS/Source/portable/GCC/ARM_CM0/port.o
                0x08002024                vPortExitCritical
 .text.ulSetInterruptMaskFromISR
                0x08002040        0xa Middlewares/Third_Party/FreeRTOS/Source/portable/GCC/ARM_CM0/port.o
                0x08002040                ulSetInterruptMaskFromISR
 .text.vClearInterruptMaskFromISR
                0x0800204a        0x6 Middlewares/Third_Party/FreeRTOS/Source/portable/GCC/ARM_CM0/port.o
                0x0800204a                vClearInterruptMaskFromISR
 .text.PendSV_Handler
                0x08002050       0x44 Middlewares/Third_Party/FreeRTOS/Source/portable/GCC/ARM_CM0/port.o
                0x08002050                PendSV_Handler
 .text.xPortSysTickHandler
                0x08002094       0x24 Middlewares/Third_Party/FreeRTOS/Source/portable/GCC/ARM_CM0/port.o
                0x08002094                xPortSysTickHandler
 .text.vPortSuppressTicksAndSleep
                0x080020b8      0x114 Middlewares/Third_Party/FreeRTOS/Source/portable/GCC/ARM_CM0/port.o
                0x080020b8                vPortSuppressTicksAndSleep
 .text.unlikely.prvInsertBlockIntoFreeList
                0x080021cc       0x44 Middlewares/Third_Party/FreeRTOS/Source/portable/MemMang/heap_4.o
 .text.pvPortMalloc
                0x08002210       0xfc Middlewares/Third_Party/FreeRTOS/Source/portable/MemMang/heap_4.o
                0x08002210                pvPortMalloc
 .text.vPortFree
                0x0800230c       0x44 Middlewares/Third_Party/FreeRTOS/Source/portable/MemMang/heap_4.o
                0x0800230c                vPortFree
 .text.PreSleepProcessing
                0x08002350        0xc Src/freertos.o
                0x08002350                PreSleepProcessing
 .text.PostSleepProcessing
                0x0800235c        0x2 Src/freertos.o
                0x0800235c                PostSleepProcessing
 .text.fsm_new  0x0800235e        0xe Src/fsm.o
                0x0800235e                fsm_new
 .text.fsm_fire
                0x0800236c       0x32 Src/fsm.o
                0x0800236c                fsm_fire
 .text.LDR_INIT
                0x0800239e        0x8 Src/ldr.o
                0x0800239e                LDR_INIT
 *fill*         0x080023a6        0x2 
 .text.LDR_START
                0x080023a8       0x10 Src/ldr.o
                0x080023a8                LDR_START
 .text.LDR_STOP
                0x080023b8       0x10 Src/ldr.o
                0x080023b8                LDR_STOP
 .text.LDR_GET  0x080023c8       0x10 Src/ldr.o
                0x080023c8                LDR_GET
 .text.HAL_ADC_ConvCpltCallback
                0x080023d8        0xc Src/ldr.o
                0x080023d8                HAL_ADC_ConvCpltCallback
 .text.LED_INIT
                0x080023e4        0x8 Src/led.o
                0x080023e4                LED_INIT
 .text.LED_START
                0x080023ec       0x24 Src/led.o
                0x080023ec                LED_START
 .text.LED_SET  0x08002410       0x14 Src/led.o
                0x08002410                LED_SET
 .text.new_value
                0x08002424        0xc Src/main.o
 .text.button_pressed
                0x08002430        0xc Src/main.o
 .text.button_no_pressed
                0x0800243c       0x10 Src/main.o
 .text.read_value
                0x0800244c       0x24 Src/main.o
 .text.fixed_light
                0x08002470       0x1c Src/main.o
 .text.adjust_light
                0x0800248c       0x5c Src/main.o
 .text.variable_light
                0x080024e8       0x1c Src/main.o
 .text.DACwrite
                0x08002504       0x12 Src/main.o
                0x08002504                DACwrite
 .text.LDRread  0x08002516       0x12 Src/main.o
                0x08002516                LDRread
 .text.SystemClock_Config
                0x08002528       0x6e Src/main.o
                0x08002528                SystemClock_Config
 *fill*         0x08002596        0x2 
 .text.startup.main
                0x08002598      0x10c Src/main.o
                0x08002598                main
 .text.MX_ADC_Init
                0x080026a4       0x60 Src/main.o
                0x080026a4                MX_ADC_Init
 .text.MX_DAC1_Init
                0x08002704       0x30 Src/main.o
                0x08002704                MX_DAC1_Init
 .text.HAL_GPIO_EXTI_Callback
                0x08002734       0x10 Src/main.o
                0x08002734                HAL_GPIO_EXTI_Callback
 .text.HAL_MspInit
                0x08002744       0x40 Src/stm32f0xx_hal_msp.o
                0x08002744                HAL_MspInit
 .text.HAL_ADC_MspInit
                0x08002784       0x54 Src/stm32f0xx_hal_msp.o
                0x08002784                HAL_ADC_MspInit
 .text.HAL_DAC_MspInit
                0x080027d8       0x40 Src/stm32f0xx_hal_msp.o
                0x080027d8                HAL_DAC_MspInit
 .text.SysTick_Handler
                0x08002818        0xc Src/stm32f0xx_it.o
                0x08002818                SysTick_Handler
 .text.EXTI0_1_IRQHandler
                0x08002824        0xa Src/stm32f0xx_it.o
                0x08002824                EXTI0_1_IRQHandler
 *fill*         0x0800282e        0x2 
 .text.ADC1_COMP_IRQHandler
                0x08002830       0x10 Src/stm32f0xx_it.o
                0x08002830                ADC1_COMP_IRQHandler
 .text.SystemInit
                0x08002840       0x60 Src/system_stm32f0xx.o
                0x08002840                SystemInit
 .text.Reset_Handler
                0x080028a0       0x50 startup/startup_stm32f051x8.o
                0x080028a0                Reset_Handler
 .text.Default_Handler
                0x080028f0        0x2 startup/startup_stm32f051x8.o
                0x080028f0                TIM1_CC_IRQHandler
                0x080028f0                TSC_IRQHandler
                0x080028f0                HardFault_Handler
                0x080028f0                PVD_IRQHandler
                0x080028f0                NMI_Handler
                0x080028f0                I2C1_IRQHandler
                0x080028f0                RCC_CRS_IRQHandler
                0x080028f0                SPI1_IRQHandler
                0x080028f0                TIM6_DAC_IRQHandler
                0x080028f0                EXTI2_3_IRQHandler
                0x080028f0                I2C2_IRQHandler
                0x080028f0                TIM17_IRQHandler
                0x080028f0                CEC_CAN_IRQHandler
                0x080028f0                RTC_IRQHandler
                0x080028f0                TIM16_IRQHandler
                0x080028f0                TIM3_IRQHandler
                0x080028f0                EXTI4_15_IRQHandler
                0x080028f0                DMA1_Channel1_IRQHandler
                0x080028f0                Default_Handler
                0x080028f0                TIM14_IRQHandler
                0x080028f0                DMA1_Channel4_5_IRQHandler
                0x080028f0                TIM15_IRQHandler
                0x080028f0                SPI2_IRQHandler
                0x080028f0                WWDG_IRQHandler
                0x080028f0                TIM2_IRQHandler
                0x080028f0                DMA1_Channel2_3_IRQHandler
                0x080028f0                USART2_IRQHandler
                0x080028f0                FLASH_IRQHandler
                0x080028f0                USART1_IRQHandler
                0x080028f0                TIM1_BRK_UP_TRG_COM_IRQHandler
 *fill*         0x080028f2        0x2 
 .text.__libc_init_array
                0x080028f4       0x4c i:/stm32/plugins/fr.ac6.mcu.externaltools.arm-none.win32_1.13.1.201701261202/tools/compiler/bin/../lib/gcc/arm-none-eabi/5.4.1/../../../../arm-none-eabi/lib/armv6-m\libc_nano.a(lib_a-init.o)
                0x080028f4                __libc_init_array
 .text.memcpy   0x08002940       0x12 i:/stm32/plugins/fr.ac6.mcu.externaltools.arm-none.win32_1.13.1.201701261202/tools/compiler/bin/../lib/gcc/arm-none-eabi/5.4.1/../../../../arm-none-eabi/lib/armv6-m\libc_nano.a(lib_a-memcpy-stub.o)
                0x08002940                memcpy
 .text.memset   0x08002952       0x10 i:/stm32/plugins/fr.ac6.mcu.externaltools.arm-none.win32_1.13.1.201701261202/tools/compiler/bin/../lib/gcc/arm-none-eabi/5.4.1/../../../../arm-none-eabi/lib/armv6-m\libc_nano.a(lib_a-memset.o)
                0x08002952                memset
 *(.glue_7)
 .glue_7        0x08002962        0x0 linker stubs
 *(.glue_7t)
 .glue_7t       0x08002962        0x0 linker stubs
 *(.eh_frame)
 *fill*         0x08002962        0x2 
 .eh_frame      0x08002964        0x0 i:/stm32/plugins/fr.ac6.mcu.externaltools.arm-none.win32_1.13.1.201701261202/tools/compiler/bin/../lib/gcc/arm-none-eabi/5.4.1/armv6-m/crtbegin.o
 *(.init)
 .init          0x08002964        0x4 i:/stm32/plugins/fr.ac6.mcu.externaltools.arm-none.win32_1.13.1.201701261202/tools/compiler/bin/../lib/gcc/arm-none-eabi/5.4.1/armv6-m/crti.o
                0x08002964                _init
 .init          0x08002968        0x8 i:/stm32/plugins/fr.ac6.mcu.externaltools.arm-none.win32_1.13.1.201701261202/tools/compiler/bin/../lib/gcc/arm-none-eabi/5.4.1/armv6-m/crtn.o
 *(.fini)
 .fini          0x08002970        0x4 i:/stm32/plugins/fr.ac6.mcu.externaltools.arm-none.win32_1.13.1.201701261202/tools/compiler/bin/../lib/gcc/arm-none-eabi/5.4.1/armv6-m/crti.o
                0x08002970                _fini
 .fini          0x08002974        0x8 i:/stm32/plugins/fr.ac6.mcu.externaltools.arm-none.win32_1.13.1.201701261202/tools/compiler/bin/../lib/gcc/arm-none-eabi/5.4.1/armv6-m/crtn.o
                0x0800297c                . = ALIGN (0x4)
                0x0800297c                _etext = .

.vfp11_veneer   0x0800297c        0x0
 .vfp11_veneer  0x0800297c        0x0 linker stubs

.v4_bx          0x0800297c        0x0
 .v4_bx         0x0800297c        0x0 linker stubs

.iplt           0x0800297c        0x0
 .iplt          0x0800297c        0x0 i:/stm32/plugins/fr.ac6.mcu.externaltools.arm-none.win32_1.13.1.201701261202/tools/compiler/bin/../lib/gcc/arm-none-eabi/5.4.1/armv6-m/crtbegin.o

.rodata         0x0800297c       0x80
                0x0800297c                . = ALIGN (0x4)
 *(.rodata)
 .rodata        0x0800297c       0x20 Drivers/STM32F0xx_HAL_Driver/Src/stm32f0xx_hal_rcc.o
 .rodata        0x0800299c       0x30 Src/main.o
 .rodata        0x080029cc       0x18 Src/system_stm32f0xx.o
                0x080029cc                AHBPrescTable
                0x080029dc                APBPrescTable
 *(.rodata*)
 .rodata.str1.1
                0x080029e4        0x5 Middlewares/Third_Party/FreeRTOS/Source/tasks.o
 .rodata.str1.1
                0x080029e9       0x10 Src/main.o
                0x080029fc                . = ALIGN (0x4)
 *fill*         0x080029f9        0x3 

.rel.dyn        0x080029fc        0x0
 .rel.iplt      0x080029fc        0x0 i:/stm32/plugins/fr.ac6.mcu.externaltools.arm-none.win32_1.13.1.201701261202/tools/compiler/bin/../lib/gcc/arm-none-eabi/5.4.1/armv6-m/crtbegin.o

.ARM.extab
 *(.ARM.extab* .gnu.linkonce.armextab.*)

.ARM            0x080029fc        0x0
                0x080029fc                __exidx_start = .
 *(.ARM.exidx*)
                0x080029fc                __exidx_end = .

.preinit_array  0x080029fc        0x0
                0x080029fc                PROVIDE (__preinit_array_start, .)
 *(.preinit_array*)
                0x080029fc                PROVIDE (__preinit_array_end, .)

.init_array     0x080029fc        0x4
                0x080029fc                PROVIDE (__init_array_start, .)
 *(SORT(.init_array.*))
 *(.init_array*)
 .init_array    0x080029fc        0x4 i:/stm32/plugins/fr.ac6.mcu.externaltools.arm-none.win32_1.13.1.201701261202/tools/compiler/bin/../lib/gcc/arm-none-eabi/5.4.1/armv6-m/crtbegin.o
                0x08002a00                PROVIDE (__init_array_end, .)

.fini_array     0x08002a00        0x4
                [!provide]                PROVIDE (__fini_array_start, .)
 *(SORT(.fini_array.*))
 *(.fini_array*)
 .fini_array    0x08002a00        0x4 i:/stm32/plugins/fr.ac6.mcu.externaltools.arm-none.win32_1.13.1.201701261202/tools/compiler/bin/../lib/gcc/arm-none-eabi/5.4.1/armv6-m/crtbegin.o
                [!provide]                PROVIDE (__fini_array_end, .)
                0x08002a04                _sidata = LOADADDR (.data)

.data           0x20000000       0x68 load address 0x08002a04
                0x20000000                . = ALIGN (0x4)
                0x20000000                _sdata = .
 *(.data)
 .data          0x20000000        0x4 Middlewares/Third_Party/FreeRTOS/Source/portable/GCC/ARM_CM0/port.o
 .data          0x20000004       0x60 Src/main.o
 .data          0x20000064        0x4 Src/system_stm32f0xx.o
                0x20000064                SystemCoreClock
 *(.data*)
                0x20000068                . = ALIGN (0x4)
                0x20000068                _edata = .

.jcr            0x20000068        0x0 load address 0x08002a6c
 .jcr           0x20000068        0x0 i:/stm32/plugins/fr.ac6.mcu.externaltools.arm-none.win32_1.13.1.201701261202/tools/compiler/bin/../lib/gcc/arm-none-eabi/5.4.1/armv6-m/crtbegin.o

.igot.plt       0x20000068        0x0 load address 0x08002a6c
 .igot.plt      0x20000068        0x0 i:/stm32/plugins/fr.ac6.mcu.externaltools.arm-none.win32_1.13.1.201701261202/tools/compiler/bin/../lib/gcc/arm-none-eabi/5.4.1/armv6-m/crtbegin.o
                0x20000068                . = ALIGN (0x4)

.bss            0x20000068      0xde0 load address 0x08002a6c
                0x20000068                _sbss = .
                0x20000068                __bss_start__ = _sbss
 *(.bss)
 .bss           0x20000068       0x1c i:/stm32/plugins/fr.ac6.mcu.externaltools.arm-none.win32_1.13.1.201701261202/tools/compiler/bin/../lib/gcc/arm-none-eabi/5.4.1/armv6-m/crtbegin.o
 .bss           0x20000084      0x128 Middlewares/Third_Party/FreeRTOS/Source/tasks.o
                0x200000ac                pxCurrentTCB
 .bss           0x200001ac        0xc Middlewares/Third_Party/FreeRTOS/Source/portable/GCC/ARM_CM0/port.o
 .bss           0x200001b8      0xc18 Middlewares/Third_Party/FreeRTOS/Source/portable/MemMang/heap_4.o
 .bss           0x20000dd0        0x8 Src/main.o
                0x20000dd0                flag_ADC
                0x20000dd4                flag_button
 *(.bss*)
 *(COMMON)
 COMMON         0x20000dd8        0x4 Drivers/STM32F0xx_HAL_Driver/Src/stm32f0xx_hal.o
                0x20000dd8                uwTick
 COMMON         0x20000ddc       0x4c Src/ldr.o
                0x20000ddc                hadc
 COMMON         0x20000e28       0x14 Src/led.o
                0x20000e28                hdac1
 COMMON         0x20000e3c        0xc Src/main.o
                0x20000e3c                LDRtaskHandle
                0x20000e40                DACTaskHandle
                0x20000e44                queue_lightHandle
                0x20000e48                . = ALIGN (0x4)
                0x20000e48                _ebss = .
                0x20000e48                __bss_end__ = _ebss

._user_heap_stack
                0x20000e48      0x600 load address 0x08002a6c
                0x20000e48                . = ALIGN (0x8)
                [!provide]                PROVIDE (end, .)
                [!provide]                PROVIDE (_end, .)
                0x20001048                . = (. + _Min_Heap_Size)
 *fill*         0x20000e48      0x200 
                0x20001448                . = (. + _Min_Stack_Size)
 *fill*         0x20001048      0x400 
                0x20001448                . = ALIGN (0x8)

/DISCARD/
 libc.a(*)
 libm.a(*)
 libgcc.a(*)

.ARM.attributes
                0x00000000       0x28
 *(.ARM.attributes)
 .ARM.attributes
                0x00000000       0x1e i:/stm32/plugins/fr.ac6.mcu.externaltools.arm-none.win32_1.13.1.201701261202/tools/compiler/bin/../lib/gcc/arm-none-eabi/5.4.1/armv6-m/crti.o
 .ARM.attributes
                0x0000001e       0x2c i:/stm32/plugins/fr.ac6.mcu.externaltools.arm-none.win32_1.13.1.201701261202/tools/compiler/bin/../lib/gcc/arm-none-eabi/5.4.1/armv6-m/crtbegin.o
 .ARM.attributes
                0x0000004a       0x31 Drivers/STM32F0xx_HAL_Driver/Src/stm32f0xx_hal.o
 .ARM.attributes
                0x0000007b       0x31 Drivers/STM32F0xx_HAL_Driver/Src/stm32f0xx_hal_adc.o
 .ARM.attributes
                0x000000ac       0x31 Drivers/STM32F0xx_HAL_Driver/Src/stm32f0xx_hal_cortex.o
 .ARM.attributes
                0x000000dd       0x31 Drivers/STM32F0xx_HAL_Driver/Src/stm32f0xx_hal_dac.o
 .ARM.attributes
                0x0000010e       0x31 Drivers/STM32F0xx_HAL_Driver/Src/stm32f0xx_hal_dac_ex.o
 .ARM.attributes
                0x0000013f       0x31 Drivers/STM32F0xx_HAL_Driver/Src/stm32f0xx_hal_gpio.o
 .ARM.attributes
                0x00000170       0x31 Drivers/STM32F0xx_HAL_Driver/Src/stm32f0xx_hal_pwr.o
 .ARM.attributes
                0x000001a1       0x31 Drivers/STM32F0xx_HAL_Driver/Src/stm32f0xx_hal_rcc.o
 .ARM.attributes
                0x000001d2       0x31 Middlewares/Third_Party/FreeRTOS/Source/CMSIS_RTOS/cmsis_os.o
 .ARM.attributes
                0x00000203       0x31 Middlewares/Third_Party/FreeRTOS/Source/list.o
 .ARM.attributes
                0x00000234       0x31 Middlewares/Third_Party/FreeRTOS/Source/queue.o
 .ARM.attributes
                0x00000265       0x31 Middlewares/Third_Party/FreeRTOS/Source/tasks.o
 .ARM.attributes
                0x00000296       0x31 Middlewares/Third_Party/FreeRTOS/Source/portable/GCC/ARM_CM0/port.o
 .ARM.attributes
                0x000002c7       0x31 Middlewares/Third_Party/FreeRTOS/Source/portable/MemMang/heap_4.o
 .ARM.attributes
                0x000002f8       0x31 Src/freertos.o
 .ARM.attributes
                0x00000329       0x31 Src/fsm.o
 .ARM.attributes
                0x0000035a       0x31 Src/ldr.o
 .ARM.attributes
                0x0000038b       0x31 Src/led.o
 .ARM.attributes
                0x000003bc       0x31 Src/main.o
 .ARM.attributes
                0x000003ed       0x31 Src/stm32f0xx_hal_msp.o
 .ARM.attributes
                0x0000041e       0x31 Src/stm32f0xx_it.o
 .ARM.attributes
                0x0000044f       0x31 Src/system_stm32f0xx.o
 .ARM.attributes
                0x00000480       0x21 startup/startup_stm32f051x8.o
 .ARM.attributes
                0x000004a1       0x1e i:/stm32/plugins/fr.ac6.mcu.externaltools.arm-none.win32_1.13.1.201701261202/tools/compiler/bin/../lib/gcc/arm-none-eabi/5.4.1/armv6-m\libgcc.a(_udivsi3.o)
 .ARM.attributes
                0x000004bf       0x1e i:/stm32/plugins/fr.ac6.mcu.externaltools.arm-none.win32_1.13.1.201701261202/tools/compiler/bin/../lib/gcc/arm-none-eabi/5.4.1/armv6-m\libgcc.a(_dvmd_tls.o)
 .ARM.attributes
                0x000004dd       0x2c i:/stm32/plugins/fr.ac6.mcu.externaltools.arm-none.win32_1.13.1.201701261202/tools/compiler/bin/../lib/gcc/arm-none-eabi/5.4.1/../../../../arm-none-eabi/lib/armv6-m\libc_nano.a(lib_a-init.o)
 .ARM.attributes
                0x00000509       0x2c i:/stm32/plugins/fr.ac6.mcu.externaltools.arm-none.win32_1.13.1.201701261202/tools/compiler/bin/../lib/gcc/arm-none-eabi/5.4.1/../../../../arm-none-eabi/lib/armv6-m\libc_nano.a(lib_a-memcpy-stub.o)
 .ARM.attributes
                0x00000535       0x2c i:/stm32/plugins/fr.ac6.mcu.externaltools.arm-none.win32_1.13.1.201701261202/tools/compiler/bin/../lib/gcc/arm-none-eabi/5.4.1/../../../../arm-none-eabi/lib/armv6-m\libc_nano.a(lib_a-memset.o)
 .ARM.attributes
                0x00000561       0x1e i:/stm32/plugins/fr.ac6.mcu.externaltools.arm-none.win32_1.13.1.201701261202/tools/compiler/bin/../lib/gcc/arm-none-eabi/5.4.1/armv6-m/crtn.o
OUTPUT(Ejercicio4STide.elf elf32-littlearm)

.debug_info     0x00000000     0xccd7
 .debug_info    0x00000000      0x5a2 Drivers/STM32F0xx_HAL_Driver/Src/stm32f0xx_hal.o
 .debug_info    0x000005a2      0xd85 Drivers/STM32F0xx_HAL_Driver/Src/stm32f0xx_hal_adc.o
 .debug_info    0x00001327      0x7b1 Drivers/STM32F0xx_HAL_Driver/Src/stm32f0xx_hal_cortex.o
 .debug_info    0x00001ad8      0x758 Drivers/STM32F0xx_HAL_Driver/Src/stm32f0xx_hal_dac.o
 .debug_info    0x00002230      0x7c4 Drivers/STM32F0xx_HAL_Driver/Src/stm32f0xx_hal_dac_ex.o
 .debug_info    0x000029f4      0x5ea Drivers/STM32F0xx_HAL_Driver/Src/stm32f0xx_hal_gpio.o
 .debug_info    0x00002fde      0x458 Drivers/STM32F0xx_HAL_Driver/Src/stm32f0xx_hal_pwr.o
 .debug_info    0x00003436      0x99e Drivers/STM32F0xx_HAL_Driver/Src/stm32f0xx_hal_rcc.o
 .debug_info    0x00003dd4     0x1aaf Middlewares/Third_Party/FreeRTOS/Source/CMSIS_RTOS/cmsis_os.o
 .debug_info    0x00005883      0x2a5 Middlewares/Third_Party/FreeRTOS/Source/list.o
 .debug_info    0x00005b28     0x11af Middlewares/Third_Party/FreeRTOS/Source/queue.o
 .debug_info    0x00006cd7     0x222a Middlewares/Third_Party/FreeRTOS/Source/tasks.o
 .debug_info    0x00008f01      0x419 Middlewares/Third_Party/FreeRTOS/Source/portable/GCC/ARM_CM0/port.o
 .debug_info    0x0000931a      0x391 Middlewares/Third_Party/FreeRTOS/Source/portable/MemMang/heap_4.o
 .debug_info    0x000096ab      0x11e Src/freertos.o
 .debug_info    0x000097c9      0x25b Src/fsm.o
 .debug_info    0x00009a24      0x5a8 Src/ldr.o
 .debug_info    0x00009fcc      0x4bf Src/led.o
 .debug_info    0x0000a48b     0x1595 Src/main.o
 .debug_info    0x0000ba20      0xaad Src/stm32f0xx_hal_msp.o
 .debug_info    0x0000c4cd      0x540 Src/stm32f0xx_it.o
 .debug_info    0x0000ca0d      0x24b Src/system_stm32f0xx.o
 .debug_info    0x0000cc58       0x7f startup/startup_stm32f051x8.o

.debug_abbrev   0x00000000     0x2b7a
 .debug_abbrev  0x00000000      0x209 Drivers/STM32F0xx_HAL_Driver/Src/stm32f0xx_hal.o
 .debug_abbrev  0x00000209      0x2df Drivers/STM32F0xx_HAL_Driver/Src/stm32f0xx_hal_adc.o
 .debug_abbrev  0x000004e8      0x276 Drivers/STM32F0xx_HAL_Driver/Src/stm32f0xx_hal_cortex.o
 .debug_abbrev  0x0000075e      0x1c1 Drivers/STM32F0xx_HAL_Driver/Src/stm32f0xx_hal_dac.o
 .debug_abbrev  0x0000091f      0x210 Drivers/STM32F0xx_HAL_Driver/Src/stm32f0xx_hal_dac_ex.o
 .debug_abbrev  0x00000b2f      0x1e1 Drivers/STM32F0xx_HAL_Driver/Src/stm32f0xx_hal_gpio.o
 .debug_abbrev  0x00000d10      0x150 Drivers/STM32F0xx_HAL_Driver/Src/stm32f0xx_hal_pwr.o
 .debug_abbrev  0x00000e60      0x254 Drivers/STM32F0xx_HAL_Driver/Src/stm32f0xx_hal_rcc.o
 .debug_abbrev  0x000010b4      0x347 Middlewares/Third_Party/FreeRTOS/Source/CMSIS_RTOS/cmsis_os.o
 .debug_abbrev  0x000013fb       0xdf Middlewares/Third_Party/FreeRTOS/Source/list.o
 .debug_abbrev  0x000014da      0x231 Middlewares/Third_Party/FreeRTOS/Source/queue.o
 .debug_abbrev  0x0000170b      0x336 Middlewares/Third_Party/FreeRTOS/Source/tasks.o
 .debug_abbrev  0x00001a41      0x24e Middlewares/Third_Party/FreeRTOS/Source/portable/GCC/ARM_CM0/port.o
 .debug_abbrev  0x00001c8f      0x1ef Middlewares/Third_Party/FreeRTOS/Source/portable/MemMang/heap_4.o
 .debug_abbrev  0x00001e7e       0xa3 Src/freertos.o
 .debug_abbrev  0x00001f21      0x1b3 Src/fsm.o
 .debug_abbrev  0x000020d4      0x1bc Src/ldr.o
 .debug_abbrev  0x00002290      0x1a0 Src/led.o
 .debug_abbrev  0x00002430      0x35d Src/main.o
 .debug_abbrev  0x0000278d      0x18d Src/stm32f0xx_hal_msp.o
 .debug_abbrev  0x0000291a      0x15b Src/stm32f0xx_it.o
 .debug_abbrev  0x00002a75       0xf3 Src/system_stm32f0xx.o
 .debug_abbrev  0x00002b68       0x12 startup/startup_stm32f051x8.o

.debug_loc      0x00000000     0x5675
 .debug_loc     0x00000000       0x6a Drivers/STM32F0xx_HAL_Driver/Src/stm32f0xx_hal.o
 .debug_loc     0x0000006a      0x9dc Drivers/STM32F0xx_HAL_Driver/Src/stm32f0xx_hal_adc.o
 .debug_loc     0x00000a46      0x3da Drivers/STM32F0xx_HAL_Driver/Src/stm32f0xx_hal_cortex.o
 .debug_loc     0x00000e20      0x233 Drivers/STM32F0xx_HAL_Driver/Src/stm32f0xx_hal_dac.o
 .debug_loc     0x00001053      0x3f3 Drivers/STM32F0xx_HAL_Driver/Src/stm32f0xx_hal_dac_ex.o
 .debug_loc     0x00001446      0x2a6 Drivers/STM32F0xx_HAL_Driver/Src/stm32f0xx_hal_gpio.o
 .debug_loc     0x000016ec       0xc9 Drivers/STM32F0xx_HAL_Driver/Src/stm32f0xx_hal_pwr.o
 .debug_loc     0x000017b5      0x455 Drivers/STM32F0xx_HAL_Driver/Src/stm32f0xx_hal_rcc.o
 .debug_loc     0x00001c0a      0xe77 Middlewares/Third_Party/FreeRTOS/Source/CMSIS_RTOS/cmsis_os.o
 .debug_loc     0x00002a81       0x89 Middlewares/Third_Party/FreeRTOS/Source/list.o
 .debug_loc     0x00002b0a      0xda2 Middlewares/Third_Party/FreeRTOS/Source/queue.o
 .debug_loc     0x000038ac     0x1563 Middlewares/Third_Party/FreeRTOS/Source/tasks.o
 .debug_loc     0x00004e0f      0x186 Middlewares/Third_Party/FreeRTOS/Source/portable/GCC/ARM_CM0/port.o
 .debug_loc     0x00004f95      0x2da Middlewares/Third_Party/FreeRTOS/Source/portable/MemMang/heap_4.o
 .debug_loc     0x0000526f       0x21 Src/freertos.o
 .debug_loc     0x00005290       0x8f Src/fsm.o
 .debug_loc     0x0000531f       0x2c Src/led.o
 .debug_loc     0x0000534b      0x19f Src/main.o
 .debug_loc     0x000054ea       0x84 Src/stm32f0xx_hal_msp.o
 .debug_loc     0x0000556e      0x107 Src/system_stm32f0xx.o

.debug_aranges  0x00000000      0xb18
 .debug_aranges
                0x00000000       0x98 Drivers/STM32F0xx_HAL_Driver/Src/stm32f0xx_hal.o
 .debug_aranges
                0x00000098       0xd0 Drivers/STM32F0xx_HAL_Driver/Src/stm32f0xx_hal_adc.o
 .debug_aranges
                0x00000168       0x78 Drivers/STM32F0xx_HAL_Driver/Src/stm32f0xx_hal_cortex.o
 .debug_aranges
                0x000001e0       0x78 Drivers/STM32F0xx_HAL_Driver/Src/stm32f0xx_hal_dac.o
 .debug_aranges
                0x00000258       0x68 Drivers/STM32F0xx_HAL_Driver/Src/stm32f0xx_hal_dac_ex.o
 .debug_aranges
                0x000002c0       0x58 Drivers/STM32F0xx_HAL_Driver/Src/stm32f0xx_hal_gpio.o
 .debug_aranges
                0x00000318       0x78 Drivers/STM32F0xx_HAL_Driver/Src/stm32f0xx_hal_pwr.o
 .debug_aranges
                0x00000390       0x80 Drivers/STM32F0xx_HAL_Driver/Src/stm32f0xx_hal_rcc.o
 .debug_aranges
                0x00000410      0x178 Middlewares/Third_Party/FreeRTOS/Source/CMSIS_RTOS/cmsis_os.o
 .debug_aranges
                0x00000588       0x40 Middlewares/Third_Party/FreeRTOS/Source/list.o
 .debug_aranges
                0x000005c8       0xd0 Middlewares/Third_Party/FreeRTOS/Source/queue.o
 .debug_aranges
                0x00000698      0x198 Middlewares/Third_Party/FreeRTOS/Source/tasks.o
 .debug_aranges
                0x00000830       0x88 Middlewares/Third_Party/FreeRTOS/Source/portable/GCC/ARM_CM0/port.o
 .debug_aranges
                0x000008b8       0x48 Middlewares/Third_Party/FreeRTOS/Source/portable/MemMang/heap_4.o
 .debug_aranges
                0x00000900       0x28 Src/freertos.o
 .debug_aranges
                0x00000928       0x30 Src/fsm.o
 .debug_aranges
                0x00000958       0x40 Src/ldr.o
 .debug_aranges
                0x00000998       0x30 Src/led.o
 .debug_aranges
                0x000009c8       0x90 Src/main.o
 .debug_aranges
                0x00000a58       0x40 Src/stm32f0xx_hal_msp.o
 .debug_aranges
                0x00000a98       0x30 Src/stm32f0xx_it.o
 .debug_aranges
                0x00000ac8       0x28 Src/system_stm32f0xx.o
 .debug_aranges
                0x00000af0       0x28 startup/startup_stm32f051x8.o

.debug_ranges   0x00000000      0xc08
 .debug_ranges  0x00000000       0x88 Drivers/STM32F0xx_HAL_Driver/Src/stm32f0xx_hal.o
 .debug_ranges  0x00000088       0xc0 Drivers/STM32F0xx_HAL_Driver/Src/stm32f0xx_hal_adc.o
 .debug_ranges  0x00000148       0xe8 Drivers/STM32F0xx_HAL_Driver/Src/stm32f0xx_hal_cortex.o
 .debug_ranges  0x00000230       0x68 Drivers/STM32F0xx_HAL_Driver/Src/stm32f0xx_hal_dac.o
 .debug_ranges  0x00000298       0x58 Drivers/STM32F0xx_HAL_Driver/Src/stm32f0xx_hal_dac_ex.o
 .debug_ranges  0x000002f0       0x68 Drivers/STM32F0xx_HAL_Driver/Src/stm32f0xx_hal_gpio.o
 .debug_ranges  0x00000358       0x68 Drivers/STM32F0xx_HAL_Driver/Src/stm32f0xx_hal_pwr.o
 .debug_ranges  0x000003c0       0xb0 Drivers/STM32F0xx_HAL_Driver/Src/stm32f0xx_hal_rcc.o
 .debug_ranges  0x00000470      0x168 Middlewares/Third_Party/FreeRTOS/Source/CMSIS_RTOS/cmsis_os.o
 .debug_ranges  0x000005d8       0x30 Middlewares/Third_Party/FreeRTOS/Source/list.o
 .debug_ranges  0x00000608       0xc0 Middlewares/Third_Party/FreeRTOS/Source/queue.o
 .debug_ranges  0x000006c8      0x228 Middlewares/Third_Party/FreeRTOS/Source/tasks.o
 .debug_ranges  0x000008f0       0x90 Middlewares/Third_Party/FreeRTOS/Source/portable/GCC/ARM_CM0/port.o
 .debug_ranges  0x00000980       0x38 Middlewares/Third_Party/FreeRTOS/Source/portable/MemMang/heap_4.o
 .debug_ranges  0x000009b8       0x18 Src/freertos.o
 .debug_ranges  0x000009d0       0x20 Src/fsm.o
 .debug_ranges  0x000009f0       0x30 Src/ldr.o
 .debug_ranges  0x00000a20       0x20 Src/led.o
 .debug_ranges  0x00000a40       0xc0 Src/main.o
 .debug_ranges  0x00000b00       0xb0 Src/stm32f0xx_hal_msp.o
 .debug_ranges  0x00000bb0       0x20 Src/stm32f0xx_it.o
 .debug_ranges  0x00000bd0       0x18 Src/system_stm32f0xx.o
 .debug_ranges  0x00000be8       0x20 startup/startup_stm32f051x8.o

.debug_macro    0x00000000    0x146cd
 .debug_macro   0x00000000      0x32b Drivers/STM32F0xx_HAL_Driver/Src/stm32f0xx_hal.o
 .debug_macro   0x0000032b      0x838 Drivers/STM32F0xx_HAL_Driver/Src/stm32f0xx_hal.o
 .debug_macro   0x00000b63       0x64 Drivers/STM32F0xx_HAL_Driver/Src/stm32f0xx_hal.o
 .debug_macro   0x00000bc7       0xa4 Drivers/STM32F0xx_HAL_Driver/Src/stm32f0xx_hal.o
 .debug_macro   0x00000c6b       0x2e Drivers/STM32F0xx_HAL_Driver/Src/stm32f0xx_hal.o
 .debug_macro   0x00000c99       0x22 Drivers/STM32F0xx_HAL_Driver/Src/stm32f0xx_hal.o
 .debug_macro   0x00000cbb       0x22 Drivers/STM32F0xx_HAL_Driver/Src/stm32f0xx_hal.o
 .debug_macro   0x00000cdd       0x87 Drivers/STM32F0xx_HAL_Driver/Src/stm32f0xx_hal.o
 .debug_macro   0x00000d64       0x44 Drivers/STM32F0xx_HAL_Driver/Src/stm32f0xx_hal.o
 .debug_macro   0x00000da8       0xfd Drivers/STM32F0xx_HAL_Driver/Src/stm32f0xx_hal.o
 .debug_macro   0x00000ea5       0x5e Drivers/STM32F0xx_HAL_Driver/Src/stm32f0xx_hal.o
 .debug_macro   0x00000f03      0x1df Drivers/STM32F0xx_HAL_Driver/Src/stm32f0xx_hal.o
 .debug_macro   0x000010e2       0x34 Drivers/STM32F0xx_HAL_Driver/Src/stm32f0xx_hal.o
 .debug_macro   0x00001116       0x26 Drivers/STM32F0xx_HAL_Driver/Src/stm32f0xx_hal.o
 .debug_macro   0x0000113c      0x30d Drivers/STM32F0xx_HAL_Driver/Src/stm32f0xx_hal.o
 .debug_macro   0x00001449     0x8ba9 Drivers/STM32F0xx_HAL_Driver/Src/stm32f0xx_hal.o
 .debug_macro   0x00009ff2       0x3c Drivers/STM32F0xx_HAL_Driver/Src/stm32f0xx_hal.o
 .debug_macro   0x0000a02e     0x3408 Drivers/STM32F0xx_HAL_Driver/Src/stm32f0xx_hal.o
 .debug_macro   0x0000d436       0x52 Drivers/STM32F0xx_HAL_Driver/Src/stm32f0xx_hal.o
 .debug_macro   0x0000d488       0x35 Drivers/STM32F0xx_HAL_Driver/Src/stm32f0xx_hal.o
 .debug_macro   0x0000d4bd       0x9c Drivers/STM32F0xx_HAL_Driver/Src/stm32f0xx_hal.o
 .debug_macro   0x0000d559       0x16 Drivers/STM32F0xx_HAL_Driver/Src/stm32f0xx_hal.o
 .debug_macro   0x0000d56f       0x97 Drivers/STM32F0xx_HAL_Driver/Src/stm32f0xx_hal.o
 .debug_macro   0x0000d606      0x30d Drivers/STM32F0xx_HAL_Driver/Src/stm32f0xx_hal.o
 .debug_macro   0x0000d913       0xfd Drivers/STM32F0xx_HAL_Driver/Src/stm32f0xx_hal.o
 .debug_macro   0x0000da10       0x10 Drivers/STM32F0xx_HAL_Driver/Src/stm32f0xx_hal.o
 .debug_macro   0x0000da20       0x52 Drivers/STM32F0xx_HAL_Driver/Src/stm32f0xx_hal.o
 .debug_macro   0x0000da72       0x1f Drivers/STM32F0xx_HAL_Driver/Src/stm32f0xx_hal.o
 .debug_macro   0x0000da91       0x43 Drivers/STM32F0xx_HAL_Driver/Src/stm32f0xx_hal.o
 .debug_macro   0x0000dad4       0x20 Drivers/STM32F0xx_HAL_Driver/Src/stm32f0xx_hal.o
 .debug_macro   0x0000daf4      0x187 Drivers/STM32F0xx_HAL_Driver/Src/stm32f0xx_hal.o
 .debug_macro   0x0000dc7b       0x10 Drivers/STM32F0xx_HAL_Driver/Src/stm32f0xx_hal.o
 .debug_macro   0x0000dc8b       0x1c Drivers/STM32F0xx_HAL_Driver/Src/stm32f0xx_hal.o
 .debug_macro   0x0000dca7       0x52 Drivers/STM32F0xx_HAL_Driver/Src/stm32f0xx_hal.o
 .debug_macro   0x0000dcf9       0x40 Drivers/STM32F0xx_HAL_Driver/Src/stm32f0xx_hal.o
 .debug_macro   0x0000dd39       0x10 Drivers/STM32F0xx_HAL_Driver/Src/stm32f0xx_hal.o
 .debug_macro   0x0000dd49       0x40 Drivers/STM32F0xx_HAL_Driver/Src/stm32f0xx_hal.o
 .debug_macro   0x0000dd89       0xd7 Drivers/STM32F0xx_HAL_Driver/Src/stm32f0xx_hal.o
 .debug_macro   0x0000de60       0x16 Drivers/STM32F0xx_HAL_Driver/Src/stm32f0xx_hal.o
 .debug_macro   0x0000de76      0x18b Drivers/STM32F0xx_HAL_Driver/Src/stm32f0xx_hal.o
 .debug_macro   0x0000e001       0x49 Drivers/STM32F0xx_HAL_Driver/Src/stm32f0xx_hal.o
 .debug_macro   0x0000e04a      0x931 Drivers/STM32F0xx_HAL_Driver/Src/stm32f0xx_hal.o
 .debug_macro   0x0000e97b      0x252 Drivers/STM32F0xx_HAL_Driver/Src/stm32f0xx_hal.o
 .debug_macro   0x0000ebcd      0x13a Drivers/STM32F0xx_HAL_Driver/Src/stm32f0xx_hal.o
 .debug_macro   0x0000ed07      0x114 Drivers/STM32F0xx_HAL_Driver/Src/stm32f0xx_hal.o
 .debug_macro   0x0000ee1b      0x1ed Drivers/STM32F0xx_HAL_Driver/Src/stm32f0xx_hal.o
 .debug_macro   0x0000f008       0x34 Drivers/STM32F0xx_HAL_Driver/Src/stm32f0xx_hal.o
 .debug_macro   0x0000f03c       0x43 Drivers/STM32F0xx_HAL_Driver/Src/stm32f0xx_hal.o
 .debug_macro   0x0000f07f       0x29 Drivers/STM32F0xx_HAL_Driver/Src/stm32f0xx_hal.o
 .debug_macro   0x0000f0a8      0x344 Drivers/STM32F0xx_HAL_Driver/Src/stm32f0xx_hal.o
 .debug_macro   0x0000f3ec       0xd6 Drivers/STM32F0xx_HAL_Driver/Src/stm32f0xx_hal.o
 .debug_macro   0x0000f4c2       0xcb Drivers/STM32F0xx_HAL_Driver/Src/stm32f0xx_hal.o
 .debug_macro   0x0000f58d       0xd9 Drivers/STM32F0xx_HAL_Driver/Src/stm32f0xx_hal.o
 .debug_macro   0x0000f666       0xb6 Drivers/STM32F0xx_HAL_Driver/Src/stm32f0xx_hal.o
 .debug_macro   0x0000f71c      0x199 Drivers/STM32F0xx_HAL_Driver/Src/stm32f0xx_hal.o
 .debug_macro   0x0000f8b5      0x202 Drivers/STM32F0xx_HAL_Driver/Src/stm32f0xx_hal.o
 .debug_macro   0x0000fab7       0x61 Drivers/STM32F0xx_HAL_Driver/Src/stm32f0xx_hal.o
 .debug_macro   0x0000fb18       0x90 Drivers/STM32F0xx_HAL_Driver/Src/stm32f0xx_hal.o
 .debug_macro   0x0000fba8       0x4d Drivers/STM32F0xx_HAL_Driver/Src/stm32f0xx_hal.o
 .debug_macro   0x0000fbf5      0x114 Drivers/STM32F0xx_HAL_Driver/Src/stm32f0xx_hal.o
 .debug_macro   0x0000fd09      0x10d Drivers/STM32F0xx_HAL_Driver/Src/stm32f0xx_hal.o
 .debug_macro   0x0000fe16      0x32b Drivers/STM32F0xx_HAL_Driver/Src/stm32f0xx_hal_adc.o
 .debug_macro   0x00010141      0x307 Drivers/STM32F0xx_HAL_Driver/Src/stm32f0xx_hal_cortex.o
 .debug_macro   0x00010448      0x308 Drivers/STM32F0xx_HAL_Driver/Src/stm32f0xx_hal_dac.o
 .debug_macro   0x00010750      0x307 Drivers/STM32F0xx_HAL_Driver/Src/stm32f0xx_hal_dac_ex.o
 .debug_macro   0x00010a57      0x340 Drivers/STM32F0xx_HAL_Driver/Src/stm32f0xx_hal_gpio.o
 .debug_macro   0x00010d97      0x307 Drivers/STM32F0xx_HAL_Driver/Src/stm32f0xx_hal_pwr.o
 .debug_macro   0x0001109e      0x319 Drivers/STM32F0xx_HAL_Driver/Src/stm32f0xx_hal_rcc.o
 .debug_macro   0x000113b7      0x1f6 Middlewares/Third_Party/FreeRTOS/Source/CMSIS_RTOS/cmsis_os.o
 .debug_macro   0x000115ad       0x4c Middlewares/Third_Party/FreeRTOS/Source/CMSIS_RTOS/cmsis_os.o
 .debug_macro   0x000115f9       0x8d Middlewares/Third_Party/FreeRTOS/Source/CMSIS_RTOS/cmsis_os.o
 .debug_macro   0x00011686      0x174 Middlewares/Third_Party/FreeRTOS/Source/CMSIS_RTOS/cmsis_os.o
 .debug_macro   0x000117fa       0x4a Middlewares/Third_Party/FreeRTOS/Source/CMSIS_RTOS/cmsis_os.o
 .debug_macro   0x00011844       0x10 Middlewares/Third_Party/FreeRTOS/Source/CMSIS_RTOS/cmsis_os.o
 .debug_macro   0x00011854       0x35 Middlewares/Third_Party/FreeRTOS/Source/CMSIS_RTOS/cmsis_os.o
 .debug_macro   0x00011889       0x16 Middlewares/Third_Party/FreeRTOS/Source/CMSIS_RTOS/cmsis_os.o
 .debug_macro   0x0001189f       0xda Middlewares/Third_Party/FreeRTOS/Source/CMSIS_RTOS/cmsis_os.o
 .debug_macro   0x00011979      0x15d Middlewares/Third_Party/FreeRTOS/Source/CMSIS_RTOS/cmsis_os.o
 .debug_macro   0x00011ad6       0xb6 Middlewares/Third_Party/FreeRTOS/Source/CMSIS_RTOS/cmsis_os.o
 .debug_macro   0x00011b8c       0x10 Middlewares/Third_Party/FreeRTOS/Source/CMSIS_RTOS/cmsis_os.o
 .debug_macro   0x00011b9c       0x1f Middlewares/Third_Party/FreeRTOS/Source/CMSIS_RTOS/cmsis_os.o
 .debug_macro   0x00011bbb      0x3ed Middlewares/Third_Party/FreeRTOS/Source/CMSIS_RTOS/cmsis_os.o
 .debug_macro   0x00011fa8       0xc0 Middlewares/Third_Party/FreeRTOS/Source/CMSIS_RTOS/cmsis_os.o
 .debug_macro   0x00012068       0x9a Middlewares/Third_Party/FreeRTOS/Source/CMSIS_RTOS/cmsis_os.o
 .debug_macro   0x00012102       0x91 Middlewares/Third_Party/FreeRTOS/Source/CMSIS_RTOS/cmsis_os.o
 .debug_macro   0x00012193       0xb0 Middlewares/Third_Party/FreeRTOS/Source/CMSIS_RTOS/cmsis_os.o
 .debug_macro   0x00012243       0x7f Middlewares/Third_Party/FreeRTOS/Source/CMSIS_RTOS/cmsis_os.o
 .debug_macro   0x000122c2       0xcf Middlewares/Third_Party/FreeRTOS/Source/CMSIS_RTOS/cmsis_os.o
 .debug_macro   0x00012391      0x18b Middlewares/Third_Party/FreeRTOS/Source/list.o
 .debug_macro   0x0001251c      0x207 Middlewares/Third_Party/FreeRTOS/Source/queue.o
 .debug_macro   0x00012723       0x16 Middlewares/Third_Party/FreeRTOS/Source/queue.o
 .debug_macro   0x00012739      0x24a Middlewares/Third_Party/FreeRTOS/Source/tasks.o
 .debug_macro   0x00012983       0x11 Middlewares/Third_Party/FreeRTOS/Source/tasks.o
 .debug_macro   0x00012994      0x14c Middlewares/Third_Party/FreeRTOS/Source/portable/GCC/ARM_CM0/port.o
 .debug_macro   0x00012ae0      0x1b2 Middlewares/Third_Party/FreeRTOS/Source/portable/MemMang/heap_4.o
 .debug_macro   0x00012c92      0x36a Src/freertos.o
 .debug_macro   0x00012ffc       0xaa Src/freertos.o
 .debug_macro   0x000130a6       0x3a Src/freertos.o
 .debug_macro   0x000130e0      0x101 Src/fsm.o
 .debug_macro   0x000131e1      0x315 Src/ldr.o
 .debug_macro   0x000134f6      0x315 Src/led.o
 .debug_macro   0x0001380b      0x400 Src/main.o
 .debug_macro   0x00013c0b       0xe0 Src/main.o
 .debug_macro   0x00013ceb      0x307 Src/stm32f0xx_hal_msp.o
 .debug_macro   0x00013ff2      0x3d4 Src/stm32f0xx_it.o
 .debug_macro   0x000143c6      0x307 Src/system_stm32f0xx.o

.debug_line     0x00000000     0xc299
 .debug_line    0x00000000      0x8df Drivers/STM32F0xx_HAL_Driver/Src/stm32f0xx_hal.o
 .debug_line    0x000008df      0xd1c Drivers/STM32F0xx_HAL_Driver/Src/stm32f0xx_hal_adc.o
 .debug_line    0x000015fb      0x92e Drivers/STM32F0xx_HAL_Driver/Src/stm32f0xx_hal_cortex.o
 .debug_line    0x00001f29      0x8b1 Drivers/STM32F0xx_HAL_Driver/Src/stm32f0xx_hal_dac.o
 .debug_line    0x000027da      0x96c Drivers/STM32F0xx_HAL_Driver/Src/stm32f0xx_hal_dac_ex.o
 .debug_line    0x00003146      0x91d Drivers/STM32F0xx_HAL_Driver/Src/stm32f0xx_hal_gpio.o
 .debug_line    0x00003a63      0x8ba Drivers/STM32F0xx_HAL_Driver/Src/stm32f0xx_hal_pwr.o
 .debug_line    0x0000431d      0xab5 Drivers/STM32F0xx_HAL_Driver/Src/stm32f0xx_hal_rcc.o
 .debug_line    0x00004dd2      0xac4 Middlewares/Third_Party/FreeRTOS/Source/CMSIS_RTOS/cmsis_os.o
 .debug_line    0x00005896      0x559 Middlewares/Third_Party/FreeRTOS/Source/list.o
 .debug_line    0x00005def      0x95d Middlewares/Third_Party/FreeRTOS/Source/queue.o
 .debug_line    0x0000674c      0xe11 Middlewares/Third_Party/FreeRTOS/Source/tasks.o
 .debug_line    0x0000755d      0x5d4 Middlewares/Third_Party/FreeRTOS/Source/portable/GCC/ARM_CM0/port.o
 .debug_line    0x00007b31      0x5f9 Middlewares/Third_Party/FreeRTOS/Source/portable/MemMang/heap_4.o
 .debug_line    0x0000812a      0x8ec Src/freertos.o
 .debug_line    0x00008a16      0x367 Src/fsm.o
 .debug_line    0x00008d7d      0x7ce Src/ldr.o
 .debug_line    0x0000954b      0x7ae Src/led.o
 .debug_line    0x00009cf9      0xb7a Src/main.o
 .debug_line    0x0000a873      0x81e Src/stm32f0xx_hal_msp.o
 .debug_line    0x0000b091      0x9b9 Src/stm32f0xx_it.o
 .debug_line    0x0000ba4a      0x7cc Src/system_stm32f0xx.o
 .debug_line    0x0000c216       0x83 startup/startup_stm32f051x8.o

.debug_str      0x00000000    0x6c6ea
 .debug_str     0x00000000    0x63286 Drivers/STM32F0xx_HAL_Driver/Src/stm32f0xx_hal.o
                              0x63650 (size before relaxing)
 .debug_str     0x00063286      0x67d Drivers/STM32F0xx_HAL_Driver/Src/stm32f0xx_hal_adc.o
                              0x637f2 (size before relaxing)
 .debug_str     0x00063903      0x1ab Drivers/STM32F0xx_HAL_Driver/Src/stm32f0xx_hal_cortex.o
                              0x63536 (size before relaxing)
 .debug_str     0x00063aae      0x218 Drivers/STM32F0xx_HAL_Driver/Src/stm32f0xx_hal_dac.o
                              0x6351e (size before relaxing)
 .debug_str     0x00063cc6      0x133 Drivers/STM32F0xx_HAL_Driver/Src/stm32f0xx_hal_dac_ex.o
                              0x635a8 (size before relaxing)
 .debug_str     0x00063df9      0x28c Drivers/STM32F0xx_HAL_Driver/Src/stm32f0xx_hal_gpio.o
                              0x633f6 (size before relaxing)
 .debug_str     0x00064085      0x1a9 Drivers/STM32F0xx_HAL_Driver/Src/stm32f0xx_hal_pwr.o
                              0x632e1 (size before relaxing)
 .debug_str     0x0006422e      0x33b Drivers/STM32F0xx_HAL_Driver/Src/stm32f0xx_hal_rcc.o
                              0x635a6 (size before relaxing)
 .debug_str     0x00064569     0x5df9 Middlewares/Third_Party/FreeRTOS/Source/CMSIS_RTOS/cmsis_os.o
                               0xbd27 (size before relaxing)
 .debug_str     0x0006a362      0x22a Middlewares/Third_Party/FreeRTOS/Source/list.o
                               0x8cc5 (size before relaxing)
 .debug_str     0x0006a58c      0x6f0 Middlewares/Third_Party/FreeRTOS/Source/queue.o
                               0xa66b (size before relaxing)
 .debug_str     0x0006ac7c      0xed6 Middlewares/Third_Party/FreeRTOS/Source/tasks.o
                               0xae9b (size before relaxing)
 .debug_str     0x0006bb52      0x4ab Middlewares/Third_Party/FreeRTOS/Source/portable/GCC/ARM_CM0/port.o
                               0x7207 (size before relaxing)
 .debug_str     0x0006bffd      0x243 Middlewares/Third_Party/FreeRTOS/Source/portable/MemMang/heap_4.o
                               0x9598 (size before relaxing)
 .debug_str     0x0006c240       0x25 Src/freertos.o
                              0x665b3 (size before relaxing)
 .debug_str     0x0006c265       0xc7 Src/fsm.o
                               0x5269 (size before relaxing)
 .debug_str     0x0006c32c       0x67 Src/ldr.o
                              0x63474 (size before relaxing)
 .debug_str     0x0006c393       0x43 Src/led.o
                              0x633c9 (size before relaxing)
 .debug_str     0x0006c3d6      0x204 Src/main.o
                              0x693cb (size before relaxing)
 .debug_str     0x0006c5da       0x6b Src/stm32f0xx_hal_msp.o
                              0x637fc (size before relaxing)
 .debug_str     0x0006c645       0x4b Src/stm32f0xx_it.o
                              0x68882 (size before relaxing)
 .debug_str     0x0006c690       0x5a Src/system_stm32f0xx.o
                              0x6318d (size before relaxing)

.comment        0x00000000       0x6e
 .comment       0x00000000       0x6e Drivers/STM32F0xx_HAL_Driver/Src/stm32f0xx_hal.o
                                 0x6f (size before relaxing)
 .comment       0x0000006e       0x6f Drivers/STM32F0xx_HAL_Driver/Src/stm32f0xx_hal_adc.o
 .comment       0x0000006e       0x6f Drivers/STM32F0xx_HAL_Driver/Src/stm32f0xx_hal_cortex.o
 .comment       0x0000006e       0x6f Drivers/STM32F0xx_HAL_Driver/Src/stm32f0xx_hal_dac.o
 .comment       0x0000006e       0x6f Drivers/STM32F0xx_HAL_Driver/Src/stm32f0xx_hal_dac_ex.o
 .comment       0x0000006e       0x6f Drivers/STM32F0xx_HAL_Driver/Src/stm32f0xx_hal_gpio.o
 .comment       0x0000006e       0x6f Drivers/STM32F0xx_HAL_Driver/Src/stm32f0xx_hal_pwr.o
 .comment       0x0000006e       0x6f Drivers/STM32F0xx_HAL_Driver/Src/stm32f0xx_hal_rcc.o
 .comment       0x0000006e       0x6f Middlewares/Third_Party/FreeRTOS/Source/CMSIS_RTOS/cmsis_os.o
 .comment       0x0000006e       0x6f Middlewares/Third_Party/FreeRTOS/Source/list.o
 .comment       0x0000006e       0x6f Middlewares/Third_Party/FreeRTOS/Source/queue.o
 .comment       0x0000006e       0x6f Middlewares/Third_Party/FreeRTOS/Source/tasks.o
 .comment       0x0000006e       0x6f Middlewares/Third_Party/FreeRTOS/Source/portable/GCC/ARM_CM0/port.o
 .comment       0x0000006e       0x6f Middlewares/Third_Party/FreeRTOS/Source/portable/MemMang/heap_4.o
 .comment       0x0000006e       0x6f Src/freertos.o
 .comment       0x0000006e       0x6f Src/fsm.o
 .comment       0x0000006e       0x6f Src/ldr.o
 .comment       0x0000006e       0x6f Src/led.o
 .comment       0x0000006e       0x6f Src/main.o
 .comment       0x0000006e       0x6f Src/stm32f0xx_hal_msp.o
 .comment       0x0000006e       0x6f Src/stm32f0xx_it.o
 .comment       0x0000006e       0x6f Src/system_stm32f0xx.o

.debug_frame    0x00000000     0x1cd0
 .debug_frame   0x00000000      0x144 Drivers/STM32F0xx_HAL_Driver/Src/stm32f0xx_hal.o
 .debug_frame   0x00000144      0x2d8 Drivers/STM32F0xx_HAL_Driver/Src/stm32f0xx_hal_adc.o
 .debug_frame   0x0000041c       0xe4 Drivers/STM32F0xx_HAL_Driver/Src/stm32f0xx_hal_cortex.o
 .debug_frame   0x00000500      0x160 Drivers/STM32F0xx_HAL_Driver/Src/stm32f0xx_hal_dac.o
 .debug_frame   0x00000660       0xfc Drivers/STM32F0xx_HAL_Driver/Src/stm32f0xx_hal_dac_ex.o
 .debug_frame   0x0000075c       0xc0 Drivers/STM32F0xx_HAL_Driver/Src/stm32f0xx_hal_gpio.o
 .debug_frame   0x0000081c       0xd8 Drivers/STM32F0xx_HAL_Driver/Src/stm32f0xx_hal_pwr.o
 .debug_frame   0x000008f4      0x12c Drivers/STM32F0xx_HAL_Driver/Src/stm32f0xx_hal_rcc.o
 .debug_frame   0x00000a20      0x4c4 Middlewares/Third_Party/FreeRTOS/Source/CMSIS_RTOS/cmsis_os.o
 .debug_frame   0x00000ee4       0x6c Middlewares/Third_Party/FreeRTOS/Source/list.o
 .debug_frame   0x00000f50      0x254 Middlewares/Third_Party/FreeRTOS/Source/queue.o
 .debug_frame   0x000011a4      0x4e0 Middlewares/Third_Party/FreeRTOS/Source/tasks.o
 .debug_frame   0x00001684      0x11c Middlewares/Third_Party/FreeRTOS/Source/portable/GCC/ARM_CM0/port.o
 .debug_frame   0x000017a0       0x9c Middlewares/Third_Party/FreeRTOS/Source/portable/MemMang/heap_4.o
 .debug_frame   0x0000183c       0x38 Src/freertos.o
 .debug_frame   0x00001874       0x54 Src/fsm.o
 .debug_frame   0x000018c8       0x80 Src/ldr.o
 .debug_frame   0x00001948       0x58 Src/led.o
 .debug_frame   0x000019a0      0x16c Src/main.o
 .debug_frame   0x00001b0c       0x9c Src/stm32f0xx_hal_msp.o
 .debug_frame   0x00001ba8       0x58 Src/stm32f0xx_it.o
 .debug_frame   0x00001c00       0x3c Src/system_stm32f0xx.o
 .debug_frame   0x00001c3c       0x20 i:/stm32/plugins/fr.ac6.mcu.externaltools.arm-none.win32_1.13.1.201701261202/tools/compiler/bin/../lib/gcc/arm-none-eabi/5.4.1/armv6-m\libgcc.a(_udivsi3.o)
 .debug_frame   0x00001c5c       0x2c i:/stm32/plugins/fr.ac6.mcu.externaltools.arm-none.win32_1.13.1.201701261202/tools/compiler/bin/../lib/gcc/arm-none-eabi/5.4.1/../../../../arm-none-eabi/lib/armv6-m\libc_nano.a(lib_a-init.o)
 .debug_frame   0x00001c88       0x28 i:/stm32/plugins/fr.ac6.mcu.externaltools.arm-none.win32_1.13.1.201701261202/tools/compiler/bin/../lib/gcc/arm-none-eabi/5.4.1/../../../../arm-none-eabi/lib/armv6-m\libc_nano.a(lib_a-memcpy-stub.o)
 .debug_frame   0x00001cb0       0x20 i:/stm32/plugins/fr.ac6.mcu.externaltools.arm-none.win32_1.13.1.201701261202/tools/compiler/bin/../lib/gcc/arm-none-eabi/5.4.1/../../../../arm-none-eabi/lib/armv6-m\libc_nano.a(lib_a-memset.o)
