Archive member included to satisfy reference by file (symbol)

c:/program files/eclipse/eclipse/plugins/fr.ac6.mcu.externaltools.arm-none.win32_1.13.1.201701200843/tools/compiler/bin/../lib/gcc/arm-none-eabi/5.4.1/armv6-m\libgcc.a(_thumb1_case_uqi.o)
                              Middlewares/Third_Party/FreeRTOS/Source/tasks.o (__gnu_thumb1_case_uqi)
c:/program files/eclipse/eclipse/plugins/fr.ac6.mcu.externaltools.arm-none.win32_1.13.1.201701200843/tools/compiler/bin/../lib/gcc/arm-none-eabi/5.4.1/armv6-m\libgcc.a(_udivsi3.o)
                              Src/main.o (__aeabi_uidiv)
c:/program files/eclipse/eclipse/plugins/fr.ac6.mcu.externaltools.arm-none.win32_1.13.1.201701200843/tools/compiler/bin/../lib/gcc/arm-none-eabi/5.4.1/armv6-m\libgcc.a(_dvmd_tls.o)
                              c:/program files/eclipse/eclipse/plugins/fr.ac6.mcu.externaltools.arm-none.win32_1.13.1.201701200843/tools/compiler/bin/../lib/gcc/arm-none-eabi/5.4.1/armv6-m\libgcc.a(_udivsi3.o) (__aeabi_idiv0)
c:/program files/eclipse/eclipse/plugins/fr.ac6.mcu.externaltools.arm-none.win32_1.13.1.201701200843/tools/compiler/bin/../lib/gcc/arm-none-eabi/5.4.1/armv6-m\libgcc.a(_lshrdi3.o)
                              Drivers/STM32F0xx_HAL_Driver/Src/stm32f0xx_hal_flash.o (__aeabi_llsr)
c:/program files/eclipse/eclipse/plugins/fr.ac6.mcu.externaltools.arm-none.win32_1.13.1.201701200843/tools/compiler/bin/../lib/gcc/arm-none-eabi/5.4.1/../../../../arm-none-eabi/lib/armv6-m\libc_nano.a(lib_a-exit.o)
                              c:/program files/eclipse/eclipse/plugins/fr.ac6.mcu.externaltools.arm-none.win32_1.13.1.201701200843/tools/compiler/bin/../lib/gcc/arm-none-eabi/5.4.1/../../../../arm-none-eabi/lib/armv6-m/crt0.o (exit)
c:/program files/eclipse/eclipse/plugins/fr.ac6.mcu.externaltools.arm-none.win32_1.13.1.201701200843/tools/compiler/bin/../lib/gcc/arm-none-eabi/5.4.1/../../../../arm-none-eabi/lib/armv6-m\libc_nano.a(lib_a-impure.o)
                              c:/program files/eclipse/eclipse/plugins/fr.ac6.mcu.externaltools.arm-none.win32_1.13.1.201701200843/tools/compiler/bin/../lib/gcc/arm-none-eabi/5.4.1/../../../../arm-none-eabi/lib/armv6-m\libc_nano.a(lib_a-exit.o) (_global_impure_ptr)
c:/program files/eclipse/eclipse/plugins/fr.ac6.mcu.externaltools.arm-none.win32_1.13.1.201701200843/tools/compiler/bin/../lib/gcc/arm-none-eabi/5.4.1/../../../../arm-none-eabi/lib/armv6-m\libc_nano.a(lib_a-init.o)
                              c:/program files/eclipse/eclipse/plugins/fr.ac6.mcu.externaltools.arm-none.win32_1.13.1.201701200843/tools/compiler/bin/../lib/gcc/arm-none-eabi/5.4.1/../../../../arm-none-eabi/lib/armv6-m/crt0.o (__libc_init_array)
c:/program files/eclipse/eclipse/plugins/fr.ac6.mcu.externaltools.arm-none.win32_1.13.1.201701200843/tools/compiler/bin/../lib/gcc/arm-none-eabi/5.4.1/../../../../arm-none-eabi/lib/armv6-m\libc_nano.a(lib_a-memcpy-stub.o)
                              Middlewares/Third_Party/FreeRTOS/Source/queue.o (memcpy)
c:/program files/eclipse/eclipse/plugins/fr.ac6.mcu.externaltools.arm-none.win32_1.13.1.201701200843/tools/compiler/bin/../lib/gcc/arm-none-eabi/5.4.1/../../../../arm-none-eabi/lib/armv6-m\libc_nano.a(lib_a-memset.o)
                              c:/program files/eclipse/eclipse/plugins/fr.ac6.mcu.externaltools.arm-none.win32_1.13.1.201701200843/tools/compiler/bin/../lib/gcc/arm-none-eabi/5.4.1/../../../../arm-none-eabi/lib/armv6-m/crt0.o (memset)
c:/program files/eclipse/eclipse/plugins/fr.ac6.mcu.externaltools.arm-none.win32_1.13.1.201701200843/tools/compiler/bin/../lib/gcc/arm-none-eabi/5.4.1/../../../../arm-none-eabi/lib/armv6-m\libnosys.a(_exit.o)
                              c:/program files/eclipse/eclipse/plugins/fr.ac6.mcu.externaltools.arm-none.win32_1.13.1.201701200843/tools/compiler/bin/../lib/gcc/arm-none-eabi/5.4.1/../../../../arm-none-eabi/lib/armv6-m\libc_nano.a(lib_a-exit.o) (_exit)

Allocating common symbols
Common symbol       size              file

defaultTaskHandle   0x4               Src/main.o
LDRtaskHandle       0x4               Src/main.o
hdac1               0x14              Src/led.o
uwTick              0x4               Drivers/STM32F0xx_HAL_Driver/Src/stm32f0xx_hal.o
xQueueRegistry      0x40              Middlewares/Third_Party/FreeRTOS/Source/queue.o
pFlash              0x20              Drivers/STM32F0xx_HAL_Driver/Src/stm32f0xx_hal_flash.o
DACTaskHandle       0x4               Src/main.o
queue_lightHandle   0x4               Src/main.o
hadc                0x4c              Src/ldr.o

Discarded input sections

 .text          0x00000000        0x0 c:/program files/eclipse/eclipse/plugins/fr.ac6.mcu.externaltools.arm-none.win32_1.13.1.201701200843/tools/compiler/bin/../lib/gcc/arm-none-eabi/5.4.1/armv6-m/crti.o
 .data          0x00000000        0x0 c:/program files/eclipse/eclipse/plugins/fr.ac6.mcu.externaltools.arm-none.win32_1.13.1.201701200843/tools/compiler/bin/../lib/gcc/arm-none-eabi/5.4.1/armv6-m/crti.o
[...]
Memory Configuration

Name             Origin             Length             Attributes
RAM              0x20000000         0x00002000         xrw
FLASH            0x08000000         0x00010000         xr
*default*        0x00000000         0xffffffff

Linker script and memory map

LOAD c:/program files/eclipse/eclipse/plugins/fr.ac6.mcu.externaltools.arm-none.win32_1.13.1.201701200843/tools/compiler/bin/../lib/gcc/arm-none-eabi/5.4.1/armv6-m/crti.o
LOAD c:/program files/eclipse/eclipse/plugins/fr.ac6.mcu.externaltools.arm-none.win32_1.13.1.201701200843/tools/compiler/bin/../lib/gcc/arm-none-eabi/5.4.1/armv6-m/crtbegin.o
LOAD c:/program files/eclipse/eclipse/plugins/fr.ac6.mcu.externaltools.arm-none.win32_1.13.1.201701200843/tools/compiler/bin/../lib/gcc/arm-none-eabi/5.4.1/../../../../arm-none-eabi/lib/armv6-m/crt0.o
LOAD c:/program files/eclipse/eclipse/plugins/fr.ac6.mcu.externaltools.arm-none.win32_1.13.1.201701200843/tools/compiler/bin/../lib/gcc/arm-none-eabi/5.4.1/../../../../arm-none-eabi/lib/armv6-m\libm.a
LOAD startup/startup_stm32f051x8.o
LOAD Src/freertos.o
LOAD Src/fsm.o
LOAD Src/ldr.o
LOAD Src/led.o
LOAD Src/main.o
LOAD Src/reactor.o
LOAD Src/stm32f0xx_hal_msp.o
LOAD Src/stm32f0xx_it.o
LOAD Src/system_stm32f0xx.o
LOAD Middlewares/Third_Party/FreeRTOS/Source/croutine.o
LOAD Middlewares/Third_Party/FreeRTOS/Source/event_groups.o
LOAD Middlewares/Third_Party/FreeRTOS/Source/list.o
LOAD Middlewares/Third_Party/FreeRTOS/Source/queue.o
LOAD Middlewares/Third_Party/FreeRTOS/Source/tasks.o
LOAD Middlewares/Third_Party/FreeRTOS/Source/timers.o
LOAD Middlewares/Third_Party/FreeRTOS/Source/portable/MemMang/heap_4.o
LOAD Middlewares/Third_Party/FreeRTOS/Source/portable/GCC/ARM_CM0/port.o
LOAD Middlewares/Third_Party/FreeRTOS/Source/CMSIS_RTOS/cmsis_os.o
LOAD Drivers/STM32F0xx_HAL_Driver/Src/stm32f0xx_hal.o
LOAD Drivers/STM32F0xx_HAL_Driver/Src/stm32f0xx_hal_adc.o
LOAD Drivers/STM32F0xx_HAL_Driver/Src/stm32f0xx_hal_adc_ex.o
LOAD Drivers/STM32F0xx_HAL_Driver/Src/stm32f0xx_hal_cortex.o
LOAD Drivers/STM32F0xx_HAL_Driver/Src/stm32f0xx_hal_dac.o
LOAD Drivers/STM32F0xx_HAL_Driver/Src/stm32f0xx_hal_dac_ex.o
LOAD Drivers/STM32F0xx_HAL_Driver/Src/stm32f0xx_hal_dma.o
LOAD Drivers/STM32F0xx_HAL_Driver/Src/stm32f0xx_hal_flash.o
LOAD Drivers/STM32F0xx_HAL_Driver/Src/stm32f0xx_hal_flash_ex.o
LOAD Drivers/STM32F0xx_HAL_Driver/Src/stm32f0xx_hal_gpio.o
LOAD Drivers/STM32F0xx_HAL_Driver/Src/stm32f0xx_hal_i2c.o
LOAD Drivers/STM32F0xx_HAL_Driver/Src/stm32f0xx_hal_i2c_ex.o
LOAD Drivers/STM32F0xx_HAL_Driver/Src/stm32f0xx_hal_pwr.o
LOAD Drivers/STM32F0xx_HAL_Driver/Src/stm32f0xx_hal_pwr_ex.o
LOAD Drivers/STM32F0xx_HAL_Driver/Src/stm32f0xx_hal_rcc.o
LOAD Drivers/STM32F0xx_HAL_Driver/Src/stm32f0xx_hal_rcc_ex.o
LOAD Drivers/STM32F0xx_HAL_Driver/Src/stm32f0xx_hal_tim.o
LOAD Drivers/STM32F0xx_HAL_Driver/Src/stm32f0xx_hal_tim_ex.o
START GROUP
LOAD c:/program files/eclipse/eclipse/plugins/fr.ac6.mcu.externaltools.arm-none.win32_1.13.1.201701200843/tools/compiler/bin/../lib/gcc/arm-none-eabi/5.4.1/armv6-m\libgcc.a
LOAD c:/program files/eclipse/eclipse/plugins/fr.ac6.mcu.externaltools.arm-none.win32_1.13.1.201701200843/tools/compiler/bin/../lib/gcc/arm-none-eabi/5.4.1/../../../../arm-none-eabi/lib/armv6-m\libc_nano.a
END GROUP
START GROUP
LOAD c:/program files/eclipse/eclipse/plugins/fr.ac6.mcu.externaltools.arm-none.win32_1.13.1.201701200843/tools/compiler/bin/../lib/gcc/arm-none-eabi/5.4.1/armv6-m\libgcc.a
LOAD c:/program files/eclipse/eclipse/plugins/fr.ac6.mcu.externaltools.arm-none.win32_1.13.1.201701200843/tools/compiler/bin/../lib/gcc/arm-none-eabi/5.4.1/../../../../arm-none-eabi/lib/armv6-m\libc_nano.a
LOAD c:/program files/eclipse/eclipse/plugins/fr.ac6.mcu.externaltools.arm-none.win32_1.13.1.201701200843/tools/compiler/bin/../lib/gcc/arm-none-eabi/5.4.1/../../../../arm-none-eabi/lib/armv6-m\libnosys.a
END GROUP
START GROUP
LOAD c:/program files/eclipse/eclipse/plugins/fr.ac6.mcu.externaltools.arm-none.win32_1.13.1.201701200843/tools/compiler/bin/../lib/gcc/arm-none-eabi/5.4.1/armv6-m\libgcc.a
LOAD c:/program files/eclipse/eclipse/plugins/fr.ac6.mcu.externaltools.arm-none.win32_1.13.1.201701200843/tools/compiler/bin/../lib/gcc/arm-none-eabi/5.4.1/../../../../arm-none-eabi/lib/armv6-m\libc_nano.a
LOAD c:/program files/eclipse/eclipse/plugins/fr.ac6.mcu.externaltools.arm-none.win32_1.13.1.201701200843/tools/compiler/bin/../lib/gcc/arm-none-eabi/5.4.1/../../../../arm-none-eabi/lib/armv6-m\libnosys.a
END GROUP
LOAD c:/program files/eclipse/eclipse/plugins/fr.ac6.mcu.externaltools.arm-none.win32_1.13.1.201701200843/tools/compiler/bin/../lib/gcc/arm-none-eabi/5.4.1/armv6-m/crtend.o
LOAD c:/program files/eclipse/eclipse/plugins/fr.ac6.mcu.externaltools.arm-none.win32_1.13.1.201701200843/tools/compiler/bin/../lib/gcc/arm-none-eabi/5.4.1/armv6-m/crtn.o
                0x20002000                _estack = 0x20002000
                0x00000200                _Min_Heap_Size = 0x200
                0x00000400                _Min_Stack_Size = 0x400

.isr_vector     0x08000000       0xc0
                0x08000000                . = ALIGN (0x4)
 *(.isr_vector)
 .isr_vector    0x08000000       0xc0 startup/startup_stm32f051x8.o
                0x08000000                g_pfnVectors
                0x080000c0                . = ALIGN (0x4)

.text           0x080000c0     0x2604
                0x080000c0                . = ALIGN (0x4)
 *(.text)
 .text          0x080000c0       0x60 c:/program files/eclipse/eclipse/plugins/fr.ac6.mcu.externaltools.arm-none.win32_1.13.1.201701200843/tools/compiler/bin/../lib/gcc/arm-none-eabi/5.4.1/armv6-m/crtbegin.o
 .text          0x08000120      0x114 c:/program files/eclipse/eclipse/plugins/fr.ac6.mcu.externaltools.arm-none.win32_1.13.1.201701200843/tools/compiler/bin/../lib/gcc/arm-none-eabi/5.4.1/armv6-m\libgcc.a(_udivsi3.o)
                0x08000120                __aeabi_uidiv
                0x08000120                __udivsi3
                0x0800022c                __aeabi_uidivmod
 .text          0x08000234        0x4 c:/program files/eclipse/eclipse/plugins/fr.ac6.mcu.externaltools.arm-none.win32_1.13.1.201701200843/tools/compiler/bin/../lib/gcc/arm-none-eabi/5.4.1/armv6-m\libgcc.a(_dvmd_tls.o)
                0x08000234                __aeabi_idiv0
                0x08000234                __aeabi_ldiv0
 *(.text*)
 .text.Reset_Handler
                0x08000238       0x50 startup/startup_stm32f051x8.o
                0x08000238                Reset_Handler
 .text.Default_Handler
                0x08000288        0x2 startup/startup_stm32f051x8.o
                0x08000288                TIM1_CC_IRQHandler
                0x08000288                TSC_IRQHandler
                0x08000288                HardFault_Handler
                0x08000288                PVD_IRQHandler
                0x08000288                NMI_Handler
                0x08000288                I2C1_IRQHandler
                0x08000288                RCC_CRS_IRQHandler
                0x08000288                SPI1_IRQHandler
                0x08000288                TIM6_DAC_IRQHandler
                0x08000288                EXTI2_3_IRQHandler
                0x08000288                I2C2_IRQHandler
                0x08000288                TIM17_IRQHandler
                0x08000288                CEC_CAN_IRQHandler
                0x08000288                RTC_IRQHandler
                0x08000288                TIM16_IRQHandler
                0x08000288                TIM3_IRQHandler
                0x08000288                EXTI4_15_IRQHandler
                0x08000288                DMA1_Channel1_IRQHandler
                0x08000288                Default_Handler
                0x08000288                TIM14_IRQHandler
                0x08000288                DMA1_Channel4_5_IRQHandler
                0x08000288                TIM15_IRQHandler
                0x08000288                SPI2_IRQHandler
                0x08000288                WWDG_IRQHandler
                0x08000288                TIM2_IRQHandler
                0x08000288                DMA1_Channel2_3_IRQHandler
                0x08000288                USART2_IRQHandler
                0x08000288                FLASH_IRQHandler
                0x08000288                USART1_IRQHandler
                0x08000288                TIM1_BRK_UP_TRG_COM_IRQHandler
 .text.fsm_new  0x0800028a        0xe Src/fsm.o
                0x0800028a                fsm_new
 .text.fsm_fire
                0x08000298       0x32 Src/fsm.o
                0x08000298                fsm_fire
 .text.LDR_INIT
                0x080002ca        0x8 Src/ldr.o
                0x080002ca                LDR_INIT
 *fill*         0x080002d2        0x2 
 .text.LDR_START
                0x080002d4       0x10 Src/ldr.o
                0x080002d4                LDR_START
 .text.LDR_STOP
                0x080002e4       0x10 Src/ldr.o
                0x080002e4                LDR_STOP
 .text.LDR_GET  0x080002f4       0x10 Src/ldr.o
                0x080002f4                LDR_GET
 .text.HAL_ADC_ConvCpltCallback
                0x08000304        0xc Src/ldr.o
                0x08000304                HAL_ADC_ConvCpltCallback
 .text.LED_INIT
                0x08000310        0x8 Src/led.o
                0x08000310                LED_INIT
 .text.LED_START
                0x08000318       0x24 Src/led.o
                0x08000318                LED_START
 .text.LED_SET  0x0800033c       0x14 Src/led.o
                0x0800033c                LED_SET
 .text.new_value
                0x08000350        0xc Src/main.o
 .text.button_pressed
                0x0800035c        0xc Src/main.o
 .text.button_no_pressed
                0x08000368       0x10 Src/main.o
 .text.DACwrite
                0x08000378       0x16 Src/main.o
                0x08000378                DACwrite
 .text.LDRread  0x0800038e       0x16 Src/main.o
                0x0800038e                LDRread
 .text.reactorTask
                0x080003a4       0x54 Src/main.o
                0x080003a4                reactorTask
 .text.read_value
                0x080003f8       0x28 Src/main.o
 .text.fixed_light
                0x08000420       0x1c Src/main.o
 .text.adjust_light
                0x0800043c       0x58 Src/main.o
 .text.variable_light
                0x08000494       0x1c Src/main.o
 .text.SystemClock_Config
                0x080004b0       0x6e Src/main.o
                0x080004b0                SystemClock_Config
 *fill*         0x0800051e        0x2 
 .text.startup.main
                0x08000520       0xd4 Src/main.o
                0x08000520                main
 .text.MX_ADC_Init
                0x080005f4       0x60 Src/main.o
                0x080005f4                MX_ADC_Init
 .text.MX_DAC1_Init
                0x08000654       0x30 Src/main.o
                0x08000654                MX_DAC1_Init
 .text.HAL_GPIO_EXTI_Callback
                0x08000684       0x10 Src/main.o
                0x08000684                HAL_GPIO_EXTI_Callback
 .text.timeval_add
                0x08000694        0x2 Src/reactor.o
                0x08000694                timeval_add
 .text.event_handler_init
                0x08000696       0x16 Src/reactor.o
                0x08000696                event_handler_init
 .text.event_handler_run
                0x080006ac        0x8 Src/reactor.o
                0x080006ac                event_handler_run
 .text.reactor_init
                0x080006b4        0xc Src/reactor.o
                0x080006b4                reactor_init
 .text.reactor_add_handler
                0x080006c0       0x14 Src/reactor.o
                0x080006c0                reactor_add_handler
 .text.reactor_handle_events
                0x080006d4       0x84 Src/reactor.o
                0x080006d4                reactor_handle_events
 .text.HAL_MspInit
                0x08000758       0x40 Src/stm32f0xx_hal_msp.o
                0x08000758                HAL_MspInit
 .text.HAL_ADC_MspInit
                0x08000798       0x54 Src/stm32f0xx_hal_msp.o
                0x08000798                HAL_ADC_MspInit
 .text.HAL_DAC_MspInit
                0x080007ec       0x40 Src/stm32f0xx_hal_msp.o
                0x080007ec                HAL_DAC_MspInit
 .text.SysTick_Handler
                0x0800082c        0xc Src/stm32f0xx_it.o
                0x0800082c                SysTick_Handler
 .text.EXTI0_1_IRQHandler
                0x08000838        0xa Src/stm32f0xx_it.o
                0x08000838                EXTI0_1_IRQHandler
 *fill*         0x08000842        0x2 
 .text.ADC1_COMP_IRQHandler
                0x08000844       0x10 Src/stm32f0xx_it.o
                0x08000844                ADC1_COMP_IRQHandler
 .text.SystemInit
                0x08000854       0x60 Src/system_stm32f0xx.o
                0x08000854                SystemInit
 .text.vListInitialise
                0x080008b4       0x16 Middlewares/Third_Party/FreeRTOS/Source/list.o
                0x080008b4                vListInitialise
 .text.vListInitialiseItem
                0x080008ca        0x6 Middlewares/Third_Party/FreeRTOS/Source/list.o
                0x080008ca                vListInitialiseItem
 .text.vListInsertEnd
                0x080008d0       0x18 Middlewares/Third_Party/FreeRTOS/Source/list.o
                0x080008d0                vListInsertEnd
 .text.vListInsert
                0x080008e8       0x30 Middlewares/Third_Party/FreeRTOS/Source/list.o
                0x080008e8                vListInsert
 .text.uxListRemove
                0x08000918       0x20 Middlewares/Third_Party/FreeRTOS/Source/list.o
                0x08000918                uxListRemove
 .text.unlikely.prvCopyDataToQueue
                0x08000938       0x72 Middlewares/Third_Party/FreeRTOS/Source/queue.o
 .text.unlikely.prvCopyDataFromQueue
                0x080009aa       0x24 Middlewares/Third_Party/FreeRTOS/Source/queue.o
 .text.prvUnlockQueue
                0x080009ce       0x6a Middlewares/Third_Party/FreeRTOS/Source/queue.o
 .text.xQueueGenericReset
                0x08000a38       0x66 Middlewares/Third_Party/FreeRTOS/Source/queue.o
                0x08000a38                xQueueGenericReset
 .text.xQueueGenericCreate
                0x08000a9e       0x50 Middlewares/Third_Party/FreeRTOS/Source/queue.o
                0x08000a9e                xQueueGenericCreate
 .text.xQueueGenericSend
                0x08000aee      0x11c Middlewares/Third_Party/FreeRTOS/Source/queue.o
                0x08000aee                xQueueGenericSend
 .text.xQueueGenericReceive
                0x08000c0a      0x140 Middlewares/Third_Party/FreeRTOS/Source/queue.o
                0x08000c0a                xQueueGenericReceive
 *fill*         0x08000d4a        0x2 
 .text.prvResetNextTaskUnblockTime
                0x08000d4c       0x20 Middlewares/Third_Party/FreeRTOS/Source/tasks.o
 .text.prvAddCurrentTaskToDelayedList
                0x08000d6c       0x34 Middlewares/Third_Party/FreeRTOS/Source/tasks.o
 .text.xTaskGenericCreate.part.4
                0x08000da0      0x178 Middlewares/Third_Party/FreeRTOS/Source/tasks.o
 .text.xTaskGenericCreate
                0x08000f18       0x28 Middlewares/Third_Party/FreeRTOS/Source/tasks.o
                0x08000f18                xTaskGenericCreate
 .text.vTaskStartScheduler
                0x08000f40       0x4c Middlewares/Third_Party/FreeRTOS/Source/tasks.o
                0x08000f40                vTaskStartScheduler
 .text.vTaskSuspendAll
                0x08000f8c       0x10 Middlewares/Third_Party/FreeRTOS/Source/tasks.o
                0x08000f8c                vTaskSuspendAll
 .text.xTaskGetTickCount
                0x08000f9c        0xc Middlewares/Third_Party/FreeRTOS/Source/tasks.o
                0x08000f9c                xTaskGetTickCount
 .text.xTaskIncrementTick
                0x08000fa8       0xd8 Middlewares/Third_Party/FreeRTOS/Source/tasks.o
                0x08000fa8                xTaskIncrementTick
 .text.xTaskResumeAll
                0x08001080       0xac Middlewares/Third_Party/FreeRTOS/Source/tasks.o
                0x08001080                xTaskResumeAll
 .text.vTaskDelayUntil
                0x0800112c       0x74 Middlewares/Third_Party/FreeRTOS/Source/tasks.o
                0x0800112c                vTaskDelayUntil
 .text.prvIdleTask
                0x080011a0       0x64 Middlewares/Third_Party/FreeRTOS/Source/tasks.o
 .text.vTaskSwitchContext
                0x08001204       0x68 Middlewares/Third_Party/FreeRTOS/Source/tasks.o
                0x08001204                vTaskSwitchContext
 .text.vTaskPlaceOnEventList
                0x0800126c       0x3c Middlewares/Third_Party/FreeRTOS/Source/tasks.o
                0x0800126c                vTaskPlaceOnEventList
 .text.xTaskRemoveFromEventList
                0x080012a8       0x64 Middlewares/Third_Party/FreeRTOS/Source/tasks.o
                0x080012a8                xTaskRemoveFromEventList
 .text.vTaskSetTimeOutState
                0x0800130c       0x20 Middlewares/Third_Party/FreeRTOS/Source/tasks.o
                0x0800130c                vTaskSetTimeOutState
 .text.xTaskCheckForTimeOut
                0x0800132c       0x60 Middlewares/Third_Party/FreeRTOS/Source/tasks.o
                0x0800132c                xTaskCheckForTimeOut
 .text.vTaskMissedYield
                0x0800138c        0xc Middlewares/Third_Party/FreeRTOS/Source/tasks.o
                0x0800138c                vTaskMissedYield
 .text.xTaskGetSchedulerState
                0x08001398       0x18 Middlewares/Third_Party/FreeRTOS/Source/tasks.o
                0x08001398                xTaskGetSchedulerState
 .text.vTaskPriorityInherit
                0x080013b0       0x6c Middlewares/Third_Party/FreeRTOS/Source/tasks.o
                0x080013b0                vTaskPriorityInherit
 .text.xTaskPriorityDisinherit
                0x0800141c       0x68 Middlewares/Third_Party/FreeRTOS/Source/tasks.o
                0x0800141c                xTaskPriorityDisinherit
 .text.pvTaskIncrementMutexHeldCount
                0x08001484       0x18 Middlewares/Third_Party/FreeRTOS/Source/tasks.o
                0x08001484                pvTaskIncrementMutexHeldCount
 .text.unlikely.prvInsertBlockIntoFreeList
                0x0800149c       0x44 Middlewares/Third_Party/FreeRTOS/Source/portable/MemMang/heap_4.o
 .text.pvPortMalloc
                0x080014e0       0xfc Middlewares/Third_Party/FreeRTOS/Source/portable/MemMang/heap_4.o
                0x080014e0                pvPortMalloc
 .text.vPortFree
                0x080015dc       0x44 Middlewares/Third_Party/FreeRTOS/Source/portable/MemMang/heap_4.o
                0x080015dc                vPortFree
 .text.prvTaskExitError
                0x08001620       0x14 Middlewares/Third_Party/FreeRTOS/Source/portable/GCC/ARM_CM0/port.o
 .text.vPortStartFirstTask
                0x08001634       0x20 Middlewares/Third_Party/FreeRTOS/Source/portable/GCC/ARM_CM0/port.o
 .text.pxPortInitialiseStack
                0x08001654       0x20 Middlewares/Third_Party/FreeRTOS/Source/portable/GCC/ARM_CM0/port.o
                0x08001654                pxPortInitialiseStack
 .text.SVC_Handler
                0x08001674        0x2 Middlewares/Third_Party/FreeRTOS/Source/portable/GCC/ARM_CM0/port.o
                0x08001674                SVC_Handler
 *fill*         0x08001676        0x2 
 .text.xPortStartScheduler
                0x08001678       0x54 Middlewares/Third_Party/FreeRTOS/Source/portable/GCC/ARM_CM0/port.o
                0x08001678                xPortStartScheduler
 .text.vPortYield
                0x080016cc       0x18 Middlewares/Third_Party/FreeRTOS/Source/portable/GCC/ARM_CM0/port.o
                0x080016cc                vPortYield
 .text.vPortEnterCritical
                0x080016e4       0x18 Middlewares/Third_Party/FreeRTOS/Source/portable/GCC/ARM_CM0/port.o
                0x080016e4                vPortEnterCritical
 .text.vPortExitCritical
                0x080016fc       0x1c Middlewares/Third_Party/FreeRTOS/Source/portable/GCC/ARM_CM0/port.o
                0x080016fc                vPortExitCritical
 .text.ulSetInterruptMaskFromISR
                0x08001718        0xa Middlewares/Third_Party/FreeRTOS/Source/portable/GCC/ARM_CM0/port.o
                0x08001718                ulSetInterruptMaskFromISR
 .text.vClearInterruptMaskFromISR
                0x08001722        0x6 Middlewares/Third_Party/FreeRTOS/Source/portable/GCC/ARM_CM0/port.o
                0x08001722                vClearInterruptMaskFromISR
 .text.PendSV_Handler
                0x08001728       0x44 Middlewares/Third_Party/FreeRTOS/Source/portable/GCC/ARM_CM0/port.o
                0x08001728                PendSV_Handler
 .text.xPortSysTickHandler
                0x0800176c       0x24 Middlewares/Third_Party/FreeRTOS/Source/portable/GCC/ARM_CM0/port.o
                0x0800176c                xPortSysTickHandler
 .text.osKernelStart
                0x08001790        0xa Middlewares/Third_Party/FreeRTOS/Source/CMSIS_RTOS/cmsis_os.o
                0x08001790                osKernelStart
 .text.osThreadCreate
                0x0800179a       0x38 Middlewares/Third_Party/FreeRTOS/Source/CMSIS_RTOS/cmsis_os.o
                0x0800179a                osThreadCreate
 .text.osMessageCreate
                0x080017d2        0xe Middlewares/Third_Party/FreeRTOS/Source/CMSIS_RTOS/cmsis_os.o
                0x080017d2                osMessageCreate
 .text.osSystickHandler
                0x080017e0       0x10 Middlewares/Third_Party/FreeRTOS/Source/CMSIS_RTOS/cmsis_os.o
                0x080017e0                osSystickHandler
 .text.HAL_InitTick
                0x080017f0       0x24 Drivers/STM32F0xx_HAL_Driver/Src/stm32f0xx_hal.o
                0x080017f0                HAL_InitTick
 .text.HAL_Init
                0x08001814       0x20 Drivers/STM32F0xx_HAL_Driver/Src/stm32f0xx_hal.o
                0x08001814                HAL_Init
 .text.HAL_IncTick
                0x08001834       0x10 Drivers/STM32F0xx_HAL_Driver/Src/stm32f0xx_hal.o
                0x08001834                HAL_IncTick
 .text.HAL_GetTick
                0x08001844        0xc Drivers/STM32F0xx_HAL_Driver/Src/stm32f0xx_hal.o
                0x08001844                HAL_GetTick
 .text.ADC_Disable
                0x08001850       0x78 Drivers/STM32F0xx_HAL_Driver/Src/stm32f0xx_hal_adc.o
 .text.ADC_Enable
                0x080018c8       0x9c Drivers/STM32F0xx_HAL_Driver/Src/stm32f0xx_hal_adc.o
 .text.ADC_ConversionStop
                0x08001964       0x52 Drivers/STM32F0xx_HAL_Driver/Src/stm32f0xx_hal_adc.o
 *fill*         0x080019b6        0x2 
 .text.HAL_ADC_Init
                0x080019b8      0x148 Drivers/STM32F0xx_HAL_Driver/Src/stm32f0xx_hal_adc.o
                0x080019b8                HAL_ADC_Init
 .text.HAL_ADC_Start_IT
                0x08001b00       0x74 Drivers/STM32F0xx_HAL_Driver/Src/stm32f0xx_hal_adc.o
                0x08001b00                HAL_ADC_Start_IT
 .text.HAL_ADC_Stop_IT
                0x08001b74       0x48 Drivers/STM32F0xx_HAL_Driver/Src/stm32f0xx_hal_adc.o
                0x08001b74                HAL_ADC_Stop_IT
 .text.HAL_ADC_GetValue
                0x08001bbc        0x6 Drivers/STM32F0xx_HAL_Driver/Src/stm32f0xx_hal_adc.o
                0x08001bbc                HAL_ADC_GetValue
 .text.HAL_ADC_LevelOutOfWindowCallback
                0x08001bc2        0x2 Drivers/STM32F0xx_HAL_Driver/Src/stm32f0xx_hal_adc.o
                0x08001bc2                HAL_ADC_LevelOutOfWindowCallback
 .text.HAL_ADC_ErrorCallback
                0x08001bc4        0x2 Drivers/STM32F0xx_HAL_Driver/Src/stm32f0xx_hal_adc.o
                0x08001bc4                HAL_ADC_ErrorCallback
 *fill*         0x08001bc6        0x2 
 .text.HAL_ADC_IRQHandler
                0x08001bc8       0xe0 Drivers/STM32F0xx_HAL_Driver/Src/stm32f0xx_hal_adc.o
                0x08001bc8                HAL_ADC_IRQHandler
 .text.HAL_ADC_ConfigChannel
                0x08001ca8       0xfc Drivers/STM32F0xx_HAL_Driver/Src/stm32f0xx_hal_adc.o
                0x08001ca8                HAL_ADC_ConfigChannel
 .text.HAL_NVIC_SetPriority
                0x08001da4       0x60 Drivers/STM32F0xx_HAL_Driver/Src/stm32f0xx_hal_cortex.o
                0x08001da4                HAL_NVIC_SetPriority
 .text.HAL_NVIC_EnableIRQ
                0x08001e04       0x14 Drivers/STM32F0xx_HAL_Driver/Src/stm32f0xx_hal_cortex.o
                0x08001e04                HAL_NVIC_EnableIRQ
 .text.HAL_SYSTICK_Config
                0x08001e18       0x34 Drivers/STM32F0xx_HAL_Driver/Src/stm32f0xx_hal_cortex.o
                0x08001e18                HAL_SYSTICK_Config
 .text.HAL_SYSTICK_CLKSourceConfig
                0x08001e4c       0x1c Drivers/STM32F0xx_HAL_Driver/Src/stm32f0xx_hal_cortex.o
                0x08001e4c                HAL_SYSTICK_CLKSourceConfig
 .text.HAL_DAC_Init
                0x08001e68       0x28 Drivers/STM32F0xx_HAL_Driver/Src/stm32f0xx_hal_dac.o
                0x08001e68                HAL_DAC_Init
 .text.HAL_DAC_SetValue
                0x08001e90       0x24 Drivers/STM32F0xx_HAL_Driver/Src/stm32f0xx_hal_dac.o
                0x08001e90                HAL_DAC_SetValue
 .text.HAL_DAC_ConfigChannel
                0x08001eb4       0x30 Drivers/STM32F0xx_HAL_Driver/Src/stm32f0xx_hal_dac_ex.o
                0x08001eb4                HAL_DAC_ConfigChannel
 .text.HAL_DAC_Start
                0x08001ee4       0x3e Drivers/STM32F0xx_HAL_Driver/Src/stm32f0xx_hal_dac_ex.o
                0x08001ee4                HAL_DAC_Start
 *fill*         0x08001f22        0x2 
 .text.HAL_GPIO_Init
                0x08001f24      0x15c Drivers/STM32F0xx_HAL_Driver/Src/stm32f0xx_hal_gpio.o
                0x08001f24                HAL_GPIO_Init
 .text.HAL_GPIO_WritePin
                0x08002080        0xc Drivers/STM32F0xx_HAL_Driver/Src/stm32f0xx_hal_gpio.o
                0x08002080                HAL_GPIO_WritePin
 .text.HAL_GPIO_EXTI_IRQHandler
                0x0800208c       0x18 Drivers/STM32F0xx_HAL_Driver/Src/stm32f0xx_hal_gpio.o
                0x0800208c                HAL_GPIO_EXTI_IRQHandler
 .text.HAL_PWR_EnterSLEEPMode
                0x080020a4       0x20 Drivers/STM32F0xx_HAL_Driver/Src/stm32f0xx_hal_pwr.o
                0x080020a4                HAL_PWR_EnterSLEEPMode
 .text.HAL_RCC_OscConfig
                0x080020c4      0x3dc Drivers/STM32F0xx_HAL_Driver/Src/stm32f0xx_hal_rcc.o
                0x080020c4                HAL_RCC_OscConfig
 .text.HAL_RCC_GetSysClockFreq
                0x080024a0       0x64 Drivers/STM32F0xx_HAL_Driver/Src/stm32f0xx_hal_rcc.o
                0x080024a0                HAL_RCC_GetSysClockFreq
 .text.HAL_RCC_ClockConfig
                0x08002504      0x12c Drivers/STM32F0xx_HAL_Driver/Src/stm32f0xx_hal_rcc.o
                0x08002504                HAL_RCC_ClockConfig
 .text.HAL_RCC_GetHCLKFreq
                0x08002630        0xc Drivers/STM32F0xx_HAL_Driver/Src/stm32f0xx_hal_rcc.o
                0x08002630                HAL_RCC_GetHCLKFreq
 .text.__libc_init_array
                0x0800263c       0x4c c:/program files/eclipse/eclipse/plugins/fr.ac6.mcu.externaltools.arm-none.win32_1.13.1.201701200843/tools/compiler/bin/../lib/gcc/arm-none-eabi/5.4.1/../../../../arm-none-eabi/lib/armv6-m\libc_nano.a(lib_a-init.o)
                0x0800263c                __libc_init_array
 .text.memcpy   0x08002688       0x12 c:/program files/eclipse/eclipse/plugins/fr.ac6.mcu.externaltools.arm-none.win32_1.13.1.201701200843/tools/compiler/bin/../lib/gcc/arm-none-eabi/5.4.1/../../../../arm-none-eabi/lib/armv6-m\libc_nano.a(lib_a-memcpy-stub.o)
                0x08002688                memcpy
 .text.memset   0x0800269a       0x10 c:/program files/eclipse/eclipse/plugins/fr.ac6.mcu.externaltools.arm-none.win32_1.13.1.201701200843/tools/compiler/bin/../lib/gcc/arm-none-eabi/5.4.1/../../../../arm-none-eabi/lib/armv6-m\libc_nano.a(lib_a-memset.o)
                0x0800269a                memset
 *(.glue_7)
 .glue_7        0x080026aa        0x0 linker stubs
 *(.glue_7t)
 .glue_7t       0x080026aa        0x0 linker stubs
 *(.eh_frame)
 *fill*         0x080026aa        0x2 
 .eh_frame      0x080026ac        0x0 c:/program files/eclipse/eclipse/plugins/fr.ac6.mcu.externaltools.arm-none.win32_1.13.1.201701200843/tools/compiler/bin/../lib/gcc/arm-none-eabi/5.4.1/armv6-m/crtbegin.o
 *(.init)
 .init          0x080026ac        0x4 c:/program files/eclipse/eclipse/plugins/fr.ac6.mcu.externaltools.arm-none.win32_1.13.1.201701200843/tools/compiler/bin/../lib/gcc/arm-none-eabi/5.4.1/armv6-m/crti.o
                0x080026ac                _init
 .init          0x080026b0        0x8 c:/program files/eclipse/eclipse/plugins/fr.ac6.mcu.externaltools.arm-none.win32_1.13.1.201701200843/tools/compiler/bin/../lib/gcc/arm-none-eabi/5.4.1/armv6-m/crtn.o
 *(.fini)
 .fini          0x080026b8        0x4 c:/program files/eclipse/eclipse/plugins/fr.ac6.mcu.externaltools.arm-none.win32_1.13.1.201701200843/tools/compiler/bin/../lib/gcc/arm-none-eabi/5.4.1/armv6-m/crti.o
                0x080026b8                _fini
 .fini          0x080026bc        0x8 c:/program files/eclipse/eclipse/plugins/fr.ac6.mcu.externaltools.arm-none.win32_1.13.1.201701200843/tools/compiler/bin/../lib/gcc/arm-none-eabi/5.4.1/armv6-m/crtn.o
                0x080026c4                . = ALIGN (0x4)
                0x080026c4                _etext = .

.vfp11_veneer   0x080026c4        0x0
 .vfp11_veneer  0x080026c4        0x0 linker stubs

.v4_bx          0x080026c4        0x0
 .v4_bx         0x080026c4        0x0 linker stubs

.iplt           0x080026c4        0x0
 .iplt          0x080026c4        0x0 c:/program files/eclipse/eclipse/plugins/fr.ac6.mcu.externaltools.arm-none.win32_1.13.1.201701200843/tools/compiler/bin/../lib/gcc/arm-none-eabi/5.4.1/armv6-m/crtbegin.o

.rodata         0x080026c4       0x64
                0x080026c4                . = ALIGN (0x4)
 *(.rodata)
 .rodata        0x080026c4       0x1c Src/main.o
 .rodata        0x080026e0       0x18 Src/system_stm32f0xx.o
                0x080026e0                AHBPrescTable
                0x080026f0                APBPrescTable
 .rodata        0x080026f8       0x20 Drivers/STM32F0xx_HAL_Driver/Src/stm32f0xx_hal_rcc.o
 *(.rodata*)
 .rodata.str1.1
                0x08002718        0x8 Src/main.o
 .rodata.str1.1
                0x08002720        0x5 Middlewares/Third_Party/FreeRTOS/Source/tasks.o
                0x08002728                . = ALIGN (0x4)
 *fill*         0x08002725        0x3 

.rel.dyn        0x08002728        0x0
 .rel.iplt      0x08002728        0x0 c:/program files/eclipse/eclipse/plugins/fr.ac6.mcu.externaltools.arm-none.win32_1.13.1.201701200843/tools/compiler/bin/../lib/gcc/arm-none-eabi/5.4.1/armv6-m/crtbegin.o

.ARM.extab
 *(.ARM.extab* .gnu.linkonce.armextab.*)

.ARM            0x08002728        0x0
                0x08002728                __exidx_start = .
 *(.ARM.exidx*)
                0x08002728                __exidx_end = .

.preinit_array  0x08002728        0x0
                0x08002728                PROVIDE (__preinit_array_start, .)
 *(.preinit_array*)
                0x08002728                PROVIDE (__preinit_array_end, .)

.init_array     0x08002728        0x4
                0x08002728                PROVIDE (__init_array_start, .)
 *(SORT(.init_array.*))
 *(.init_array*)
 .init_array    0x08002728        0x4 c:/program files/eclipse/eclipse/plugins/fr.ac6.mcu.externaltools.arm-none.win32_1.13.1.201701200843/tools/compiler/bin/../lib/gcc/arm-none-eabi/5.4.1/armv6-m/crtbegin.o
                0x0800272c                PROVIDE (__init_array_end, .)

.fini_array     0x0800272c        0x4
                [!provide]                PROVIDE (__fini_array_start, .)
 *(SORT(.fini_array.*))
 *(.fini_array*)
 .fini_array    0x0800272c        0x4 c:/program files/eclipse/eclipse/plugins/fr.ac6.mcu.externaltools.arm-none.win32_1.13.1.201701200843/tools/compiler/bin/../lib/gcc/arm-none-eabi/5.4.1/armv6-m/crtbegin.o
                [!provide]                PROVIDE (__fini_array_end, .)
                0x08002730                _sidata = LOADADDR (.data)

.data           0x20000000       0x68 load address 0x08002730
                0x20000000                . = ALIGN (0x4)
                0x20000000                _sdata = .
 *(.data)
 .data          0x20000000       0x60 Src/main.o
 .data          0x20000060        0x4 Src/system_stm32f0xx.o
                0x20000060                SystemCoreClock
 .data          0x20000064        0x4 Middlewares/Third_Party/FreeRTOS/Source/portable/GCC/ARM_CM0/port.o
 *(.data*)
                0x20000068                . = ALIGN (0x4)
                0x20000068                _edata = .

.jcr            0x20000068        0x0 load address 0x08002798
 .jcr           0x20000068        0x0 c:/program files/eclipse/eclipse/plugins/fr.ac6.mcu.externaltools.arm-none.win32_1.13.1.201701200843/tools/compiler/bin/../lib/gcc/arm-none-eabi/5.4.1/armv6-m/crtbegin.o

.igot.plt       0x20000068        0x0 load address 0x08002798
 .igot.plt      0x20000068        0x0 c:/program files/eclipse/eclipse/plugins/fr.ac6.mcu.externaltools.arm-none.win32_1.13.1.201701200843/tools/compiler/bin/../lib/gcc/arm-none-eabi/5.4.1/armv6-m/crtbegin.o
                0x20000068                . = ALIGN (0x4)

.bss            0x20000068      0xe08 load address 0x08002798
                0x20000068                _sbss = .
                0x20000068                __bss_start__ = _sbss
 *(.bss)
 .bss           0x20000068       0x1c c:/program files/eclipse/eclipse/plugins/fr.ac6.mcu.externaltools.arm-none.win32_1.13.1.201701200843/tools/compiler/bin/../lib/gcc/arm-none-eabi/5.4.1/armv6-m/crtbegin.o
 .bss           0x20000084        0x8 Src/main.o
                0x20000084                flag_ADC
                0x20000088                flag_button
 .bss           0x2000008c       0x30 Src/reactor.o
 .bss           0x200000bc      0x128 Middlewares/Third_Party/FreeRTOS/Source/tasks.o
                0x200000ec                pxCurrentTCB
 .bss           0x200001e4      0xc18 Middlewares/Third_Party/FreeRTOS/Source/portable/MemMang/heap_4.o
 *(.bss*)
 *(COMMON)
 COMMON         0x20000dfc       0x4c Src/ldr.o
                0x20000dfc                hadc
 COMMON         0x20000e48       0x14 Src/led.o
                0x20000e48                hdac1
 COMMON         0x20000e5c       0x10 Src/main.o
                0x20000e5c                defaultTaskHandle
                0x20000e60                LDRtaskHandle
                0x20000e64                DACTaskHandle
                0x20000e68                queue_lightHandle
 COMMON         0x20000e6c        0x4 Drivers/STM32F0xx_HAL_Driver/Src/stm32f0xx_hal.o
                0x20000e6c                uwTick
                0x20000e70                . = ALIGN (0x4)
                0x20000e70                _ebss = .
                0x20000e70                __bss_end__ = _ebss

._user_heap_stack
                0x20000e70      0x600 load address 0x08002798
                0x20000e70                . = ALIGN (0x8)
                [!provide]                PROVIDE (end, .)
                [!provide]                PROVIDE (_end, .)
                0x20001070                . = (. + _Min_Heap_Size)
 *fill*         0x20000e70      0x200 
                0x20001470                . = (. + _Min_Stack_Size)
 *fill*         0x20001070      0x400 
                0x20001470                . = ALIGN (0x8)

/DISCARD/
 libc.a(*)
 libm.a(*)
 libgcc.a(*)

.ARM.attributes
                0x00000000       0x28
 *(.ARM.attributes)
 .ARM.attributes
                0x00000000       0x1e c:/program files/eclipse/eclipse/plugins/fr.ac6.mcu.externaltools.arm-none.win32_1.13.1.201701200843/tools/compiler/bin/../lib/gcc/arm-none-eabi/5.4.1/armv6-m/crti.o
 .ARM.attributes
                0x0000001e       0x2c c:/program files/eclipse/eclipse/plugins/fr.ac6.mcu.externaltools.arm-none.win32_1.13.1.201701200843/tools/compiler/bin/../lib/gcc/arm-none-eabi/5.4.1/armv6-m/crtbegin.o
 .ARM.attributes
                0x0000004a       0x21 startup/startup_stm32f051x8.o
 .ARM.attributes
                0x0000006b       0x31 Src/fsm.o
 .ARM.attributes
                0x0000009c       0x31 Src/ldr.o
 .ARM.attributes
                0x000000cd       0x31 Src/led.o
 .ARM.attributes
                0x000000fe       0x31 Src/main.o
 .ARM.attributes
                0x0000012f       0x31 Src/reactor.o
 .ARM.attributes
                0x00000160       0x31 Src/stm32f0xx_hal_msp.o
 .ARM.attributes
                0x00000191       0x31 Src/stm32f0xx_it.o
 .ARM.attributes
                0x000001c2       0x31 Src/system_stm32f0xx.o
 .ARM.attributes
                0x000001f3       0x31 Middlewares/Third_Party/FreeRTOS/Source/list.o
 .ARM.attributes
                0x00000224       0x31 Middlewares/Third_Party/FreeRTOS/Source/queue.o
 .ARM.attributes
                0x00000255       0x31 Middlewares/Third_Party/FreeRTOS/Source/tasks.o
 .ARM.attributes
                0x00000286       0x31 Middlewares/Third_Party/FreeRTOS/Source/portable/MemMang/heap_4.o
 .ARM.attributes
                0x000002b7       0x31 Middlewares/Third_Party/FreeRTOS/Source/portable/GCC/ARM_CM0/port.o
 .ARM.attributes
                0x000002e8       0x31 Middlewares/Third_Party/FreeRTOS/Source/CMSIS_RTOS/cmsis_os.o
 .ARM.attributes
                0x00000319       0x31 Drivers/STM32F0xx_HAL_Driver/Src/stm32f0xx_hal.o
 .ARM.attributes
                0x0000034a       0x31 Drivers/STM32F0xx_HAL_Driver/Src/stm32f0xx_hal_adc.o
 .ARM.attributes
                0x0000037b       0x31 Drivers/STM32F0xx_HAL_Driver/Src/stm32f0xx_hal_cortex.o
 .ARM.attributes
                0x000003ac       0x31 Drivers/STM32F0xx_HAL_Driver/Src/stm32f0xx_hal_dac.o
 .ARM.attributes
                0x000003dd       0x31 Drivers/STM32F0xx_HAL_Driver/Src/stm32f0xx_hal_dac_ex.o
 .ARM.attributes
                0x0000040e       0x31 Drivers/STM32F0xx_HAL_Driver/Src/stm32f0xx_hal_gpio.o
 .ARM.attributes
                0x0000043f       0x31 Drivers/STM32F0xx_HAL_Driver/Src/stm32f0xx_hal_pwr.o
 .ARM.attributes
                0x00000470       0x31 Drivers/STM32F0xx_HAL_Driver/Src/stm32f0xx_hal_rcc.o
 .ARM.attributes
                0x000004a1       0x1e c:/program files/eclipse/eclipse/plugins/fr.ac6.mcu.externaltools.arm-none.win32_1.13.1.201701200843/tools/compiler/bin/../lib/gcc/arm-none-eabi/5.4.1/armv6-m\libgcc.a(_udivsi3.o)
 .ARM.attributes
                0x000004bf       0x1e c:/program files/eclipse/eclipse/plugins/fr.ac6.mcu.externaltools.arm-none.win32_1.13.1.201701200843/tools/compiler/bin/../lib/gcc/arm-none-eabi/5.4.1/armv6-m\libgcc.a(_dvmd_tls.o)
 .ARM.attributes
                0x000004dd       0x2c c:/program files/eclipse/eclipse/plugins/fr.ac6.mcu.externaltools.arm-none.win32_1.13.1.201701200843/tools/compiler/bin/../lib/gcc/arm-none-eabi/5.4.1/../../../../arm-none-eabi/lib/armv6-m\libc_nano.a(lib_a-init.o)
 .ARM.attributes
                0x00000509       0x2c c:/program files/eclipse/eclipse/plugins/fr.ac6.mcu.externaltools.arm-none.win32_1.13.1.201701200843/tools/compiler/bin/../lib/gcc/arm-none-eabi/5.4.1/../../../../arm-none-eabi/lib/armv6-m\libc_nano.a(lib_a-memcpy-stub.o)
 .ARM.attributes
                0x00000535       0x2c c:/program files/eclipse/eclipse/plugins/fr.ac6.mcu.externaltools.arm-none.win32_1.13.1.201701200843/tools/compiler/bin/../lib/gcc/arm-none-eabi/5.4.1/../../../../arm-none-eabi/lib/armv6-m\libc_nano.a(lib_a-memset.o)
 .ARM.attributes
                0x00000561       0x1e c:/program files/eclipse/eclipse/plugins/fr.ac6.mcu.externaltools.arm-none.win32_1.13.1.201701200843/tools/compiler/bin/../lib/gcc/arm-none-eabi/5.4.1/armv6-m/crtn.o
OUTPUT(ISEL_P4Copia.elf elf32-littlearm)

.debug_line     0x00000000     0xc9cb
 .debug_line    0x00000000       0x83 startup/startup_stm32f051x8.o
 .debug_line    0x00000083      0x3bb Src/fsm.o
 .debug_line    0x0000043e      0x815 Src/ldr.o
 .debug_line    0x00000c53      0x7f5 Src/led.o
 .debug_line    0x00001448      0xbd8 Src/main.o
 .debug_line    0x00002020      0xa87 Src/reactor.o
 .debug_line    0x00002aa7      0x865 Src/stm32f0xx_hal_msp.o
 .debug_line    0x0000330c      0x9e1 Src/stm32f0xx_it.o
 .debug_line    0x00003ced      0x813 Src/system_stm32f0xx.o
 .debug_line    0x00004500      0x5a4 Middlewares/Third_Party/FreeRTOS/Source/list.o
 .debug_line    0x00004aa4      0x9a8 Middlewares/Third_Party/FreeRTOS/Source/queue.o
 .debug_line    0x0000544c      0xe47 Middlewares/Third_Party/FreeRTOS/Source/tasks.o
 .debug_line    0x00006293      0x644 Middlewares/Third_Party/FreeRTOS/Source/portable/MemMang/heap_4.o
 .debug_line    0x000068d7      0x5c3 Middlewares/Third_Party/FreeRTOS/Source/portable/GCC/ARM_CM0/port.o
 .debug_line    0x00006e9a      0xb27 Middlewares/Third_Party/FreeRTOS/Source/CMSIS_RTOS/cmsis_os.o
 .debug_line    0x000079c1      0x926 Drivers/STM32F0xx_HAL_Driver/Src/stm32f0xx_hal.o
 .debug_line    0x000082e7      0xd63 Drivers/STM32F0xx_HAL_Driver/Src/stm32f0xx_hal_adc.o
 .debug_line    0x0000904a      0x975 Drivers/STM32F0xx_HAL_Driver/Src/stm32f0xx_hal_cortex.o
 .debug_line    0x000099bf      0x8f8 Drivers/STM32F0xx_HAL_Driver/Src/stm32f0xx_hal_dac.o
 .debug_line    0x0000a2b7      0x9b3 Drivers/STM32F0xx_HAL_Driver/Src/stm32f0xx_hal_dac_ex.o
 .debug_line    0x0000ac6a      0x964 Drivers/STM32F0xx_HAL_Driver/Src/stm32f0xx_hal_gpio.o
 .debug_line    0x0000b5ce      0x901 Drivers/STM32F0xx_HAL_Driver/Src/stm32f0xx_hal_pwr.o
 .debug_line    0x0000becf      0xafc Drivers/STM32F0xx_HAL_Driver/Src/stm32f0xx_hal_rcc.o

.debug_info     0x00000000     0xd010
 .debug_info    0x00000000       0x73 startup/startup_stm32f051x8.o
 .debug_info    0x00000073      0x25b Src/fsm.o
 .debug_info    0x000002ce      0x5a8 Src/ldr.o
 .debug_info    0x00000876      0x4bf Src/led.o
 .debug_info    0x00000d35     0x163c Src/main.o
 .debug_info    0x00002371      0x55e Src/reactor.o
 .debug_info    0x000028cf      0xaad Src/stm32f0xx_hal_msp.o
 .debug_info    0x0000337c      0x540 Src/stm32f0xx_it.o
 .debug_info    0x000038bc      0x24b Src/system_stm32f0xx.o
 .debug_info    0x00003b07      0x2a5 Middlewares/Third_Party/FreeRTOS/Source/list.o
 .debug_info    0x00003dac     0x11af Middlewares/Third_Party/FreeRTOS/Source/queue.o
 .debug_info    0x00004f5b     0x21a3 Middlewares/Third_Party/FreeRTOS/Source/tasks.o
 .debug_info    0x000070fe      0x391 Middlewares/Third_Party/FreeRTOS/Source/portable/MemMang/heap_4.o
 .debug_info    0x0000748f      0x2ad Middlewares/Third_Party/FreeRTOS/Source/portable/GCC/ARM_CM0/port.o
 .debug_info    0x0000773c     0x1b00 Middlewares/Third_Party/FreeRTOS/Source/CMSIS_RTOS/cmsis_os.o
 .debug_info    0x0000923c      0x5a2 Drivers/STM32F0xx_HAL_Driver/Src/stm32f0xx_hal.o
 .debug_info    0x000097de      0xd85 Drivers/STM32F0xx_HAL_Driver/Src/stm32f0xx_hal_adc.o
 .debug_info    0x0000a563      0x7b1 Drivers/STM32F0xx_HAL_Driver/Src/stm32f0xx_hal_cortex.o
 .debug_info    0x0000ad14      0x758 Drivers/STM32F0xx_HAL_Driver/Src/stm32f0xx_hal_dac.o
 .debug_info    0x0000b46c      0x7c4 Drivers/STM32F0xx_HAL_Driver/Src/stm32f0xx_hal_dac_ex.o
 .debug_info    0x0000bc30      0x5ea Drivers/STM32F0xx_HAL_Driver/Src/stm32f0xx_hal_gpio.o
 .debug_info    0x0000c21a      0x458 Drivers/STM32F0xx_HAL_Driver/Src/stm32f0xx_hal_pwr.o
 .debug_info    0x0000c672      0x99e Drivers/STM32F0xx_HAL_Driver/Src/stm32f0xx_hal_rcc.o

.debug_abbrev   0x00000000     0x2c8d
 .debug_abbrev  0x00000000       0x12 startup/startup_stm32f051x8.o
 .debug_abbrev  0x00000012      0x1b3 Src/fsm.o
 .debug_abbrev  0x000001c5      0x1bc Src/ldr.o
 .debug_abbrev  0x00000381      0x1a0 Src/led.o
 .debug_abbrev  0x00000521      0x342 Src/main.o
 .debug_abbrev  0x00000863      0x253 Src/reactor.o
 .debug_abbrev  0x00000ab6      0x18d Src/stm32f0xx_hal_msp.o
 .debug_abbrev  0x00000c43      0x15b Src/stm32f0xx_it.o
 .debug_abbrev  0x00000d9e       0xf3 Src/system_stm32f0xx.o
 .debug_abbrev  0x00000e91       0xdf Middlewares/Third_Party/FreeRTOS/Source/list.o
 .debug_abbrev  0x00000f70      0x231 Middlewares/Third_Party/FreeRTOS/Source/queue.o
 .debug_abbrev  0x000011a1      0x336 Middlewares/Third_Party/FreeRTOS/Source/tasks.o
 .debug_abbrev  0x000014d7      0x1ef Middlewares/Third_Party/FreeRTOS/Source/portable/MemMang/heap_4.o
 .debug_abbrev  0x000016c6      0x1d5 Middlewares/Third_Party/FreeRTOS/Source/portable/GCC/ARM_CM0/port.o
 .debug_abbrev  0x0000189b      0x33e Middlewares/Third_Party/FreeRTOS/Source/CMSIS_RTOS/cmsis_os.o
 .debug_abbrev  0x00001bd9      0x209 Drivers/STM32F0xx_HAL_Driver/Src/stm32f0xx_hal.o
 .debug_abbrev  0x00001de2      0x2df Drivers/STM32F0xx_HAL_Driver/Src/stm32f0xx_hal_adc.o
 .debug_abbrev  0x000020c1      0x276 Drivers/STM32F0xx_HAL_Driver/Src/stm32f0xx_hal_cortex.o
 .debug_abbrev  0x00002337      0x1c1 Drivers/STM32F0xx_HAL_Driver/Src/stm32f0xx_hal_dac.o
 .debug_abbrev  0x000024f8      0x210 Drivers/STM32F0xx_HAL_Driver/Src/stm32f0xx_hal_dac_ex.o
 .debug_abbrev  0x00002708      0x1e1 Drivers/STM32F0xx_HAL_Driver/Src/stm32f0xx_hal_gpio.o
 .debug_abbrev  0x000028e9      0x150 Drivers/STM32F0xx_HAL_Driver/Src/stm32f0xx_hal_pwr.o
 .debug_abbrev  0x00002a39      0x254 Drivers/STM32F0xx_HAL_Driver/Src/stm32f0xx_hal_rcc.o

.debug_aranges  0x00000000      0xb48
 .debug_aranges
                0x00000000       0x28 startup/startup_stm32f051x8.o
 .debug_aranges
                0x00000028       0x30 Src/fsm.o
 .debug_aranges
                0x00000058       0x40 Src/ldr.o
 .debug_aranges
                0x00000098       0x30 Src/led.o
 .debug_aranges
                0x000000c8       0xa0 Src/main.o
 .debug_aranges
                0x00000168       0x58 Src/reactor.o
 .debug_aranges
                0x000001c0       0x40 Src/stm32f0xx_hal_msp.o
 .debug_aranges
                0x00000200       0x30 Src/stm32f0xx_it.o
 .debug_aranges
                0x00000230       0x28 Src/system_stm32f0xx.o
 .debug_aranges
                0x00000258       0x40 Middlewares/Third_Party/FreeRTOS/Source/list.o
 .debug_aranges
                0x00000298       0xd0 Middlewares/Third_Party/FreeRTOS/Source/queue.o
 .debug_aranges
                0x00000368      0x188 Middlewares/Third_Party/FreeRTOS/Source/tasks.o
 .debug_aranges
                0x000004f0       0x48 Middlewares/Third_Party/FreeRTOS/Source/portable/MemMang/heap_4.o
 .debug_aranges
                0x00000538       0x80 Middlewares/Third_Party/FreeRTOS/Source/portable/GCC/ARM_CM0/port.o
 .debug_aranges
                0x000005b8      0x180 Middlewares/Third_Party/FreeRTOS/Source/CMSIS_RTOS/cmsis_os.o
 .debug_aranges
                0x00000738       0x98 Drivers/STM32F0xx_HAL_Driver/Src/stm32f0xx_hal.o
 .debug_aranges
                0x000007d0       0xd0 Drivers/STM32F0xx_HAL_Driver/Src/stm32f0xx_hal_adc.o
 .debug_aranges
                0x000008a0       0x78 Drivers/STM32F0xx_HAL_Driver/Src/stm32f0xx_hal_cortex.o
 .debug_aranges
                0x00000918       0x78 Drivers/STM32F0xx_HAL_Driver/Src/stm32f0xx_hal_dac.o
 .debug_aranges
                0x00000990       0x68 Drivers/STM32F0xx_HAL_Driver/Src/stm32f0xx_hal_dac_ex.o
 .debug_aranges
                0x000009f8       0x58 Drivers/STM32F0xx_HAL_Driver/Src/stm32f0xx_hal_gpio.o
 .debug_aranges
                0x00000a50       0x78 Drivers/STM32F0xx_HAL_Driver/Src/stm32f0xx_hal_pwr.o
 .debug_aranges
                0x00000ac8       0x80 Drivers/STM32F0xx_HAL_Driver/Src/stm32f0xx_hal_rcc.o

.debug_ranges   0x00000000      0xc58
 .debug_ranges  0x00000000       0x20 startup/startup_stm32f051x8.o
 .debug_ranges  0x00000020       0x20 Src/fsm.o
 .debug_ranges  0x00000040       0x30 Src/ldr.o
 .debug_ranges  0x00000070       0x20 Src/led.o
 .debug_ranges  0x00000090       0xd0 Src/main.o
 .debug_ranges  0x00000160       0x48 Src/reactor.o
 .debug_ranges  0x000001a8       0xb0 Src/stm32f0xx_hal_msp.o
 .debug_ranges  0x00000258       0x20 Src/stm32f0xx_it.o
 .debug_ranges  0x00000278       0x18 Src/system_stm32f0xx.o
 .debug_ranges  0x00000290       0x30 Middlewares/Third_Party/FreeRTOS/Source/list.o
 .debug_ranges  0x000002c0       0xc0 Middlewares/Third_Party/FreeRTOS/Source/queue.o
 .debug_ranges  0x00000380      0x238 Middlewares/Third_Party/FreeRTOS/Source/tasks.o
 .debug_ranges  0x000005b8       0x38 Middlewares/Third_Party/FreeRTOS/Source/portable/MemMang/heap_4.o
 .debug_ranges  0x000005f0       0x88 Middlewares/Third_Party/FreeRTOS/Source/portable/GCC/ARM_CM0/port.o
 .debug_ranges  0x00000678      0x170 Middlewares/Third_Party/FreeRTOS/Source/CMSIS_RTOS/cmsis_os.o
 .debug_ranges  0x000007e8       0x88 Drivers/STM32F0xx_HAL_Driver/Src/stm32f0xx_hal.o
 .debug_ranges  0x00000870       0xc0 Drivers/STM32F0xx_HAL_Driver/Src/stm32f0xx_hal_adc.o
 .debug_ranges  0x00000930       0xe8 Drivers/STM32F0xx_HAL_Driver/Src/stm32f0xx_hal_cortex.o
 .debug_ranges  0x00000a18       0x68 Drivers/STM32F0xx_HAL_Driver/Src/stm32f0xx_hal_dac.o
 .debug_ranges  0x00000a80       0x58 Drivers/STM32F0xx_HAL_Driver/Src/stm32f0xx_hal_dac_ex.o
 .debug_ranges  0x00000ad8       0x68 Drivers/STM32F0xx_HAL_Driver/Src/stm32f0xx_hal_gpio.o
 .debug_ranges  0x00000b40       0x68 Drivers/STM32F0xx_HAL_Driver/Src/stm32f0xx_hal_pwr.o
 .debug_ranges  0x00000ba8       0xb0 Drivers/STM32F0xx_HAL_Driver/Src/stm32f0xx_hal_rcc.o

.debug_loc      0x00000000     0x5862
 .debug_loc     0x00000000       0x8f Src/fsm.o
 .debug_loc     0x0000008f       0x2c Src/led.o
 .debug_loc     0x000000bb      0x1bd Src/main.o
 .debug_loc     0x00000278      0x1fe Src/reactor.o
 .debug_loc     0x00000476       0x84 Src/stm32f0xx_hal_msp.o
 .debug_loc     0x000004fa      0x107 Src/system_stm32f0xx.o
 .debug_loc     0x00000601       0x89 Middlewares/Third_Party/FreeRTOS/Source/list.o
 .debug_loc     0x0000068a      0xda2 Middlewares/Third_Party/FreeRTOS/Source/queue.o
 .debug_loc     0x0000142c     0x15c4 Middlewares/Third_Party/FreeRTOS/Source/tasks.o
 .debug_loc     0x000029f0      0x2da Middlewares/Third_Party/FreeRTOS/Source/portable/MemMang/heap_4.o
 .debug_loc     0x00002cca       0xb4 Middlewares/Third_Party/FreeRTOS/Source/portable/GCC/ARM_CM0/port.o
 .debug_loc     0x00002d7e      0xeda Middlewares/Third_Party/FreeRTOS/Source/CMSIS_RTOS/cmsis_os.o
 .debug_loc     0x00003c58       0x6a Drivers/STM32F0xx_HAL_Driver/Src/stm32f0xx_hal.o
 .debug_loc     0x00003cc2      0x9dc Drivers/STM32F0xx_HAL_Driver/Src/stm32f0xx_hal_adc.o
 .debug_loc     0x0000469e      0x3da Drivers/STM32F0xx_HAL_Driver/Src/stm32f0xx_hal_cortex.o
 .debug_loc     0x00004a78      0x233 Drivers/STM32F0xx_HAL_Driver/Src/stm32f0xx_hal_dac.o
 .debug_loc     0x00004cab      0x3f3 Drivers/STM32F0xx_HAL_Driver/Src/stm32f0xx_hal_dac_ex.o
 .debug_loc     0x0000509e      0x2a6 Drivers/STM32F0xx_HAL_Driver/Src/stm32f0xx_hal_gpio.o
 .debug_loc     0x00005344       0xc9 Drivers/STM32F0xx_HAL_Driver/Src/stm32f0xx_hal_pwr.o
 .debug_loc     0x0000540d      0x455 Drivers/STM32F0xx_HAL_Driver/Src/stm32f0xx_hal_rcc.o

.debug_macro    0x00000000    0x132d0
 .debug_macro   0x00000000      0x101 Src/fsm.o
 .debug_macro   0x00000101       0x4c Src/fsm.o
 .debug_macro   0x0000014d       0x8d Src/fsm.o
 .debug_macro   0x000001da       0x35 Src/fsm.o
 .debug_macro   0x0000020f       0x9c Src/fsm.o
 .debug_macro   0x000002ab       0x16 Src/fsm.o
 .debug_macro   0x000002c1      0x10e Src/fsm.o
 .debug_macro   0x000003cf       0x8d Src/fsm.o
 .debug_macro   0x0000045c       0x4a Src/fsm.o
 .debug_macro   0x000004a6       0x52 Src/fsm.o
 .debug_macro   0x000004f8       0x1f Src/fsm.o
 .debug_macro   0x00000517       0x43 Src/fsm.o
 .debug_macro   0x0000055a       0x20 Src/fsm.o
 .debug_macro   0x0000057a      0x187 Src/fsm.o
 .debug_macro   0x00000701      0x30d Src/fsm.o
 .debug_macro   0x00000a0e       0x16 Src/fsm.o
 .debug_macro   0x00000a24       0x29 Src/fsm.o
 .debug_macro   0x00000a4d      0x315 Src/ldr.o
 .debug_macro   0x00000d62       0xa4 Src/ldr.o
 .debug_macro   0x00000e06       0x2e Src/ldr.o
 .debug_macro   0x00000e34       0x22 Src/ldr.o
 .debug_macro   0x00000e56       0x34 Src/ldr.o
 .debug_macro   0x00000e8a       0x26 Src/ldr.o
 .debug_macro   0x00000eb0      0x30d Src/ldr.o
 .debug_macro   0x000011bd     0x8ba9 Src/ldr.o
 .debug_macro   0x00009d66       0x3c Src/ldr.o
 .debug_macro   0x00009da2     0x3408 Src/ldr.o
 .debug_macro   0x0000d1aa       0x52 Src/ldr.o
 .debug_macro   0x0000d1fc       0x16 Src/ldr.o
 .debug_macro   0x0000d212       0x97 Src/ldr.o
 .debug_macro   0x0000d2a9       0xfd Src/ldr.o
 .debug_macro   0x0000d3a6       0x10 Src/ldr.o
 .debug_macro   0x0000d3b6       0x10 Src/ldr.o
 .debug_macro   0x0000d3c6       0x1c Src/ldr.o
 .debug_macro   0x0000d3e2       0x52 Src/ldr.o
 .debug_macro   0x0000d434       0x40 Src/ldr.o
 .debug_macro   0x0000d474       0x10 Src/ldr.o
 .debug_macro   0x0000d484       0x40 Src/ldr.o
 .debug_macro   0x0000d4c4       0xd7 Src/ldr.o
 .debug_macro   0x0000d59b       0x16 Src/ldr.o
 .debug_macro   0x0000d5b1      0x18b Src/ldr.o
 .debug_macro   0x0000d73c       0x49 Src/ldr.o
 .debug_macro   0x0000d785      0x931 Src/ldr.o
 .debug_macro   0x0000e0b6      0x252 Src/ldr.o
 .debug_macro   0x0000e308      0x13a Src/ldr.o
 .debug_macro   0x0000e442      0x114 Src/ldr.o
 .debug_macro   0x0000e556      0x1ed Src/ldr.o
 .debug_macro   0x0000e743       0x34 Src/ldr.o
 .debug_macro   0x0000e777       0x43 Src/ldr.o
 .debug_macro   0x0000e7ba       0x29 Src/ldr.o
 .debug_macro   0x0000e7e3      0x344 Src/ldr.o
 .debug_macro   0x0000eb27       0xd6 Src/ldr.o
 .debug_macro   0x0000ebfd       0xcb Src/ldr.o
 .debug_macro   0x0000ecc8       0xd9 Src/ldr.o
 .debug_macro   0x0000eda1       0xb6 Src/ldr.o
 .debug_macro   0x0000ee57      0x199 Src/ldr.o
 .debug_macro   0x0000eff0      0x202 Src/ldr.o
 .debug_macro   0x0000f1f2       0x61 Src/ldr.o
 .debug_macro   0x0000f253       0x90 Src/ldr.o
 .debug_macro   0x0000f2e3       0x4d Src/ldr.o
 .debug_macro   0x0000f330      0x114 Src/ldr.o
 .debug_macro   0x0000f444      0x10d Src/ldr.o
 .debug_macro   0x0000f551      0x315 Src/led.o
 .debug_macro   0x0000f866      0x41f Src/main.o
 .debug_macro   0x0000fc85       0x16 Src/main.o
 .debug_macro   0x0000fc9b       0xcc Src/main.o
 .debug_macro   0x0000fd67       0x91 Src/main.o
 .debug_macro   0x0000fdf8       0xb0 Src/main.o
 .debug_macro   0x0000fea8       0x7f Src/main.o
 .debug_macro   0x0000ff27       0xcf Src/main.o
 .debug_macro   0x0000fff6      0x40c Src/reactor.o
 .debug_macro   0x00010402       0x3a Src/reactor.o
 .debug_macro   0x0001043c       0xaa Src/reactor.o
 .debug_macro   0x000104e6       0x35 Src/reactor.o
 .debug_macro   0x0001051b      0x307 Src/stm32f0xx_hal_msp.o
 .debug_macro   0x00010822      0x3d4 Src/stm32f0xx_it.o
 .debug_macro   0x00010bf6      0x307 Src/system_stm32f0xx.o
 .debug_macro   0x00010efd      0x18b Middlewares/Third_Party/FreeRTOS/Source/list.o
 .debug_macro   0x00011088      0x207 Middlewares/Third_Party/FreeRTOS/Source/queue.o
 .debug_macro   0x0001128f       0x16 Middlewares/Third_Party/FreeRTOS/Source/queue.o
 .debug_macro   0x000112a5      0x24a Middlewares/Third_Party/FreeRTOS/Source/tasks.o
 .debug_macro   0x000114ef       0x11 Middlewares/Third_Party/FreeRTOS/Source/tasks.o
 .debug_macro   0x00011500      0x1b2 Middlewares/Third_Party/FreeRTOS/Source/portable/MemMang/heap_4.o
 .debug_macro   0x000116b2      0x14c Middlewares/Third_Party/FreeRTOS/Source/portable/GCC/ARM_CM0/port.o
 .debug_macro   0x000117fe      0x1f6 Middlewares/Third_Party/FreeRTOS/Source/CMSIS_RTOS/cmsis_os.o
 .debug_macro   0x000119f4       0x10 Middlewares/Third_Party/FreeRTOS/Source/CMSIS_RTOS/cmsis_os.o
 .debug_macro   0x00011a04      0x32b Drivers/STM32F0xx_HAL_Driver/Src/stm32f0xx_hal.o
 .debug_macro   0x00011d2f      0x32b Drivers/STM32F0xx_HAL_Driver/Src/stm32f0xx_hal_adc.o
 .debug_macro   0x0001205a      0x307 Drivers/STM32F0xx_HAL_Driver/Src/stm32f0xx_hal_cortex.o
 .debug_macro   0x00012361      0x308 Drivers/STM32F0xx_HAL_Driver/Src/stm32f0xx_hal_dac.o
 .debug_macro   0x00012669      0x307 Drivers/STM32F0xx_HAL_Driver/Src/stm32f0xx_hal_dac_ex.o
 .debug_macro   0x00012970      0x340 Drivers/STM32F0xx_HAL_Driver/Src/stm32f0xx_hal_gpio.o
 .debug_macro   0x00012cb0      0x307 Drivers/STM32F0xx_HAL_Driver/Src/stm32f0xx_hal_pwr.o
 .debug_macro   0x00012fb7      0x319 Drivers/STM32F0xx_HAL_Driver/Src/stm32f0xx_hal_rcc.o

.debug_str      0x00000000    0x6c664
 .debug_str     0x00000000     0x5142 Src/fsm.o
                               0x525d (size before relaxing)
 .debug_str     0x00005142    0x5e1a2 Src/ldr.o
                              0x6346f (size before relaxing)
 .debug_str     0x000632e4      0x136 Src/led.o
                              0x633c4 (size before relaxing)
 .debug_str     0x0006341a     0x5cee Src/main.o
                              0x6935d (size before relaxing)
 .debug_str     0x00069108       0xaf Src/reactor.o
                              0x68704 (size before relaxing)
 .debug_str     0x000691b7       0x94 Src/stm32f0xx_hal_msp.o
                              0x637f7 (size before relaxing)
 .debug_str     0x0006924b       0x94 Src/stm32f0xx_it.o
                              0x6885c (size before relaxing)
 .debug_str     0x000692df       0x86 Src/system_stm32f0xx.o
                              0x63188 (size before relaxing)
 .debug_str     0x00069365      0x154 Middlewares/Third_Party/FreeRTOS/Source/list.o
                               0x8c9f (size before relaxing)
 .debug_str     0x000694b9      0x82b Middlewares/Third_Party/FreeRTOS/Source/queue.o
                               0xa645 (size before relaxing)
 .debug_str     0x00069ce4      0xf8a Middlewares/Third_Party/FreeRTOS/Source/tasks.o
                               0xadd8 (size before relaxing)
 .debug_str     0x0006ac6e      0x243 Middlewares/Third_Party/FreeRTOS/Source/portable/MemMang/heap_4.o
                               0x9572 (size before relaxing)
 .debug_str     0x0006aeb1      0x3f3 Middlewares/Third_Party/FreeRTOS/Source/portable/GCC/ARM_CM0/port.o
                               0x7065 (size before relaxing)
 .debug_str     0x0006b2a4      0x5d3 Middlewares/Third_Party/FreeRTOS/Source/CMSIS_RTOS/cmsis_os.o
                               0xbd2f (size before relaxing)
 .debug_str     0x0006b877      0x29c Drivers/STM32F0xx_HAL_Driver/Src/stm32f0xx_hal.o
                              0x6364b (size before relaxing)
 .debug_str     0x0006bb13      0x2e4 Drivers/STM32F0xx_HAL_Driver/Src/stm32f0xx_hal_adc.o
                              0x637ed (size before relaxing)
 .debug_str     0x0006bdf7      0x174 Drivers/STM32F0xx_HAL_Driver/Src/stm32f0xx_hal_cortex.o
                              0x63531 (size before relaxing)
 .debug_str     0x0006bf6b       0xc9 Drivers/STM32F0xx_HAL_Driver/Src/stm32f0xx_hal_dac.o
                              0x63519 (size before relaxing)
 .debug_str     0x0006c034      0x12c Drivers/STM32F0xx_HAL_Driver/Src/stm32f0xx_hal_dac_ex.o
                              0x635a3 (size before relaxing)
 .debug_str     0x0006c160      0x1a4 Drivers/STM32F0xx_HAL_Driver/Src/stm32f0xx_hal_gpio.o
                              0x633f1 (size before relaxing)
 .debug_str     0x0006c304      0x188 Drivers/STM32F0xx_HAL_Driver/Src/stm32f0xx_hal_pwr.o
                              0x632dc (size before relaxing)
 .debug_str     0x0006c48c      0x1d8 Drivers/STM32F0xx_HAL_Driver/Src/stm32f0xx_hal_rcc.o
                              0x635a1 (size before relaxing)

.comment        0x00000000       0x6e
 .comment       0x00000000       0x6e Src/fsm.o
                                 0x6f (size before relaxing)
 .comment       0x0000006e       0x6f Src/ldr.o
 .comment       0x0000006e       0x6f Src/led.o
 .comment       0x0000006e       0x6f Src/main.o
 .comment       0x0000006e       0x6f Src/reactor.o
 .comment       0x0000006e       0x6f Src/stm32f0xx_hal_msp.o
 .comment       0x0000006e       0x6f Src/stm32f0xx_it.o
 .comment       0x0000006e       0x6f Src/system_stm32f0xx.o
 .comment       0x0000006e       0x6f Middlewares/Third_Party/FreeRTOS/Source/list.o
 .comment       0x0000006e       0x6f Middlewares/Third_Party/FreeRTOS/Source/queue.o
 .comment       0x0000006e       0x6f Middlewares/Third_Party/FreeRTOS/Source/tasks.o
 .comment       0x0000006e       0x6f Middlewares/Third_Party/FreeRTOS/Source/portable/MemMang/heap_4.o
 .comment       0x0000006e       0x6f Middlewares/Third_Party/FreeRTOS/Source/portable/GCC/ARM_CM0/port.o
 .comment       0x0000006e       0x6f Middlewares/Third_Party/FreeRTOS/Source/CMSIS_RTOS/cmsis_os.o
 .comment       0x0000006e       0x6f Drivers/STM32F0xx_HAL_Driver/Src/stm32f0xx_hal.o
 .comment       0x0000006e       0x6f Drivers/STM32F0xx_HAL_Driver/Src/stm32f0xx_hal_adc.o
 .comment       0x0000006e       0x6f Drivers/STM32F0xx_HAL_Driver/Src/stm32f0xx_hal_cortex.o
 .comment       0x0000006e       0x6f Drivers/STM32F0xx_HAL_Driver/Src/stm32f0xx_hal_dac.o
 .comment       0x0000006e       0x6f Drivers/STM32F0xx_HAL_Driver/Src/stm32f0xx_hal_dac_ex.o
 .comment       0x0000006e       0x6f Drivers/STM32F0xx_HAL_Driver/Src/stm32f0xx_hal_gpio.o
 .comment       0x0000006e       0x6f Drivers/STM32F0xx_HAL_Driver/Src/stm32f0xx_hal_pwr.o
 .comment       0x0000006e       0x6f Drivers/STM32F0xx_HAL_Driver/Src/stm32f0xx_hal_rcc.o

.debug_frame    0x00000000     0x1d5c
 .debug_frame   0x00000000       0x54 Src/fsm.o
 .debug_frame   0x00000054       0x80 Src/ldr.o
 .debug_frame   0x000000d4       0x58 Src/led.o
 .debug_frame   0x0000012c      0x1a0 Src/main.o
 .debug_frame   0x000002cc       0xc0 Src/reactor.o
 .debug_frame   0x0000038c       0x9c Src/stm32f0xx_hal_msp.o
 .debug_frame   0x00000428       0x58 Src/stm32f0xx_it.o
 .debug_frame   0x00000480       0x3c Src/system_stm32f0xx.o
 .debug_frame   0x000004bc       0x6c Middlewares/Third_Party/FreeRTOS/Source/list.o
 .debug_frame   0x00000528      0x254 Middlewares/Third_Party/FreeRTOS/Source/queue.o
 .debug_frame   0x0000077c      0x4cc Middlewares/Third_Party/FreeRTOS/Source/tasks.o
 .debug_frame   0x00000c48       0x9c Middlewares/Third_Party/FreeRTOS/Source/portable/MemMang/heap_4.o
 .debug_frame   0x00000ce4       0xf8 Middlewares/Third_Party/FreeRTOS/Source/portable/GCC/ARM_CM0/port.o
 .debug_frame   0x00000ddc      0x4cc Middlewares/Third_Party/FreeRTOS/Source/CMSIS_RTOS/cmsis_os.o
 .debug_frame   0x000012a8      0x144 Drivers/STM32F0xx_HAL_Driver/Src/stm32f0xx_hal.o
 .debug_frame   0x000013ec      0x2d8 Drivers/STM32F0xx_HAL_Driver/Src/stm32f0xx_hal_adc.o
 .debug_frame   0x000016c4       0xe4 Drivers/STM32F0xx_HAL_Driver/Src/stm32f0xx_hal_cortex.o
 .debug_frame   0x000017a8      0x160 Drivers/STM32F0xx_HAL_Driver/Src/stm32f0xx_hal_dac.o
 .debug_frame   0x00001908       0xfc Drivers/STM32F0xx_HAL_Driver/Src/stm32f0xx_hal_dac_ex.o
 .debug_frame   0x00001a04       0xc0 Drivers/STM32F0xx_HAL_Driver/Src/stm32f0xx_hal_gpio.o
 .debug_frame   0x00001ac4       0xd8 Drivers/STM32F0xx_HAL_Driver/Src/stm32f0xx_hal_pwr.o
 .debug_frame   0x00001b9c      0x12c Drivers/STM32F0xx_HAL_Driver/Src/stm32f0xx_hal_rcc.o
 .debug_frame   0x00001cc8       0x20 c:/program files/eclipse/eclipse/plugins/fr.ac6.mcu.externaltools.arm-none.win32_1.13.1.201701200843/tools/compiler/bin/../lib/gcc/arm-none-eabi/5.4.1/armv6-m\libgcc.a(_udivsi3.o)
 .debug_frame   0x00001ce8       0x2c c:/program files/eclipse/eclipse/plugins/fr.ac6.mcu.externaltools.arm-none.win32_1.13.1.201701200843/tools/compiler/bin/../lib/gcc/arm-none-eabi/5.4.1/../../../../arm-none-eabi/lib/armv6-m\libc_nano.a(lib_a-init.o)
 .debug_frame   0x00001d14       0x28 c:/program files/eclipse/eclipse/plugins/fr.ac6.mcu.externaltools.arm-none.win32_1.13.1.201701200843/tools/compiler/bin/../lib/gcc/arm-none-eabi/5.4.1/../../../../arm-none-eabi/lib/armv6-m\libc_nano.a(lib_a-memcpy-stub.o)
 .debug_frame   0x00001d3c       0x20 c:/program files/eclipse/eclipse/plugins/fr.ac6.mcu.externaltools.arm-none.win32_1.13.1.201701200843/tools/compiler/bin/../lib/gcc/arm-none-eabi/5.4.1/../../../../arm-none-eabi/lib/armv6-m\libc_nano.a(lib_a-memset.o)
